1744371843,bronze-class-deploy-210-998865cf-7tv9d_default,bronze-controller-210,0.500000,0,average,1744371842,273,5,805,false,0.742386,0.257103,273,5,805,0
1744371843,bronze-class-deploy-205-5c9d48864f-tz7fc_default,bronze-controller-205,0.500000,0,average,1744371841,172,6,2304,false,0.927659,1.055434,172,6,2304,0
1744371844,bronze-class-deploy-208-7df78778d6-dtktc_default,bronze-controller-208,0.500000,0,average,1744371841,673,4,2361,false,0.776833,0.836390,673,4,2361,0
1744371844,bronze-class-deploy-207-57d996cbf5-p6d8p_default,bronze-controller-207,0.500000,0,average,1744371841,472,4,3056,false,0.865004,1.285079,472,4,3056,0
1744371844,bronze-class-deploy-206-56548cb668-fvbs2_default,bronze-controller-206,0.500000,0,average,1744371841,372,6,3355,false,0.898517,1.481964,372,6,3355,0
1744371845,bronze-class-deploy-201-698756687c-9glng_default,bronze-controller-201,0.500000,0,average,1744371840,372,7,5106,false,0.930866,2.356653,372,7,5106,0
1744371845,bronze-class-deploy-204-57447dc6b6-vz8mg_default,bronze-controller-204,0.500000,0,average,1744371840,724,2,5109,false,0.875367,2.188455,724,2,5109,0
1744371846,bronze-class-deploy-203-7d4b886cd7-nskx6_default,bronze-controller-203,0.500000,0,average,1744371840,575,2,5958,false,0.911578,2.687731,575,2,5958,0
1744371846,bronze-class-deploy-202-545b74cf84-j5lhl_default,bronze-controller-202,0.500000,0,average,1744371840,474,5,6205,false,0.928167,2.857061,474,5,6205,0
1744371847,bronze-class-deploy-200-5b967944d6-b62hm_default,bronze-controller-200,0.500000,0,average,1744371839,724,2,7807,false,0.914817,3.537243,724,2,7807,0
1744371849,bronze-class-deploy-198-54d6654c94-vjxrp_default,bronze-controller-198,0.500000,0,average,1744371839,474,2,9958,false,0.954254,4.738025,474,2,9958,0
1744371851,bronze-class-deploy-196-bcd5d8f7b-l4gwl_default,bronze-controller-196,0.500000,0,average,1744371838,874,4,12303,false,0.933294,5.707417,874,4,12303,0
1744371852,bronze-class-deploy-193-59b54c78ff-28bxj_default,bronze-controller-193,0.500000,0,average,1744371838,324,2,14459,false,0.977850,7.063395,324,2,14459,0
1744371852,bronze-class-deploy-194-5756c5ddf4-thdtj_default,bronze-controller-194,0.500000,0,average,1744371838,374,4,14604,false,0.974696,7.108392,374,4,14604,0
1744371853,bronze-class-deploy-188-7d9975bfd7-dfnxp_default,bronze-controller-188,0.500000,0,average,1744371837,376,7,15651,false,0.976067,7.626202,376,7,15651,0
1744371855,bronze-class-deploy-190-849f9c476b-6j9jb_default,bronze-controller-190,0.500000,0,average,1744371837,673,5,17405,false,0.962434,8.357618,673,5,17405,0
1744371855,bronze-class-deploy-189-65cd6bcffb-sv4lw_default,bronze-controller-189,0.500000,0,average,1744371837,422,5,18205,false,0.977006,8.882904,422,5,18205,0
1744371855,bronze-class-deploy-191-6c556fc55c-d8z7j_default,bronze-controller-191,0.500000,0,average,1744371837,924,2,17809,false,0.950516,8.438704,924,2,17809,0
1744371856,bronze-class-deploy-185-7755fc7d68-fb88d_default,bronze-controller-185,0.500000,0,average,1744371836,676,5,19754,false,0.966630,9.531147,676,5,19754,0
1744371856,bronze-class-deploy-181-7b66d4f856-g5m82_default,bronze-controller-181,0.500000,0,average,1744371836,73,9,20551,false,0.995978,10.224610,73,9,20551,0
1744371856,bronze-class-deploy-183-764ffb7bfd-zhxt2_default,bronze-controller-183,0.500000,0,average,1744371836,326,3,20506,false,0.984167,10.085426,326,3,20506,0
1744371857,bronze-class-deploy-182-6795c8f489-nppj5_default,bronze-controller-182,0.500000,0,average,1744371836,174,6,21303,false,0.991578,10.554967,174,6,21303,0
1744371857,bronze-class-deploy-186-c6d74b6df-76hm6_default,bronze-controller-186,0.500000,0,average,1744371836,975,5,20755,false,0.954861,9.882030,975,5,20755,0
1744371857,bronze-class-deploy-179-6669cf4567-gg4cp_default,bronze-controller-179,0.500000,0,average,1744371835,125,5,22806,false,0.994315,11.332897,125,5,22806,0
1744371858,bronze-class-deploy-180-f7695464c-cr76n_default,bronze-controller-180,0.500000,0,average,1744371835,624,2,23058,false,0.973508,11.212788,624,2,23058,0
1744371860,bronze-class-deploy-174-595c94b464-ft56f_default,bronze-controller-174,0.500000,0,average,1744371834,225,3,26206,false,0.991337,12.985705,225,3,26206,0
1744371860,bronze-class-deploy-177-c676977c-zwjf4_default,bronze-controller-177,0.500000,0,average,1744371834,824,3,26117,false,0.969277,12.641674,824,3,26117,0
1744371862,bronze-class-deploy-173-6d77d9d6f-2mt4v_default,bronze-controller-173,0.500000,0,average,1744371834,76,4,28553,false,0.997172,14.231844,76,4,28553,0
1744371862,bronze-class-deploy-175-798f7c8fd7-jj4nq_default,bronze-controller-175,0.500000,0,average,1744371834,622,4,28056,false,0.978114,13.709674,622,4,28056,0
1744371863,bronze-class-deploy-170-68b674db44-rcp5f_default,bronze-controller-170,0.500000,0,average,1744371833,575,5,29604,false,0.980760,14.506898,575,5,29604,0
1744375395,bronze-class-deploy-1-bcc6465f5-jrjnx_default,bronze-controller-1,0.500000,0,average,1744371797,476,6,3597847,false,0.999866,1798.676039,476,6,3597847,0
1744375395,bronze-class-deploy-10-544ff9d8b5-r9c6g_default,bronze-controller-10,0.500000,0,average,1744371798,472,5,3596860,false,0.999867,1798.186377,472,5,3596860,0
1744375395,bronze-class-deploy-100-7f7458f48c-rld2t_default,bronze-controller-100,0.500000,0,average,1744371817,875,4,3577463,false,0.999754,1788.286735,875,4,3577463,0
1744375395,bronze-class-deploy-101-75dd58d8-8p7s4_default,bronze-controller-101,0.500000,0,average,1744371818,624,6,3576719,false,0.999824,1788.038708,624,6,3576719,0
1744375395,bronze-class-deploy-102-7c9b6b4f9c-gn455_default,bronze-controller-102,0.500000,0,average,1744371818,675,5,3576679,false,0.999810,1787.993751,675,5,3576679,0
1744375395,bronze-class-deploy-104-66bfb57fdc-vcpn9_default,bronze-controller-104,0.500000,0,average,1744371818,922,4,3576434,false,0.999741,1787.748980,922,4,3576434,0
1744375395,bronze-class-deploy-105-6d74565cbd-p6kkl_default,bronze-controller-105,0.500000,0,average,1744371819,124,4,3576243,false,0.999964,1788.052514,124,4,3576243,0
1744375395,bronze-class-deploy-106-7fbcdf48c7-8sgvs_default,bronze-controller-106,0.500000,0,average,1744371819,524,6,3575891,false,0.999851,1787.673998,524,6,3575891,0
1744375396,bronze-class-deploy-107-698ddc775d-8rjqv_default,bronze-controller-107,0.500000,0,average,1744371819,673,4,3576444,false,0.999810,1787.878197,673,4,3576444,0
1744375404,bronze-class-deploy-108-567476c4c5-jzx4g_default,bronze-controller-108,0.500000,0,average,1744371819,824,6,3584441,false,0.999768,1791.798399,824,6,3584441,0
1744375404,bronze-class-deploy-110-5846f6fcc8-kgrvz_default,bronze-controller-110,0.500000,0,average,1744371820,273,5,3584694,false,0.999922,1792.201369,273,5,3584694,0
1744375405,bronze-class-deploy-111-6ddc7bd769-txx8h_default,bronze-controller-111,0.500000,0,average,1744371820,673,5,3584493,false,0.999810,1791.901262,673,5,3584493,0
1744375405,bronze-class-deploy-115-54f49dbdb9-72bm4_default,bronze-controller-115,0.500000,0,average,1744371821,225,2,3584169,false,0.999936,1791.967690,225,2,3584169,0
1744375406,bronze-class-deploy-116-7f54bbc996-xz8d8_default,bronze-controller-116,0.500000,0,average,1744371821,673,5,3584442,false,0.999811,1791.876944,673,5,3584442,0
1744375406,bronze-class-deploy-117-6cd9c784cf-4k2s6_default,bronze-controller-117,0.500000,0,average,1744371821,774,2,3584545,false,0.999783,1791.880975,774,2,3584545,0
1744375407,bronze-class-deploy-118-5df75cc698-96ppr_default,bronze-controller-118,0.500000,0,average,1744371821,973,5,3585043,false,0.999727,1792.027039,973,5,3585043,0
1744375407,bronze-class-deploy-119-7f5698955c-6svtd_default,bronze-controller-119,0.500000,0,average,1744371822,272,4,3585120,false,0.999923,1792.417230,272,4,3585120,0
1744375408,bronze-class-deploy-12-58bdf8c7c9-vswd8_default,bronze-controller-12,0.500000,0,average,1744371798,875,7,3609214,false,0.999755,1804.158570,875,7,3609214,0
1744375408,bronze-class-deploy-120-7448644d7c-c827s_default,bronze-controller-120,0.500000,0,average,1744371822,525,4,3585793,false,0.999852,1792.626560,525,4,3585793,0
1744375409,bronze-class-deploy-121-ddcd6479d-cw4hl_default,bronze-controller-121,0.500000,0,average,1744371822,974,4,3586565,false,0.999727,1792.788347,974,4,3586565,0
1744375409,bronze-class-deploy-122-68bc999755-nq49h_default,bronze-controller-122,0.500000,0,average,1744371823,175,5,3586566,false,0.999950,1793.187712,175,5,3586566,0
1744375410,bronze-class-deploy-123-f9877b5b4-hqns7_default,bronze-controller-123,0.500000,0,average,1744371823,222,5,3587743,false,0.999936,1793.751495,222,5,3587743,0
1744375411,bronze-class-deploy-124-5b87668845-dpjpm_default,bronze-controller-124,0.500000,0,average,1744371823,376,3,3587767,false,0.999894,1793.691171,376,3,3587767,0
1744375411,bronze-class-deploy-125-7954b7fc58-vll8w_default,bronze-controller-125,0.500000,0,average,1744371823,573,4,3587769,false,0.999839,1793.591251,573,4,3587769,0
1744375412,bronze-class-deploy-126-6b779f9447-9ftvq_default,bronze-controller-126,0.500000,0,average,1744371823,976,2,3588568,false,0.999727,1793.791243,976,2,3588568,0
1744375412,bronze-class-deploy-13-698b8c4fc8-zsnx9_default,bronze-controller-13,0.500000,0,average,1744371799,25,3,3613568,false,0.999992,1806.765878,25,3,3613568,0
1744375412,bronze-class-deploy-131-5ccf4ddff5-bnqg8_default,bronze-controller-131,0.500000,0,average,1744371824,974,2,3587646,false,0.999728,1793.331767,974,2,3587646,0
1744375412,bronze-class-deploy-132-698487d44b-6nk55_default,bronze-controller-132,0.500000,0,average,1744371825,22,4,3587620,false,0.999992,1793.791667,22,4,3587620,0
1744375412,bronze-class-deploy-133-5b4c694d9c-twr7l_default,bronze-controller-133,0.500000,0,average,1744371825,373,5,3587294,false,0.999894,1793.452101,373,5,3587294,0
1744375412,bronze-class-deploy-134-d4dfffb4-m5vzf_default,bronze-controller-134,0.500000,0,average,1744371825,429,3,3587265,false,0.999879,1793.412785,429,3,3587265,0
1744375412,bronze-class-deploy-135-78b9695495-b9mck_default,bronze-controller-135,0.500000,0,average,1744371825,776,5,3586941,false,0.999782,1793.075214,776,5,3586941,0
1744375412,bronze-class-deploy-136-6bfd54cd94-jcl2q_default,bronze-controller-136,0.500000,0,average,1744371825,823,5,3586918,false,0.999769,1793.038817,823,5,3586918,0
1744375412,bronze-class-deploy-137-b7bf7fc77-k4647_default,bronze-controller-137,0.500000,0,average,1744371826,23,5,3586743,false,0.999992,1793.352496,23,5,3586743,0
1744375412,bronze-class-deploy-138-745bb57cc6-x6htr_default,bronze-controller-138,0.500000,0,average,1744371826,273,5,3586517,false,0.999922,1793.114201,273,5,3586517,0
1744375412,bronze-class-deploy-14-7858b5645-g5qtp_default,bronze-controller-14,0.500000,0,average,1744371799,224,2,3613595,false,0.999937,1806.681832,224,2,3613595,0
1744375412,bronze-class-deploy-140-677b77d775-whhxs_default,bronze-controller-140,0.500000,0,average,1744371826,775,2,3586068,false,0.999783,1792.642168,775,2,3586068,0
1744375412,bronze-class-deploy-141-64d9d9ffb4-4j4cs_default,bronze-controller-141,0.500000,0,average,1744371827,371,4,3585497,false,0.999895,1792.555285,371,4,3585497,0
1744375412,bronze-class-deploy-142-856fd4bb69-pclx7_default,bronze-controller-142,0.500000,0,average,1744371827,422,7,3585467,false,0.999880,1792.511981,422,7,3585467,0
1744375412,bronze-class-deploy-143-59d5fd7c54-wnwc5_default,bronze-controller-143,0.500000,0,average,1744371827,577,5,3585338,false,0.999838,1792.372594,577,5,3585338,0
1744375413,bronze-class-deploy-172-7f7f74d5db-2wxpz_default,bronze-controller-172,0.500000,0,average,1744371833,925,3,3579993,false,0.999741,1789.529555,925,3,3579993,0
1744375413,bronze-class-deploy-145-666549dd-qhjl8_default,bronze-controller-145,0.500000,0,average,1744371827,925,2,3586016,false,0.999741,1792.541214,925,2,3586016,0
1744375413,bronze-class-deploy-148-859dcd8799-sz5np_default,bronze-controller-148,0.500000,0,average,1744371828,573,4,3585392,false,0.999839,1792.402645,573,4,3585392,0
1744375413,bronze-class-deploy-149-5cb5d69884-6497n_default,bronze-controller-149,0.500000,0,average,1744371828,825,2,3585169,false,0.999769,1792.167933,825,2,3585169,0
1744375414,bronze-class-deploy-15-68fd6757b-bvdhd_default,bronze-controller-15,0.500000,0,average,1744371799,572,4,3614445,false,0.999840,1806.929465,572,4,3614445,0
1744375414,bronze-class-deploy-151-7674655d8f-sgsxr_default,bronze-controller-151,0.500000,0,average,1744371829,375,5,3584666,false,0.999894,1792.136970,375,5,3584666,0
1744375414,bronze-class-deploy-153-6557d655ff-xntqq_default,bronze-controller-153,0.500000,0,average,1744371829,625,3,3584443,false,0.999825,1791.904118,625,3,3584443,0
1744375414,bronze-class-deploy-155-76ff5d94bf-8cfpt_default,bronze-controller-155,0.500000,0,average,1744371830,25,4,3584067,false,0.999992,1792.014140,25,4,3584067,0
1744375414,bronze-class-deploy-156-6db8cbb96-89w2g_default,bronze-controller-156,0.500000,0,average,1744371830,372,4,3583744,false,0.999895,1791.678212,372,4,3583744,0
1744375414,bronze-class-deploy-157-96fb4b5cf-plg55_default,bronze-controller-157,0.500000,0,average,1744371830,522,4,3583620,false,0.999853,1791.542426,522,4,3583620,0
1744375414,bronze-class-deploy-158-f997b5b9d-zgjgv_default,bronze-controller-158,0.500000,0,average,1744371830,723,5,3583445,false,0.999797,1791.353302,723,5,3583445,0
1744375414,bronze-class-deploy-16-6d879f594c-49nfw_default,bronze-controller-16,0.500000,0,average,1744371799,774,3,3614420,false,0.999785,1806.818014,774,3,3614420,0
1744375414,bronze-class-deploy-162-7b769cc59-l5jcx_default,bronze-controller-162,0.500000,0,average,1744371831,823,6,3582392,false,0.999768,1790.773954,823,6,3582392,0
1744375414,bronze-class-deploy-163-fcd6457fb-cp4tq_default,bronze-controller-163,0.500000,0,average,1744371831,925,3,3582319,false,0.999741,1790.692310,925,3,3582319,0
1744375414,bronze-class-deploy-164-855bdfd78f-7xw9z_default,bronze-controller-164,0.500000,0,average,1744371832,122,5,3582144,false,0.999964,1791.003107,122,5,3582144,0
1744375414,bronze-class-deploy-165-56594d879d-dwb4w_default,bronze-controller-165,0.500000,0,average,1744371832,222,5,3582069,false,0.999936,1790.915478,222,5,3582069,0
1744375414,bronze-class-deploy-167-657f55785b-jw94s_default,bronze-controller-167,0.500000,0,average,1744371832,922,4,3581396,false,0.999741,1790.230169,922,4,3581396,0
1744375414,bronze-class-deploy-17-68d75d7db-5vzpq_default,bronze-controller-17,0.500000,0,average,1744371799,972,4,3614371,false,0.999730,1806.692891,972,4,3614371,0
1744375414,bronze-class-deploy-170-68b674db44-8gwmn_default,bronze-controller-170,0.500000,0,average,1744371864,3550372,0,0,false,0.008269,-3521.348036,3550948,5,29607,0
1744375414,bronze-class-deploy-171-599cc5bd7-rlg5n_default,bronze-controller-171,0.500000,0,average,1744371833,675,3,3580719,false,0.999811,1790.017561,675,3,3580719,0
1744375415,bronze-class-deploy-183-764ffb7bfd-z45pd_default,bronze-controller-183,0.500000,0,average,1744371858,3557147,0,0,false,0.005732,-3536.970835,3557474,3,20508,0
1744375415,bronze-class-deploy-185-7755fc7d68-swzrv_default,bronze-controller-185,0.500000,0,average,1744371857,3558172,0,0,false,0.005522,-3539.096393,3558848,5,19760,0
1744375415,bronze-class-deploy-186-c6d74b6df-vq6f9_default,bronze-controller-186,0.500000,0,average,1744371859,3556198,0,0,false,0.005802,-3536.422656,3557174,5,20759,0
1744375415,bronze-class-deploy-188-7d9975bfd7-gcdnx_default,bronze-controller-188,0.500000,0,average,1744371854,3561222,0,0,false,0.004376,-3545.955287,3561598,7,15654,0
1744375415,bronze-class-deploy-189-65cd6bcffb-gtxth_default,bronze-controller-189,0.500000,0,average,1744371856,3559245,0,0,false,0.005090,-3541.466069,3559668,5,18210,0
1744375415,bronze-class-deploy-19-6884d49cb8-mljlq_default,bronze-controller-19,0.500000,0,average,1744371800,226,3,3615040,false,0.999936,1807.401822,226,3,3615040,0
1744375415,bronze-class-deploy-190-849f9c476b-wqkcb_default,bronze-controller-190,0.500000,0,average,1744371856,3559295,0,0,false,0.004867,-3542.566769,3559969,5,17410,0
1744375415,bronze-class-deploy-191-6c556fc55c-hg87x_default,bronze-controller-191,0.500000,0,average,1744371857,3558322,0,0,false,0.004980,-3541.436144,3559246,2,17814,0
1744375415,bronze-class-deploy-193-59b54c78ff-d4qnk_default,bronze-controller-193,0.500000,0,average,1744371853,3562347,0,0,false,0.004043,-3548.214757,3562671,2,14461,0
1744375415,bronze-class-deploy-194-5756c5ddf4-pgsqp_default,bronze-controller-194,0.500000,0,average,1744371854,3561372,0,0,false,0.004086,-3547.142115,3561747,4,14612,0
1744375415,bronze-class-deploy-196-bcd5d8f7b-mbwsc_default,bronze-controller-196,0.500000,0,average,1744371852,3563395,0,0,false,0.003441,-3551.972154,3564270,4,12305,0
1744375415,bronze-class-deploy-173-6d77d9d6f-c2cmd_default,bronze-controller-173,0.500000,0,average,1744371863,3552420,0,0,false,0.007974,-3523.947501,3552497,4,28556,0
1744375415,bronze-class-deploy-174-595c94b464-vdwhj_default,bronze-controller-174,0.500000,0,average,1744371862,3553447,0,0,false,0.007321,-3527.469460,3553673,3,26208,0
1744375415,bronze-class-deploy-175-798f7c8fd7-dr9rb_default,bronze-controller-175,0.500000,0,average,1744371864,3551472,0,0,false,0.007838,-3524.042498,3552095,4,28059,0
1744375415,bronze-class-deploy-177-c676977c-9sbbc_default,bronze-controller-177,0.500000,0,average,1744371862,3553497,0,0,false,0.007295,-3528.205909,3554322,3,26120,0
1744375415,bronze-class-deploy-179-6669cf4567-47r8h_default,bronze-controller-179,0.500000,0,average,1744371859,3556522,0,0,false,0.006373,-3533.843305,3556647,5,22812,0
1744375415,bronze-class-deploy-18-8554695b7c-8k4jp_default,bronze-controller-18,0.500000,0,average,1744371800,173,4,3615370,false,0.999951,1807.591875,173,4,3615370,0
1744375415,bronze-class-deploy-180-f7695464c-f2hrw_default,bronze-controller-180,0.500000,0,average,1744371860,3555571,0,0,false,0.006443,-3533.139683,3556196,2,23060,0
1744375415,bronze-class-deploy-181-7b66d4f856-96clw_default,bronze-controller-181,0.500000,0,average,1744371858,3557596,0,0,false,0.005745,-3537.128986,3557669,9,20555,0
1744375415,bronze-class-deploy-182-6795c8f489-m964v_default,bronze-controller-182,0.500000,0,average,1744371859,3556623,0,0,false,0.005954,-3535.502466,3556798,6,21304,0
1744375416,bronze-class-deploy-198-54d6654c94-nnzd9_default,bronze-controller-198,0.500000,0,average,1744371850,3566147,0,0,false,0.002785,-3556.664407,3566622,2,9961,0
1744375416,bronze-class-deploy-2-6b75d47b6-ztczw_default,bronze-controller-2,0.500000,0,average,1744371797,567,5,3618599,false,0.999842,1809.008161,567,5,3618599,0
1744375416,bronze-class-deploy-20-6f4ff875d4-jqg9h_default,bronze-controller-20,0.500000,0,average,1744371800,625,3,3615569,false,0.999826,1807.467390,625,3,3615569,0
1744375416,bronze-class-deploy-200-5b967944d6-jw2zc_default,bronze-controller-200,0.500000,0,average,1744371848,3568222,0,0,false,0.002183,-3561.142317,3568946,2,7808,0
1744375416,bronze-class-deploy-201-698756687c-k78cb_default,bronze-controller-201,0.500000,0,average,1744371846,3570247,0,0,false,0.001429,-3565.520755,3570620,7,5109,0
1744375416,bronze-class-deploy-202-545b74cf84-g4trb_default,bronze-controller-202,0.500000,0,average,1744371847,3569271,0,0,false,0.001736,-3563.545602,3569745,5,6208,0
1744375416,bronze-class-deploy-203-7d4b886cd7-bh9x9_default,bronze-controller-203,0.500000,0,average,1744371847,3569295,0,0,false,0.001667,-3563.914146,3569870,2,5960,0
1744375416,bronze-class-deploy-204-57447dc6b6-88rtc_default,bronze-controller-204,0.500000,0,average,1744371846,3570321,0,0,false,0.001430,-3565.936963,3571046,2,5113,0
1744375416,bronze-class-deploy-205-5c9d48864f-gqccw_default,bronze-controller-205,0.500000,0,average,1744371843,3573348,0,0,false,0.000646,-3571.222428,3573521,6,2309,0
1744375416,bronze-class-deploy-206-56548cb668-qvsnc_default,bronze-controller-206,0.500000,0,average,1744371845,3571370,0,0,false,0.000939,-3568.394231,3571743,6,3358,0
1744375416,bronze-class-deploy-207-57d996cbf5-d8lbw_default,bronze-controller-207,0.500000,0,average,1744371844,3572397,0,0,false,0.000855,-3569.818642,3572869,4,3058,0
1744375416,bronze-class-deploy-208-7df78778d6-gzhc6_default,bronze-controller-208,0.500000,0,average,1744371844,3572422,0,0,false,0.000661,-3570.739040,3573095,4,2364,0
1744375416,bronze-class-deploy-210-998865cf-qf2vm_default,bronze-controller-210,0.500000,0,average,1744371843,3573447,0,0,false,0.000226,-3572.921349,3573721,5,808,0
1744375416,bronze-class-deploy-211-74c6464f44-vrk8s_default,bronze-controller-211,0.500000,0,average,1744371842,3574473,0,0,false,0.000000,-3576.873233,3574473,0,0,0
1744375416,bronze-class-deploy-212-d7bf54649-mck6p_default,bronze-controller-212,0.500000,0,average,1744371842,3574497,0,0,false,0.000000,-3576.897434,3574497,0,0,0
1744375416,bronze-class-deploy-213-777fcdb75d-mzzhx_default,bronze-controller-213,0.500000,0,average,1744371842,3574522,0,0,false,0.000000,-3576.922459,3574522,0,0,0
1744375416,bronze-class-deploy-215-b47f8cf56-268cd_default,bronze-controller-215,0.500000,0,average,1744371843,3573545,0,0,false,0.000000,-3575.945521,3573545,0,0,0
1744375416,bronze-class-deploy-217-b85c7b558-npfxb_default,bronze-controller-217,0.500000,0,average,1744371843,3573571,0,0,false,0.000000,-3575.971770,3573571,0,0,0
1744375416,bronze-class-deploy-22-597585bbb-46xfd_default,bronze-controller-22,0.500000,0,average,1744371801,275,5,3615316,false,0.999922,1807.512087,275,5,3615316,0
1744375416,bronze-class-deploy-220-7ddfbbfdd-c8l58_default,bronze-controller-220,0.500000,0,average,1744371844,3572622,0,0,false,0.000000,-3575.022304,3572622,0,0,0
1744375417,bronze-class-deploy-222-5c479cfc98-fcq8m_default,bronze-controller-222,0.500000,0,average,1744371845,3572147,0,0,false,0.000000,-3574.547530,3572147,0,0,0
1744375417,bronze-class-deploy-225-f84f5fcbc-9phk7_default,bronze-controller-225,0.500000,0,average,1744371845,3572171,0,0,false,0.000000,-3574.571765,3572171,0,0,0
1744375417,bronze-class-deploy-226-6dcb65fd-75mcs_default,bronze-controller-226,0.500000,0,average,1744371846,3571197,0,0,false,0.000000,-3573.597252,3571197,0,0,0
1744375417,bronze-class-deploy-229-6c6df7cdf5-jf4m7_default,bronze-controller-229,0.500000,0,average,1744371846,3571222,0,0,false,0.000000,-3573.622116,3571222,0,0,0
1744375417,bronze-class-deploy-23-789ddc74ff-vssm6_default,bronze-controller-23,0.500000,0,average,1744371801,324,4,3615917,false,0.999909,1807.789145,324,4,3615917,0
1744375417,bronze-class-deploy-230-66c4cd5df7-2mdmp_default,bronze-controller-230,0.500000,0,average,1744371847,3570272,0,0,false,0.000000,-3572.672066,3570272,0,0,0
1744375417,bronze-class-deploy-232-7bddf64d9f-l8q6r_default,bronze-controller-232,0.500000,0,average,1744371847,3570295,0,0,false,0.000000,-3572.695437,3570295,0,0,0
1744375417,bronze-class-deploy-233-cfbf8bf7b-vvhld_default,bronze-controller-233,0.500000,0,average,1744371848,3569322,0,0,false,0.000000,-3571.722934,3569322,0,0,0
1744375417,bronze-class-deploy-234-764657bc65-lnmsp_default,bronze-controller-234,0.500000,0,average,1744371848,3569347,0,0,false,0.000000,-3571.747611,3569347,0,0,0
1744375417,bronze-class-deploy-235-86855ddf8-sn4v9_default,bronze-controller-235,0.500000,0,average,1744371848,3569372,0,0,false,0.000000,-3571.772081,3569372,0,0,0
1744375417,bronze-class-deploy-236-dd4bcf87-9fzrf_default,bronze-controller-236,0.500000,0,average,1744371848,3569397,0,0,false,0.000000,-3571.797537,3569397,0,0,0
1744375417,bronze-class-deploy-237-7ff77dd4b4-9qb8z_default,bronze-controller-237,0.500000,0,average,1744371849,3568422,0,0,false,0.000000,-3570.822598,3568422,0,0,0
1744375417,bronze-class-deploy-239-5b4b77fc4-s6kdl_default,bronze-controller-239,0.500000,0,average,1744371849,3568445,0,0,false,0.000000,-3570.845191,3568445,0,0,0
1744375417,bronze-class-deploy-240-6c9bbfd64b-jjgdz_default,bronze-controller-240,0.500000,0,average,1744371849,3568472,0,0,false,0.000000,-3570.872106,3568472,0,0,0
1744375417,bronze-class-deploy-241-7d85b5457c-28npt_default,bronze-controller-241,0.500000,0,average,1744371850,3567497,0,0,false,0.000000,-3569.897385,3567497,0,0,0
1744375417,bronze-class-deploy-242-775bdcf44d-x6gc7_default,bronze-controller-242,0.500000,0,average,1744371850,3567522,0,0,false,0.000000,-3569.922218,3567522,0,0,0
1744375417,bronze-class-deploy-243-7c66d48759-988lk_default,bronze-controller-243,0.500000,0,average,1744371850,3567547,0,0,false,0.000000,-3569.947867,3567547,0,0,0
1744375417,bronze-class-deploy-244-586c489998-lwhpv_default,bronze-controller-244,0.500000,0,average,1744371850,3567571,0,0,false,0.000000,-3569.971560,3567571,0,0,0
1744375417,bronze-class-deploy-245-6b5fd9b985-fvfgx_default,bronze-controller-245,0.500000,0,average,1744371850,3567595,0,0,false,0.000000,-3569.995469,3567595,0,0,0
1744375417,bronze-class-deploy-246-6d4c957c8d-nw55b_default,bronze-controller-246,0.500000,0,average,1744371851,3566620,0,0,false,0.000000,-3569.020682,3566620,0,0,0
1744375418,bronze-class-deploy-248-88577556b-n8msn_default,bronze-controller-248,0.500000,0,average,1744371851,3567147,0,0,false,0.000000,-3569.547655,3567147,0,0,0
1744375418,bronze-class-deploy-249-577758d8f-c6t7l_default,bronze-controller-249,0.500000,0,average,1744371851,3567172,0,0,false,0.000000,-3569.572100,3567172,0,0,0
1744375418,bronze-class-deploy-250-66577bd899-r9sgn_default,bronze-controller-250,0.500000,0,average,1744371851,3567198,0,0,false,0.000000,-3569.598158,3567198,0,0,0
1744375418,bronze-class-deploy-251-85c48878fb-n2crj_default,bronze-controller-251,0.500000,0,average,1744371852,3566222,0,0,false,0.000000,-3568.622523,3566222,0,0,0
1744375418,bronze-class-deploy-252-7658d9f645-pklxq_default,bronze-controller-252,0.500000,0,average,1744371852,3566245,0,0,false,0.000000,-3568.645708,3566245,0,0,0
1744375418,bronze-class-deploy-253-6f9b799798-p8zfn_default,bronze-controller-253,0.500000,0,average,1744371852,3566270,0,0,false,0.000000,-3568.670557,3566270,0,0,0
1744375418,bronze-class-deploy-257-858867dbf8-d9nfp_default,bronze-controller-257,0.500000,0,average,1744371853,3565297,0,0,false,0.000000,-3567.697651,3565297,0,0,0
1744375418,bronze-class-deploy-258-5484bcf5ff-b2wck_default,bronze-controller-258,0.500000,0,average,1744371853,3565321,0,0,false,0.000000,-3567.721618,3565321,0,0,0
1744375418,bronze-class-deploy-259-67868b74dd-9sqlf_default,bronze-controller-259,0.500000,0,average,1744371853,3565347,0,0,false,0.000000,-3567.747746,3565347,0,0,0
1744375418,bronze-class-deploy-260-7f544c5cb-xjvg2_default,bronze-controller-260,0.500000,0,average,1744371853,3565372,0,0,false,0.000000,-3567.772928,3565372,0,0,0
1744375418,bronze-class-deploy-261-d648d4459-pnljd_default,bronze-controller-261,0.500000,0,average,1744371854,3564397,0,0,false,0.000000,-3566.797697,3564397,0,0,0
1744375418,bronze-class-deploy-262-86bcff8594-5h2xk_default,bronze-controller-262,0.500000,0,average,1744371854,3564423,0,0,false,0.000000,-3566.823377,3564423,0,0,0
1744375418,bronze-class-deploy-263-c4ff6fb97-5clsk_default,bronze-controller-263,0.500000,0,average,1744371854,3564449,0,0,false,0.000000,-3566.849764,3564449,0,0,0
1744375418,bronze-class-deploy-264-5d6bbcdd6d-js4xn_default,bronze-controller-264,0.500000,0,average,1744371854,3564473,0,0,false,0.000000,-3566.873094,3564473,0,0,0
1744375418,bronze-class-deploy-268-dc7c5d68-2w8gd_default,bronze-controller-268,0.500000,0,average,1744371855,3563495,0,0,false,0.000000,-3565.895341,3563495,0,0,0
1744375418,bronze-class-deploy-269-c65965db7-l5zzk_default,bronze-controller-269,0.500000,0,average,1744371855,3563522,0,0,false,0.000000,-3565.922845,3563522,0,0,0
1744375418,bronze-class-deploy-273-5c67b9bcc6-mrcz5_default,bronze-controller-273,0.500000,0,average,1744371856,3562547,0,0,false,0.000000,-3564.947263,3562547,0,0,0
1744375418,bronze-class-deploy-275-6ccffbcb9d-ph8kc_default,bronze-controller-275,0.500000,0,average,1744371857,3561572,0,0,false,0.000000,-3563.972886,3561572,0,0,0
1744375418,bronze-class-deploy-278-6558cc4dd5-tczkq_default,bronze-controller-278,0.500000,0,average,1744371858,3560597,0,0,false,0.000000,-3562.997449,3560597,0,0,0
1744375418,bronze-class-deploy-280-76c979fff8-bbfq5_default,bronze-controller-280,0.500000,0,average,1744371859,3559622,0,0,false,0.000000,-3562.022804,3559622,0,0,0
1744375419,bronze-class-deploy-281-7484dc6697-jdm4d_default,bronze-controller-281,0.500000,0,average,1744371859,3560147,0,0,false,0.000000,-3562.547343,3560147,0,0,0
1744375419,bronze-class-deploy-282-58db8f4c76-lwgjt_default,bronze-controller-282,0.500000,0,average,1744371859,3560172,0,0,false,0.000000,-3562.572397,3560172,0,0,0
1744375419,bronze-class-deploy-283-c77847c79-cz88z_default,bronze-controller-283,0.500000,0,average,1744371859,3560195,0,0,false,0.000000,-3562.595554,3560195,0,0,0
1744375419,bronze-class-deploy-284-7bc95b85bb-2x7ch_default,bronze-controller-284,0.500000,0,average,1744371859,3560220,0,0,false,0.000000,-3562.620485,3560220,0,0,0
1744375419,bronze-class-deploy-286-7775cb948d-rxkvq_default,bronze-controller-286,0.500000,0,average,1744371860,3559247,0,0,false,0.000000,-3561.647880,3559247,0,0,0
1744375419,bronze-class-deploy-288-5658bb6b86-dwbnc_default,bronze-controller-288,0.500000,0,average,1744371861,3558273,0,0,false,0.000000,-3560.673234,3558273,0,0,0
1744375419,bronze-class-deploy-289-756764b449-4z7r5_default,bronze-controller-289,0.500000,0,average,1744371861,3558297,0,0,false,0.000000,-3560.697404,3558297,0,0,0
1744375419,bronze-class-deploy-290-6c57946d55-6g45h_default,bronze-controller-290,0.500000,0,average,1744371861,3558322,0,0,false,0.000000,-3560.722629,3558322,0,0,0
1744375419,bronze-class-deploy-291-699554c74d-vwfhg_default,bronze-controller-291,0.500000,0,average,1744371861,3558347,0,0,false,0.000000,-3560.747389,3558347,0,0,0
1744375419,bronze-class-deploy-292-78997787c7-hmrpk_default,bronze-controller-292,0.500000,0,average,1744371861,3558372,0,0,false,0.000000,-3560.772770,3558372,0,0,0
1744375419,bronze-class-deploy-293-594dcd8c54-d4vlc_default,bronze-controller-293,0.500000,0,average,1744371861,3558395,0,0,false,0.000000,-3560.795480,3558395,0,0,0
1744375419,bronze-class-deploy-294-7f5dc7575f-bg88r_default,bronze-controller-294,0.500000,0,average,1744371862,3557420,0,0,false,0.000000,-3559.820219,3557420,0,0,0
1744375419,bronze-class-deploy-297-bcc687d78-qbg9p_default,bronze-controller-297,0.500000,0,average,1744371863,3556447,0,0,false,0.000000,-3558.847683,3556447,0,0,0
1744375419,bronze-class-deploy-3-78f44d87df-x4g4x_default,bronze-controller-3,0.500000,0,average,1744371797,657,6,3621810,false,0.999817,1810.566683,657,6,3621810,0
1744375419,bronze-class-deploy-30-7b44f7f779-nfdhz_default,bronze-controller-30,0.500000,0,average,1744371802,776,4,3616716,false,0.999784,1807.962800,776,4,3616716,0
1744375419,bronze-class-deploy-32-5b98fc599c-gjktp_default,bronze-controller-32,0.500000,0,average,1744371803,325,4,3616192,false,0.999909,1807.925993,325,4,3616192,0
1744375419,bronze-class-deploy-33-6974966ff6-8v7xv_default,bronze-controller-33,0.500000,0,average,1744371803,475,3,3616069,false,0.999868,1807.792104,475,3,3616069,0
1744375419,bronze-class-deploy-34-785c9767b7-hd9cr_default,bronze-controller-34,0.500000,0,average,1744371803,573,5,3615993,false,0.999840,1807.701744,573,5,3615993,0
1744375419,bronze-class-deploy-35-76cc9664cd-qqzgh_default,bronze-controller-35,0.500000,0,average,1744371803,725,4,3615867,false,0.999798,1807.563096,725,4,3615867,0
1744375419,bronze-class-deploy-36-78bb99cfcc-752vx_default,bronze-controller-36,0.500000,0,average,1744371804,225,5,3615391,false,0.999936,1807.575194,225,5,3615391,0
1744375420,bronze-class-deploy-40-7cc5759c9d-bv5dv_default,bronze-controller-40,0.500000,0,average,1744371805,73,4,3615069,false,0.999978,1807.490727,73,4,3615069,0
1744375420,bronze-class-deploy-41-556dfb4967-8r25f_default,bronze-controller-41,0.500000,0,average,1744371805,423,4,3614745,false,0.999882,1807.155211,423,4,3614745,0
1744375420,bronze-class-deploy-42-54bd89c684-5695l_default,bronze-controller-42,0.500000,0,average,1744371805,672,6,3614518,false,0.999812,1806.912839,672,6,3614518,0
1744375420,bronze-class-deploy-43-6fc7b66697-rgk77_default,bronze-controller-43,0.500000,0,average,1744371805,825,5,3614393,false,0.999770,1806.776102,825,5,3614393,0
1744375420,bronze-class-deploy-49-bc7b4669f-c7vxj_default,bronze-controller-49,0.500000,0,average,1744371806,873,5,3613369,false,0.999757,1806.240069,873,5,3613369,0
1744375420,bronze-class-deploy-51-667995bb5b-kmzkz_default,bronze-controller-51,0.500000,0,average,1744371807,427,3,3612841,false,0.999881,1806.201742,427,3,3612841,0
1744375420,bronze-class-deploy-52-677d77c7c5-tx22r_default,bronze-controller-52,0.500000,0,average,1744371807,623,4,3612669,false,0.999826,1806.015948,623,4,3612669,0
1744375420,bronze-class-deploy-54-84875b8bb5-b5nwb_default,bronze-controller-54,0.500000,0,average,1744371808,123,4,3612194,false,0.999964,1806.027994,123,4,3612194,0
1744375420,bronze-class-deploy-57-6fbfb676f8-mqz9s_default,bronze-controller-57,0.500000,0,average,1744371808,626,4,3611716,false,0.999825,1805.537503,626,4,3611716,0
1744375420,bronze-class-deploy-59-84457f5cb4-54v7n_default,bronze-controller-59,0.500000,0,average,1744371809,126,2,3611243,false,0.999964,1805.554291,126,2,3611243,0
1744375420,bronze-class-deploy-60-544986585b-7sv7x_default,bronze-controller-60,0.500000,0,average,1744371809,374,5,3611017,false,0.999895,1805.313883,374,5,3611017,0
1744375420,bronze-class-deploy-61-76d4c56677-8fn5d_default,bronze-controller-61,0.500000,0,average,1744371809,776,5,3610641,false,0.999784,1804.924989,776,5,3610641,0
1744375420,bronze-class-deploy-62-58fb57d586-tkqzb_default,bronze-controller-62,0.500000,0,average,1744371809,875,5,3610567,false,0.999756,1804.838521,875,5,3610567,0
1744375420,bronze-class-deploy-63-6df84b9bf9-2hjjd_default,bronze-controller-63,0.500000,0,average,1744371810,25,4,3610441,false,0.999992,1805.200750,25,4,3610441,0
1744375420,bronze-class-deploy-66-695885558b-trr8w_default,bronze-controller-66,0.500000,0,average,1744371810,673,4,3609819,false,0.999812,1804.565839,673,4,3609819,0
1744375420,bronze-class-deploy-68-6cbf9997f6-26swd_default,bronze-controller-68,0.500000,0,average,1744371811,174,5,3609341,false,0.999950,1804.575490,174,5,3609341,0
1744375420,bronze-class-deploy-69-6b84c67485-jzgsr_default,bronze-controller-69,0.500000,0,average,1744371811,373,4,3609169,false,0.999895,1804.391100,373,4,3609169,0
1744375420,bronze-class-deploy-70-7d7979d959-fmg7x_default,bronze-controller-70,0.500000,0,average,1744371811,523,5,3609044,false,0.999854,1804.252641,523,5,3609044,0
1744375420,bronze-class-deploy-72-56f4f6c645-d4qq9_default,bronze-controller-72,0.500000,0,average,1744371811,875,3,3608719,false,0.999757,1803.917702,875,3,3608719,0
1744375420,bronze-class-deploy-74-747f4b47d7-n782b_default,bronze-controller-74,0.500000,0,average,1744371812,424,5,3608193,false,0.999881,1803.876597,424,5,3608193,0
1744375421,bronze-class-deploy-75-86d9b78dbb-rmk92_default,bronze-controller-75,0.500000,0,average,1744371812,573,4,3608569,false,0.999840,1803.991309,573,4,3608569,0
1744375421,bronze-class-deploy-77-84dcf6b7d8-p2nqg_default,bronze-controller-77,0.500000,0,average,1744371813,24,5,3608142,false,0.999992,1804.051370,24,5,3608142,0
1744375421,bronze-class-deploy-78-85795745c5-tmnfh_default,bronze-controller-78,0.500000,0,average,1744371813,322,4,3607869,false,0.999909,1803.766903,322,4,3607869,0
1744375421,bronze-class-deploy-79-54474c84b-8ffdb_default,bronze-controller-79,0.500000,0,average,1744371813,522,4,3607696,false,0.999854,1803.580042,522,4,3607696,0
1744375421,bronze-class-deploy-8-5c766bb6d-qh87z_default,bronze-controller-8,0.500000,0,average,1744371798,222,6,3623017,false,0.999937,1811.387718,222,6,3623017,0
1744375421,bronze-class-deploy-80-66497775f8-klmnx_default,bronze-controller-80,0.500000,0,average,1744371813,572,4,3607695,false,0.999840,1803.555133,572,4,3607695,0
1744375421,bronze-class-deploy-81-58f7c75f9f-tjbm2_default,bronze-controller-81,0.500000,0,average,1744371814,224,6,3607064,false,0.999936,1803.410440,224,6,3607064,0
1744375421,bronze-class-deploy-82-7fd66d46b4-76mnt_default,bronze-controller-82,0.500000,0,average,1744371814,273,6,3607040,false,0.999922,1803.374014,273,6,3607040,0
1744375421,bronze-class-deploy-83-85cf5fbf6f-hn6pn_default,bronze-controller-83,0.500000,0,average,1744371814,425,2,3606918,false,0.999881,1803.242089,425,2,3606918,0
1744375421,bronze-class-deploy-84-5dddbc6794-s72j2_default,bronze-controller-84,0.500000,0,average,1744371814,575,3,3606794,false,0.999840,1803.104617,575,3,3606794,0
1744375421,bronze-class-deploy-85-6d89666759-xtznc_default,bronze-controller-85,0.500000,0,average,1744371815,24,6,3606366,false,0.999992,1803.162095,24,6,3606366,0
1744375421,bronze-class-deploy-86-85bdfcbf64-67p7f_default,bronze-controller-86,0.500000,0,average,1744371815,124,7,3606291,false,0.999963,1803.072514,124,7,3606291,0
1744375421,bronze-class-deploy-87-85d9fff5c7-n8ftf_default,bronze-controller-87,0.500000,0,average,1744371815,325,4,3606117,false,0.999908,1802.888747,325,4,3606117,0
1744375421,bronze-class-deploy-88-976fbdc4b-5f2wm_default,bronze-controller-88,0.500000,0,average,1744371815,523,4,3605944,false,0.999853,1802.703082,523,4,3605944,0
1744375421,bronze-class-deploy-89-6dd84bcf5f-ng6sd_default,bronze-controller-89,0.500000,0,average,1744371815,723,5,3605768,false,0.999798,1802.514286,723,5,3605768,0
1744375421,bronze-class-deploy-90-5f5c6857b9-rq9dk_default,bronze-controller-90,0.500000,0,average,1744371816,26,3,3605492,false,0.999992,1802.727415,26,3,3605492,0
1744375421,bronze-class-deploy-91-6f798797d4-s5qll_default,bronze-controller-91,0.500000,0,average,1744371816,174,2,3605370,false,0.999951,1802.593803,174,2,3605370,0
1744375421,bronze-class-deploy-92-647887c5f5-xmnr6_default,bronze-controller-92,0.500000,0,average,1744371816,322,4,3605245,false,0.999909,1802.454529,322,4,3605245,0
1744375421,bronze-class-deploy-93-79799fdbb6-kzwbk_default,bronze-controller-93,0.500000,0,average,1744371816,525,2,3605068,false,0.999853,1802.267456,525,2,3605068,0
1744375421,bronze-class-deploy-97-8c77c5dbb-7khps_default,bronze-controller-97,0.500000,0,average,1744371817,273,4,3604344,false,0.999923,1802.027792,273,4,3604344,0
1744375422,gold-class-deploy-103-75794bd66d-vfdss_default,gold-controller-103,1.000000,0,average,1744371818,772,4,3603370,false,0.999784,-0.782384,772,4,3603370,0
1744375422,gold-class-deploy-109-6f6d9854bb-87p5r_default,gold-controller-109,1.000000,0,average,1744371820,73,5,3602094,false,0.999978,-0.083699,73,5,3602094,0
1744375422,gold-class-deploy-11-75fbc88878-lpcml_default,gold-controller-11,1.000000,0,average,1744371798,673,5,3623518,false,0.999813,-0.684446,673,5,3623518,0
1744375422,gold-class-deploy-112-85d9cdcbb6-48nql_default,gold-controller-112,1.000000,0,average,1744371820,775,3,3601445,false,0.999784,-0.781340,775,3,3601445,0
1744375422,gold-class-deploy-113-69657587fc-cn6kj_default,gold-controller-113,1.000000,0,average,1744371820,925,3,3601318,false,0.999742,-0.932365,925,3,3601318,0
1744375422,gold-class-deploy-114-5b756665bd-647q7_default,gold-controller-114,1.000000,0,average,1744371821,175,2,3601094,false,0.999951,-0.180870,175,2,3601094,0
1744375422,gold-class-deploy-127-6cccf89bc8-hnhlr_default,gold-controller-127,1.000000,0,average,1744371824,124,4,3598168,false,0.999964,-0.134195,124,4,3598168,0
1744375422,gold-class-deploy-128-77d77d9bcf-jgk42_default,gold-controller-128,1.000000,0,average,1744371824,225,2,3598094,false,0.999936,-0.231279,225,2,3598094,0
1744375422,gold-class-deploy-129-6bbc59c96d-5rcd7_default,gold-controller-129,1.000000,0,average,1744371824,275,4,3598066,false,0.999922,-0.285239,275,4,3598066,0
1744375422,gold-class-deploy-130-69997dc68b-zbtbx_default,gold-controller-130,1.000000,0,average,1744371824,775,2,3597595,false,0.999784,-0.780550,775,2,3597595,0
1744375422,gold-class-deploy-139-5b865b485-9szhx_default,gold-controller-139,1.000000,0,average,1744371826,573,7,3595817,false,0.999839,-0.587151,573,7,3595817,0
1744375422,gold-class-deploy-144-744886cf69-jqqt2_default,gold-controller-144,1.000000,0,average,1744371827,672,4,3594748,false,0.999812,-0.681861,672,4,3594748,0
1744375422,gold-class-deploy-146-67d5c58f47-xbsk8_default,gold-controller-146,1.000000,0,average,1744371828,276,5,3594164,false,0.999922,-0.286401,276,5,3594164,0
1744375422,gold-class-deploy-147-65b7c9b9c6-99tvj_default,gold-controller-147,1.000000,0,average,1744371828,375,4,3594090,false,0.999894,-0.384771,375,4,3594090,0
1744375422,gold-class-deploy-150-7b7dd76fb-g8mqm_default,gold-controller-150,1.000000,0,average,1744371829,23,4,3593467,false,0.999992,-0.033612,23,4,3593467,0
1744375422,gold-class-deploy-152-6ddf7494b-tvdk5_default,gold-controller-152,1.000000,0,average,1744371829,475,4,3593039,false,0.999866,-0.485678,475,4,3593039,0
1744375422,gold-class-deploy-154-64d8878bbd-bnw9p_default,gold-controller-154,1.000000,0,average,1744371829,823,4,3592717,false,0.999770,-0.832456,823,4,3592717,0
1744375422,gold-class-deploy-159-6d8f8d57c9-xkp2k_default,gold-controller-159,1.000000,0,average,1744371830,973,4,3591594,false,0.999728,-0.983524,973,4,3591594,0
1744375422,gold-class-deploy-160-54db7dc8c9-lzbzh_default,gold-controller-160,1.000000,0,average,1744371831,125,5,3591467,false,0.999964,-0.135623,125,5,3591467,0
1744375422,gold-class-deploy-161-5c867c4d48-7d7lp_default,gold-controller-161,1.000000,0,average,1744371831,623,9,3590989,false,0.999824,-0.642740,623,9,3590989,0
1744375423,gold-class-deploy-166-6c56c88bbf-lnvbn_default,gold-controller-166,1.000000,0,average,1744371832,675,2,3590469,false,0.999811,-0.680712,675,2,3590469,0
1744375423,gold-class-deploy-168-b87f5847-m5slx_default,gold-controller-168,1.000000,0,average,1744371833,25,4,3590142,false,0.999992,-0.035334,25,4,3590142,0
1744375423,gold-class-deploy-169-68875796b4-fmh5s_default,gold-controller-169,1.000000,0,average,1744371833,222,4,3589970,false,0.999937,-0.232051,222,4,3589970,0
1744375423,gold-class-deploy-176-759d4f5c9b-bzk65_default,gold-controller-176,1.000000,0,average,1744371834,676,5,3588540,false,0.999810,-0.686717,676,5,3588540,0
1744375423,gold-class-deploy-178-7dcf7bfdc8-lwkw8_default,gold-controller-178,1.000000,0,average,1744371835,26,2,3588219,false,0.999992,-0.031587,26,2,3588219,0
1744375423,gold-class-deploy-184-6586cc48c7-nczmv_default,gold-controller-184,1.000000,0,average,1744371836,525,5,3586741,false,0.999852,-0.536102,525,5,3586741,0
1744375423,gold-class-deploy-187-dc5c697cb-b4cnb_default,gold-controller-187,1.000000,0,average,1744371837,176,3,3586118,false,0.999950,-0.182414,176,3,3586118,0
1744375423,gold-class-deploy-192-76f456ff9d-mmdlv_default,gold-controller-192,1.000000,0,average,1744371838,122,4,3585195,false,0.999964,-0.132011,122,4,3585195,0
1744375423,gold-class-deploy-195-545957547f-vr98k_default,gold-controller-195,1.000000,0,average,1744371838,824,2,3584519,false,0.999769,-0.830646,824,2,3584519,0
1744375423,gold-class-deploy-197-b5d58757c-f2ldg_default,gold-controller-197,1.000000,0,average,1744371839,272,4,3584095,false,0.999923,-0.281330,272,4,3584095,0
1744375423,gold-class-deploy-199-5f7966f8ff-jjbq7_default,gold-controller-199,1.000000,0,average,1744371839,672,4,3583720,false,0.999811,-0.681841,672,4,3583720,0
1744375423,gold-class-deploy-209-78f6b789f5-ggxh8_default,gold-controller-209,1.000000,0,average,1744371841,973,4,3581444,false,0.999727,-0.983214,973,4,3581444,0
1744375423,gold-class-deploy-21-7bcd7cc8c9-lpktc_default,gold-controller-21,1.000000,0,average,1744371801,73,12,3622362,false,0.999976,-0.098440,73,12,3622362,0
1744375423,gold-class-deploy-214-5b59c56d5-nlwf4_default,gold-controller-214,1.000000,0,average,1744371843,1110,3,3579358,false,0.999689,-1.117116,1110,3,3579358,0
1744375423,gold-class-deploy-216-5d7bd8b87f-gjzqz_default,gold-controller-216,1.000000,0,average,1744371843,2111,2,3578383,false,0.999409,-2.117381,2111,2,3578383,0
1744375423,gold-class-deploy-218-74445cdc8f-x97z4_default,gold-controller-218,1.000000,0,average,1744371844,1111,6,3578404,false,0.999688,-1.124102,1111,6,3578404,0
1744375423,gold-class-deploy-219-54d869f554-wr5fl_default,gold-controller-219,1.000000,0,average,1744371844,2112,5,3577429,false,0.999408,-2.123058,2112,5,3577429,0
1744375423,gold-class-deploy-221-b68b8649c-675vb_default,gold-controller-221,1.000000,0,average,1744371844,2112,8,3577452,false,0.999407,-2.129474,2112,8,3577452,0
1744375423,gold-class-deploy-223-77789f89b7-glcz8_default,gold-controller-223,1.000000,0,average,1744371845,2113,3,3576481,false,0.999408,-2.120212,2113,3,3576481,0
1744375423,gold-class-deploy-224-7f6b47c6b-f7fth_default,gold-controller-224,1.000000,0,average,1744371845,2113,6,3576503,false,0.999408,-2.126068,2113,6,3576503,0
1744375424,gold-class-deploy-227-789d975475-95hdn_default,gold-controller-227,1.000000,0,average,1744371846,2114,6,3576027,false,0.999407,-2.128062,2114,6,3576027,0
1744375424,gold-class-deploy-231-6fc8b88756-j7gmg_default,gold-controller-231,1.000000,0,average,1744371847,2115,5,3575051,false,0.999407,-2.126237,2115,5,3575051,0
1744375424,gold-class-deploy-238-99ffcf8ff-pbznj_default,gold-controller-238,1.000000,0,average,1744371849,2116,5,3573076,false,0.999406,-2.127118,2116,5,3573076,0
1744375424,gold-class-deploy-24-56889c897d-qflrc_default,gold-controller-24,1.000000,0,average,1744371801,526,2,3622693,false,0.999854,-0.532247,526,2,3622693,0
1744375424,gold-class-deploy-247-7b49c64745-7jc26_default,gold-controller-247,1.000000,0,average,1744371851,2117,3,3571126,false,0.999406,-2.124429,2117,3,3571126,0
1744375424,gold-class-deploy-25-86d8b6b59-fvw4g_default,gold-controller-25,1.000000,0,average,1744371801,773,4,3622494,false,0.999785,-0.781733,773,4,3622494,0
1744375424,gold-class-deploy-254-c66f9d6d9-bhwdx_default,gold-controller-254,1.000000,0,average,1744371852,2118,8,3570170,false,0.999405,-2.134948,2118,8,3570170,0
1744375424,gold-class-deploy-255-85cdfd467d-fg59s_default,gold-controller-255,1.000000,0,average,1744371852,2118,7,3570196,false,0.999405,-2.134554,2118,7,3570196,0
1744375424,gold-class-deploy-256-5fc9cb9c75-qjczd_default,gold-controller-256,1.000000,0,average,1744371853,1118,7,3570221,false,0.999685,-1.134038,1118,7,3570221,0
1744375424,gold-class-deploy-26-85d56879dd-dnjsx_default,gold-controller-26,1.000000,0,average,1744371802,223,6,3622142,false,0.999937,-0.235515,223,6,3622142,0
1744375424,gold-class-deploy-265-59fbd9cc97-j6d4h_default,gold-controller-265,1.000000,0,average,1744371855,1120,5,3568271,false,0.999684,-1.132060,1120,5,3568271,0
1744375424,gold-class-deploy-266-6d8bc78c84-mdlqj_default,gold-controller-266,1.000000,0,average,1744371855,2121,5,3567296,false,0.999404,-2.131642,2121,5,3567296,0
1744375424,gold-class-deploy-267-57bd466cf9-c6qrw_default,gold-controller-267,1.000000,0,average,1744371855,2121,6,3567320,false,0.999404,-2.133525,2121,6,3567320,0
1744375424,gold-class-deploy-27-895577f57-4nzzp_default,gold-controller-27,1.000000,0,average,1744371802,274,5,3622192,false,0.999923,-0.285609,274,5,3622192,0
1744375424,gold-class-deploy-270-749764d5d7-lcvjk_default,gold-controller-270,1.000000,0,average,1744371856,2122,8,3566366,false,0.999403,-2.139641,2122,8,3566366,0
1744375424,gold-class-deploy-271-77c97874bd-fsnwc_default,gold-controller-271,1.000000,0,average,1744371856,2122,5,3566394,false,0.999404,-2.133062,2122,5,3566394,0
1744375424,gold-class-deploy-272-7f56665f49-c7984_default,gold-controller-272,1.000000,0,average,1744371856,2122,5,3566419,false,0.999404,-2.133265,2122,5,3566419,0
1744375424,gold-class-deploy-274-78f45d9bf5-wt28t_default,gold-controller-274,1.000000,0,average,1744371857,2123,5,3565443,false,0.999403,-2.133681,2123,5,3565443,0
1744375424,gold-class-deploy-228-7f6bdb4d6-fw55m_default,gold-controller-228,1.000000,0,average,1744371846,2114,6,3576474,false,0.999407,-2.128014,2114,6,3576474,0
1744375424,gold-class-deploy-46-7dbdd7ff5d-mmjds_default,gold-controller-46,1.000000,0,average,1744371806,375,5,3618241,false,0.999895,-0.386385,375,5,3618241,0
1744375425,gold-class-deploy-276-69f76bd49-bs28x_default,gold-controller-276,1.000000,0,average,1744371857,2123,8,3566014,false,0.999403,-2.139495,2123,8,3566014,0
1744375425,gold-class-deploy-277-59f6f86f7d-2ffjl_default,gold-controller-277,1.000000,0,average,1744371857,2123,8,3566039,false,0.999403,-2.139385,2123,8,3566039,0
1744375425,gold-class-deploy-279-777b74cdcb-gqlds_default,gold-controller-279,1.000000,0,average,1744371858,2123,4,3565066,false,0.999403,-2.133298,2123,4,3565066,0
1744375425,gold-class-deploy-28-6bb64f9fd-bzv4g_default,gold-controller-28,1.000000,0,average,1744371802,424,4,3622790,false,0.999881,-0.434533,424,4,3622790,0
1744375425,gold-class-deploy-285-789fc6f9c5-8pknh_default,gold-controller-285,1.000000,0,average,1744371860,2125,5,3563114,false,0.999402,-2.136597,2125,5,3563114,0
1744375425,gold-class-deploy-287-698c585dc7-vsqsf_default,gold-controller-287,1.000000,0,average,1744371860,2125,6,3563140,false,0.999402,-2.138369,2125,6,3563140,0
1744375425,gold-class-deploy-29-677bc9654c-q465p_default,gold-controller-29,1.000000,0,average,1744371802,573,4,3622720,false,0.999841,-0.582597,573,4,3622720,0
1744375425,gold-class-deploy-295-5c46fdb9c4-g7sxz_default,gold-controller-295,1.000000,0,average,1744371862,2126,5,3561190,false,0.999402,-2.137746,2126,5,3561190,0
1744375425,gold-class-deploy-296-65b47488f9-xq6hq_default,gold-controller-296,1.000000,0,average,1744371862,2126,6,3561215,false,0.999401,-2.139647,2126,6,3561215,0
1744375425,gold-class-deploy-298-95bf4cf9c-fcmh6_default,gold-controller-298,1.000000,0,average,1744371863,2127,4,3560240,false,0.999401,-2.137189,2127,4,3560240,0
1744375425,gold-class-deploy-31-746b569664-g4mrf_default,gold-controller-31,1.000000,0,average,1744371803,123,5,3622268,false,0.999964,-0.134147,123,5,3622268,0
1744375425,gold-class-deploy-37-c455f7646-6s8hk_default,gold-controller-37,1.000000,0,average,1744371804,377,5,3621040,false,0.999894,-0.388217,377,5,3621040,0
1744375425,gold-class-deploy-38-86cdc955df-bvcld_default,gold-controller-38,1.000000,0,average,1744371804,573,5,3620868,false,0.999840,-0.583972,573,5,3620868,0
1744375425,gold-class-deploy-39-76f74ff58d-5pzkk_default,gold-controller-39,1.000000,0,average,1744371804,727,3,3620741,false,0.999798,-0.733972,727,3,3620741,0
1744375425,gold-class-deploy-4-9d74457bb-wtkh6_default,gold-controller-4,1.000000,0,average,1744371797,748,5,3627743,false,0.999792,-0.759103,748,5,3627743,0
1744375425,gold-class-deploy-44-6787dbc45b-pnmnv_default,gold-controller-44,1.000000,0,average,1744371805,873,4,3619644,false,0.999757,-0.882988,873,4,3619644,0
1744375425,gold-class-deploy-45-55784d9b8f-srplg_default,gold-controller-45,1.000000,0,average,1744371806,222,4,3619320,false,0.999937,-0.232479,222,4,3619320,0
1744375425,gold-class-deploy-47-68f98b9995-6lf25_default,gold-controller-47,1.000000,0,average,1744371806,626,5,3618941,false,0.999825,-0.637432,626,5,3618941,0
1744375425,gold-class-deploy-48-5b68f895dd-lxqjk_default,gold-controller-48,1.000000,0,average,1744371806,774,5,3618818,false,0.999785,-0.784968,774,5,3618818,0
1744375425,gold-class-deploy-5-84f47c7989-jl69f_default,gold-controller-5,1.000000,0,average,1744371797,837,10,3627775,false,0.999766,-0.858800,837,10,3627775,0
1744375426,gold-class-deploy-50-689c47986c-fcxxk_default,gold-controller-50,1.000000,0,average,1744371807,225,4,3618892,false,0.999936,-0.235763,225,4,3618892,0
1744375426,gold-class-deploy-53-f4d597c44-n7jjz_default,gold-controller-53,1.000000,0,average,1744371807,825,5,3618316,false,0.999770,-0.836548,825,5,3618316,0
1744375426,gold-class-deploy-55-777d687dbb-s5wc8_default,gold-controller-55,1.000000,0,average,1744371808,322,4,3617844,false,0.999910,-0.331199,322,4,3617844,0
1744375426,gold-class-deploy-56-6f94856969-pnnb4_default,gold-controller-56,1.000000,0,average,1744371808,574,2,3617617,false,0.999840,-0.580694,574,2,3617617,0
1744375426,gold-class-deploy-58-5b8df9585f-7bbt2_default,gold-controller-58,1.000000,0,average,1744371808,826,5,3617391,false,0.999770,-0.836651,826,5,3617391,0
1744375426,gold-class-deploy-6-6cb759d8d-njnfx_default,gold-controller-6,1.000000,0,average,1744371797,931,6,3628309,false,0.999741,-0.945172,931,6,3628309,0
1744375426,gold-class-deploy-64-7976cb5698-czmjq_default,gold-controller-64,1.000000,0,average,1744371810,276,5,3615991,false,0.999922,-0.286625,276,5,3615991,0
1744375426,gold-class-deploy-65-5bbff45f99-xvnbz_default,gold-controller-65,1.000000,0,average,1744371810,423,4,3615871,false,0.999882,-0.433207,423,4,3615871,0
1744375426,gold-class-deploy-67-8f7945c85-pm5m4_default,gold-controller-67,1.000000,0,average,1744371810,873,5,3615444,false,0.999757,-0.883385,873,5,3615444,0
1744375426,gold-class-deploy-7-54d8f5d97f-rb66m_default,gold-controller-7,1.000000,0,average,1744371798,74,5,3628268,false,0.999978,-0.084430,74,5,3628268,0
1744375426,gold-class-deploy-71-dddbb5476-mtfrg_default,gold-controller-71,1.000000,0,average,1744371811,675,3,3614691,false,0.999812,-0.682192,675,3,3614691,0
1744375426,gold-class-deploy-73-85fd778dd6-5np67_default,gold-controller-73,1.000000,0,average,1744371812,274,6,3614115,false,0.999922,-0.286747,274,6,3614115,0
1744375426,gold-class-deploy-76-6698bbf5ff-6mr5d_default,gold-controller-76,1.000000,0,average,1744371812,773,5,3613642,false,0.999784,-0.784162,773,5,3613642,0
1744375426,gold-class-deploy-9-d4b6748b5-hhjhj_default,gold-controller-9,1.000000,0,average,1744371798,324,6,3628116,false,0.999909,-0.338280,324,6,3628116,0
1744375426,gold-class-deploy-94-76d4df44ff-hzbxc_default,gold-controller-94,1.000000,0,average,1744371816,874,4,3609593,false,0.999756,-0.884270,874,4,3609593,0
1744375426,gold-class-deploy-95-649d55cd74-crqc8_default,gold-controller-95,1.000000,0,average,1744371816,973,5,3609518,false,0.999729,-0.984000,973,5,3609518,0
1744375426,gold-class-deploy-96-6f5b668b8f-7x2kg_default,gold-controller-96,1.000000,0,average,1744371817,175,3,3609343,false,0.999951,-0.181641,175,3,3609343,0
1744375426,gold-class-deploy-98-6d96fb87bc-kh4pg_default,gold-controller-98,1.000000,0,average,1744371817,627,2,3608916,false,0.999825,-0.633761,627,2,3608916,0
1744375426,gold-class-deploy-99-6946db949d-zc9v6_default,gold-controller-99,1.000000,0,average,1744371817,825,4,3608742,false,0.999770,-0.835185,825,4,3608742,0
