1744314886,bronze-class-deploy-1-bcc6465f5-pwnwc_default,bronze-controller-1,0.500000,0,average,1744311289,192,7,3597472,false,0.999944,1798.628903,192,7,3597472,0
1744314886,bronze-class-deploy-10-544ff9d8b5-mrc8l_default,bronze-controller-10,0.500000,0,average,1744311290,237,6,3596437,false,0.999932,1798.089956,237,6,3596437,0
1744314886,bronze-class-deploy-101-75dd58d8-4jzx4_default,bronze-controller-101,0.500000,0,average,1744311310,337,7,3576341,false,0.999904,1787.991172,337,7,3576341,0
1744314886,bronze-class-deploy-104-66bfb57fdc-5xzgf_default,bronze-controller-104,0.500000,0,average,1744311310,939,2,3575752,false,0.999737,1787.402650,939,2,3575752,0
1744314886,bronze-class-deploy-105-6d74565cbd-7cw88_default,bronze-controller-105,0.500000,0,average,1744311311,136,4,3575562,false,0.999960,1787.706038,136,4,3575562,0
1744314886,bronze-class-deploy-107-698ddc775d-4jgvr_default,bronze-controller-107,0.500000,0,average,1744311311,389,5,3575314,false,0.999890,1787.454951,389,5,3575314,0
1744314886,bronze-class-deploy-109-7fcb97d896-qlc2x_default,bronze-controller-109,0.500000,0,average,1744311312,86,4,3574622,false,0.999974,1787.260665,86,4,3574622,0
1744314886,bronze-class-deploy-111-6ddc7bd769-dx6l6_default,bronze-controller-111,0.500000,0,average,1744311312,390,2,3574598,false,0.999890,1787.099533,390,2,3574598,0
1744314887,bronze-class-deploy-112-5c6fc7c8bd-lf62j_default,bronze-controller-112,0.500000,0,average,1744311312,488,4,3574797,false,0.999862,1787.147184,488,4,3574797,0
1744314894,bronze-class-deploy-115-54f49dbdb9-82j6n_default,bronze-controller-115,0.500000,0,average,1744311313,187,4,3581221,false,0.999946,1790.509788,187,4,3581221,0
1744314895,bronze-class-deploy-116-7f54bbc996-brwdw_default,bronze-controller-116,0.500000,0,average,1744311313,386,4,3582225,false,0.999891,1790.912906,386,4,3582225,0
1744314895,bronze-class-deploy-118-5df75cc698-l6qts_default,bronze-controller-118,0.500000,0,average,1744311313,937,4,3581698,false,0.999737,1790.374115,937,4,3581698,0
1744314895,bronze-class-deploy-12-58bdf8c7c9-2gpqm_default,bronze-controller-12,0.500000,0,average,1744311290,588,5,3605069,false,0.999835,1802.232742,588,5,3605069,0
1744314895,bronze-class-deploy-120-7448644d7c-c657v_default,bronze-controller-120,0.500000,0,average,1744311314,239,2,3581471,false,0.999932,1790.611832,239,2,3581471,0
1744314895,bronze-class-deploy-122-68bc999755-j926r_default,bronze-controller-122,0.500000,0,average,1744311314,938,4,3580797,false,0.999737,1789.922462,938,4,3580797,0
1744314895,bronze-class-deploy-125-7954b7fc58-2ldth_default,bronze-controller-125,0.500000,0,average,1744311315,388,2,3580373,false,0.999891,1789.988388,388,2,3580373,0
1744314895,bronze-class-deploy-127-59d8469656-4nx2q_default,bronze-controller-127,0.500000,0,average,1744311315,836,4,3580149,false,0.999765,1789.649332,836,4,3580149,0
1744314896,bronze-class-deploy-130-8f5c74f44-gtpbh_default,bronze-controller-130,0.500000,0,average,1744311316,388,4,3579796,false,0.999890,1789.697281,388,4,3579796,0
1744314896,bronze-class-deploy-132-698487d44b-vklmr_default,bronze-controller-132,0.500000,0,average,1744311316,838,4,3579447,false,0.999764,1789.297100,838,4,3579447,0
1744314896,bronze-class-deploy-135-78b9695495-rq7dn_default,bronze-controller-135,0.500000,0,average,1744311317,439,4,3578871,false,0.999876,1789.209259,439,4,3578871,0
1744314896,bronze-class-deploy-136-6bfd54cd94-pwm4r_default,bronze-controller-136,0.500000,0,average,1744311317,686,4,3578648,false,0.999807,1788.973850,686,4,3578648,0
1744314896,bronze-class-deploy-139-8665f4d9d7-htt85_default,bronze-controller-139,0.500000,0,average,1744311318,237,4,3578123,false,0.999932,1788.935684,237,4,3578123,0
1744314896,bronze-class-deploy-14-7858b5645-5jnpm_default,bronze-controller-14,0.500000,0,average,1744311290,986,4,3605398,false,0.999725,1802.199222,986,4,3605398,0
1744314896,bronze-class-deploy-140-677b77d775-9hpwx_default,bronze-controller-140,0.500000,0,average,1744311318,388,4,3578024,false,0.999890,1788.811464,388,4,3578024,0
1744314896,bronze-class-deploy-142-856fd4bb69-gqqnd_default,bronze-controller-142,0.500000,0,average,1744311319,136,7,3577296,false,0.999960,1788.568728,136,7,3577296,0
1744314896,bronze-class-deploy-143-59d5fd7c54-n2j4s_default,bronze-controller-143,0.500000,0,average,1744311319,290,2,3577172,false,0.999918,1788.437045,290,2,3577172,0
1744314896,bronze-class-deploy-146-66559dcc5c-hfvnl_default,bronze-controller-146,0.500000,0,average,1744311320,88,2,3576421,false,0.999974,1788.162738,88,2,3576421,0
1744314896,bronze-class-deploy-147-f445bcdf4-78lml_default,bronze-controller-147,0.500000,0,average,1744311320,239,3,3576295,false,0.999932,1788.022996,239,3,3576295,0
1744314896,bronze-class-deploy-15-68fd6757b-48t6b_default,bronze-controller-15,0.500000,0,average,1744311291,240,4,3605319,false,0.999932,1802.532470,240,4,3605319,0
1744314896,bronze-class-deploy-151-7674655d8f-8mvk5_default,bronze-controller-151,0.500000,0,average,1744311321,39,2,3575548,false,0.999988,1787.750695,39,2,3575548,0
1744314896,bronze-class-deploy-152-66f4d7f6fb-2pk74_default,bronze-controller-152,0.500000,0,average,1744311321,139,3,3575473,false,0.999960,1787.662533,139,3,3575473,0
1744314896,bronze-class-deploy-153-6557d655ff-lbzmq_default,bronze-controller-153,0.500000,0,average,1744311321,338,4,3575297,false,0.999904,1787.471770,338,4,3575297,0
1744314896,bronze-class-deploy-154-5cc94ccb74-v6fmd_default,bronze-controller-154,0.500000,0,average,1744311321,737,4,3574924,false,0.999793,1787.086949,737,4,3574924,0
1744314896,bronze-class-deploy-158-f997b5b9d-4vntx_default,bronze-controller-158,0.500000,0,average,1744311322,488,6,3574220,false,0.999861,1786.855902,488,6,3574220,0
1744314896,bronze-class-deploy-159-768bc8bb9c-cnp4x_default,bronze-controller-159,0.500000,0,average,1744311322,688,2,3574048,false,0.999807,1786.675928,688,2,3574048,0
1744314896,bronze-class-deploy-163-fcd6457fb-hpp6b_default,bronze-controller-163,0.500000,0,average,1744311323,639,3,3573122,false,0.999820,1786.237035,639,3,3573122,0
1744314896,bronze-class-deploy-165-56594d879d-lnwmq_default,bronze-controller-165,0.500000,0,average,1744311324,39,3,3572947,false,0.999988,1786.449348,39,3,3572947,0
1744314897,bronze-class-deploy-168-5b98dc56d5-ml9xl_default,bronze-controller-168,0.500000,0,average,1744311324,790,3,3572397,false,0.999778,1785.799216,790,3,3572397,0
1744314897,bronze-class-deploy-170-68b674db44-dprmw_default,bronze-controller-170,0.500000,0,average,1744311325,88,5,3572196,false,0.999974,1786.046735,88,5,3572196,0
1744314897,bronze-class-deploy-172-7f7f74d5db-fs7vr_default,bronze-controller-172,0.500000,0,average,1744311325,638,2,3571674,false,0.999821,1785.514066,638,2,3571674,0
1744314897,bronze-class-deploy-174-595c94b464-q8ktk_default,bronze-controller-174,0.500000,0,average,1744311326,38,2,3571298,false,0.999988,1785.626179,38,2,3571298,0
1744314897,bronze-class-deploy-175-798f7c8fd7-gpzrw_default,bronze-controller-175,0.500000,0,average,1744311326,287,5,3571072,false,0.999918,1785.384586,287,5,3571072,0
1744314897,bronze-class-deploy-176-7bf55c8bcd-lkvwz_default,bronze-controller-176,0.500000,0,average,1744311326,538,2,3570848,false,0.999848,1785.150580,538,2,3570848,0
1744314897,bronze-class-deploy-179-6669cf4567-r5w62_default,bronze-controller-179,0.500000,0,average,1744311327,88,2,3570323,false,0.999974,1785.113296,88,2,3570323,0
1744314897,bronze-class-deploy-2-6b75d47b6-hqkgs_default,bronze-controller-2,0.500000,0,average,1744311289,280,5,3608154,false,0.999921,1803.928492,280,5,3608154,0
1744314897,bronze-class-deploy-22-597585bbb-m7ccc_default,bronze-controller-22,0.500000,0,average,1744311293,40,5,3604419,false,0.999987,1802.181273,40,5,3604419,0
1744314897,bronze-class-deploy-24-67f4bf76d-6tx7b_default,bronze-controller-24,0.500000,0,average,1744311293,339,3,3604172,false,0.999905,1801.911506,339,3,3604172,0
1744314897,bronze-class-deploy-3-78f44d87df-2hzld_default,bronze-controller-3,0.500000,0,average,1744311289,374,6,3608159,false,0.999894,1803.882079,374,6,3608159,0
1744314897,bronze-class-deploy-33-6974966ff6-4sp2z_default,bronze-controller-33,0.500000,0,average,1744311295,237,5,3602322,false,0.999933,1801.034472,237,5,3602322,0
1744314897,bronze-class-deploy-35-76cc9664cd-4hrx4_default,bronze-controller-35,0.500000,0,average,1744311295,589,4,3601996,false,0.999835,1800.695907,589,4,3601996,0
1744314897,bronze-class-deploy-36-78bb99cfcc-qc66t_default,bronze-controller-36,0.500000,0,average,1744311295,739,5,3601870,false,0.999793,1800.557631,739,5,3601870,0
1744314897,bronze-class-deploy-38-78cfff8b4c-4gtq2_default,bronze-controller-38,0.500000,0,average,1744311296,390,3,3601248,false,0.999891,1800.424503,390,3,3601248,0
1744314897,bronze-class-deploy-41-556dfb4967-n7d4h_default,bronze-controller-41,0.500000,0,average,1744311297,239,4,3600418,false,0.999932,1800.082413,239,4,3600418,0
1744314897,bronze-class-deploy-43-6fc7b66697-4xx54_default,bronze-controller-43,0.500000,0,average,1744311297,589,2,3600120,false,0.999835,1799.760828,589,2,3600120,0
1744314897,bronze-class-deploy-46-795866b848-6stgq_default,bronze-controller-46,0.500000,0,average,1744311298,240,5,3599491,false,0.999932,1799.616903,240,5,3599491,0
1744314897,bronze-class-deploy-50-f4d77c77c-pd55k_default,bronze-controller-50,0.500000,0,average,1744311299,37,5,3598720,false,0.999988,1799.334050,37,5,3598720,0
1744314897,bronze-class-deploy-52-677d77c7c5-glhxk_default,bronze-controller-52,0.500000,0,average,1744311299,439,6,3598542,false,0.999876,1799.041072,439,6,3598542,0
1744314898,bronze-class-deploy-53-76967f8478-g8nrz_default,bronze-controller-53,0.500000,0,average,1744311299,787,4,3598398,false,0.999780,1798.798154,787,4,3598398,0
1744314898,bronze-class-deploy-55-5597c74d7b-prm46_default,bronze-controller-55,0.500000,0,average,1744311300,287,5,3597997,false,0.999919,1798.846769,287,5,3597997,0
1744314898,bronze-class-deploy-56-7f568d66cf-f9z6s_default,bronze-controller-56,0.500000,0,average,1744311300,337,4,3597973,false,0.999905,1798.810534,337,4,3597973,0
1744314898,bronze-class-deploy-57-6fbfb676f8-454wj_default,bronze-controller-57,0.500000,0,average,1744311300,687,5,3597648,false,0.999807,1798.472616,687,5,3597648,0
1744314898,bronze-class-deploy-58-867696b4b9-hh985_default,bronze-controller-58,0.500000,0,average,1744311300,739,5,3597621,false,0.999793,1798.433597,739,5,3597621,0
1744314898,bronze-class-deploy-59-84457f5cb4-p9vzz_default,bronze-controller-59,0.500000,0,average,1744311300,787,5,3597597,false,0.999780,1798.396874,787,5,3597597,0
1744314898,bronze-class-deploy-63-6df84b9bf9-v5qgn_default,bronze-controller-63,0.500000,0,average,1744311301,839,2,3596573,false,0.999766,1797.862606,839,2,3596573,0
1744314898,bronze-class-deploy-66-695885558b-9jzqr_default,bronze-controller-66,0.500000,0,average,1744311302,588,4,3595846,false,0.999835,1797.622188,588,4,3595846,0
1744314898,bronze-class-deploy-67-77b5696f67-wvsql_default,bronze-controller-67,0.500000,0,average,1744311302,738,4,3595720,false,0.999793,1797.484234,738,4,3595720,0
1744314898,bronze-class-deploy-68-6cbf9997f6-ldcjl_default,bronze-controller-68,0.500000,0,average,1744311302,840,2,3595671,false,0.999765,1797.410820,840,2,3595671,0
1744314898,bronze-class-deploy-70-7d7979d959-sgnld_default,bronze-controller-70,0.500000,0,average,1744311303,439,5,3595095,false,0.999876,1797.319721,439,5,3595095,0
1744314898,bronze-class-deploy-72-56f4f6c645-7nh97_default,bronze-controller-72,0.500000,0,average,1744311303,690,3,3594872,false,0.999807,1797.086283,690,3,3594872,0
1744314898,bronze-class-deploy-73-b48b7c46d-mfm88_default,bronze-controller-73,0.500000,0,average,1744311303,787,4,3594797,false,0.999780,1796.997712,787,4,3594797,0
1744314898,bronze-class-deploy-8-5c766bb6d-x8n82_default,bronze-controller-8,0.500000,0,average,1744311289,990,5,3608618,false,0.999724,1803.805915,990,5,3608618,0
1744314898,bronze-class-deploy-81-58f7c75f9f-bg89g_default,bronze-controller-81,0.500000,0,average,1744311305,938,5,3592696,false,0.999737,1795.870755,938,5,3592696,0
1744314898,bronze-class-deploy-82-7fd66d46b4-n8bbj_default,bronze-controller-82,0.500000,0,average,1744311306,141,4,3592521,false,0.999959,1796.183167,141,4,3592521,0
1744314898,bronze-class-deploy-83-85cf5fbf6f-h9jjz_default,bronze-controller-83,0.500000,0,average,1744311306,239,5,3592470,false,0.999932,1796.107683,239,5,3592470,0
1744314898,bronze-class-deploy-84-5dddbc6794-7d5gc_default,bronze-controller-84,0.500000,0,average,1744311306,439,4,3592295,false,0.999876,1795.920338,439,4,3592295,0
1744314898,bronze-class-deploy-87-85d9fff5c7-2g76m_default,bronze-controller-87,0.500000,0,average,1744311307,138,4,3591622,false,0.999960,1795.734414,138,4,3591622,0
1744314898,bronze-class-deploy-90-5f5c6857b9-j8tlq_default,bronze-controller-90,0.500000,0,average,1744311307,591,5,3591393,false,0.999834,1795.392777,591,5,3591393,0
1744314899,bronze-class-deploy-91-6f798797d4-x8rfz_default,bronze-controller-91,0.500000,0,average,1744311308,87,6,3591096,false,0.999974,1795.494275,87,6,3591096,0
1744314899,bronze-class-deploy-93-79799fdbb6-rgcj9_default,bronze-controller-93,0.500000,0,average,1744311308,339,3,3590947,false,0.999905,1795.299404,339,3,3590947,0
1744314899,bronze-class-deploy-95-59b46ccd76-kwx9h_default,bronze-controller-95,0.500000,0,average,1744311308,589,4,3590720,false,0.999835,1795.058449,589,4,3590720,0
1744314899,gold-class-deploy-100-9cfc4dc45-qrs6n_default,gold-controller-100,1.000000,0,average,1744311309,587,4,3589748,false,0.999835,-0.597150,587,4,3589748,0
1744314899,gold-class-deploy-102-5bff54c44c-xztfq_default,gold-controller-102,1.000000,0,average,1744311310,437,4,3588922,false,0.999877,-0.447129,437,4,3588922,0
1744314899,gold-class-deploy-103-75794bd66d-j26dc_default,gold-controller-103,1.000000,0,average,1744311310,686,4,3588698,false,0.999807,-0.696568,686,4,3588698,0
1744314899,gold-class-deploy-106-7f6f5f9695-kj6cb_default,gold-controller-106,1.000000,0,average,1744311311,337,4,3588071,false,0.999905,-0.346953,337,4,3588071,0
1744314899,gold-class-deploy-108-6cb8869f85-sj2cr_default,gold-controller-108,1.000000,0,average,1744311311,639,3,3587794,false,0.999821,-0.646435,639,3,3587794,0
1744314899,gold-class-deploy-11-75fbc88878-4qz66_default,gold-controller-11,1.000000,0,average,1744311290,338,7,3609117,false,0.999904,-0.353738,338,7,3609117,0
1744314899,gold-class-deploy-110-64c874dbd-rd8g9_default,gold-controller-110,1.000000,0,average,1744311312,289,5,3587219,false,0.999918,-0.301896,289,5,3587219,0
1744314899,gold-class-deploy-113-69657587fc-tbtvr_default,gold-controller-113,1.000000,0,average,1744311312,987,4,3586548,false,0.999723,-0.996917,987,4,3586548,0
1744314899,gold-class-deploy-114-5b756665bd-74sk2_default,gold-controller-114,1.000000,0,average,1744311313,138,5,3586421,false,0.999960,-0.148802,138,5,3586421,0
1744314899,gold-class-deploy-117-589f4697c-hzdhq_default,gold-controller-117,1.000000,0,average,1744311313,489,4,3586097,false,0.999862,-0.498010,489,4,3586097,0
1744314899,gold-class-deploy-119-5fbcc6799-bmrpv_default,gold-controller-119,1.000000,0,average,1744311314,139,3,3585473,false,0.999960,-0.146266,139,3,3585473,0
1744314899,gold-class-deploy-121-9896bb668-zmrhz_default,gold-controller-121,1.000000,0,average,1744311314,737,5,3584897,false,0.999793,-0.748144,737,5,3584897,0
1744314899,gold-class-deploy-123-7df45ddcf4-74f5p_default,gold-controller-123,1.000000,0,average,1744311315,136,4,3584523,false,0.999961,-0.145746,136,4,3584523,0
1744314899,gold-class-deploy-124-7dbfdf8cb7-frfjh_default,gold-controller-124,1.000000,0,average,1744311315,191,4,3584519,false,0.999945,-0.200694,191,4,3584519,0
1744314899,gold-class-deploy-126-64b78db789-7gvth_default,gold-controller-126,1.000000,0,average,1744311315,736,4,3583998,false,0.999793,-0.746303,736,4,3583998,0
1744314899,gold-class-deploy-128-77d77d9bcf-v42v2_default,gold-controller-128,1.000000,0,average,1744311316,39,4,3583721,false,0.999988,-0.049070,39,4,3583721,0
1744314899,gold-class-deploy-129-6bbc59c96d-t6z4w_default,gold-controller-129,1.000000,0,average,1744311316,289,4,3583696,false,0.999918,-0.299345,289,4,3583696,0
1744314900,gold-class-deploy-13-564754876d-cqlns_default,gold-controller-13,1.000000,0,average,1744311290,737,4,3609448,false,0.999794,-0.746872,737,4,3609448,0
1744314900,gold-class-deploy-131-7dbd6cbdfc-gpqw2_default,gold-controller-131,1.000000,0,average,1744311316,789,4,3583496,false,0.999779,-0.798127,789,4,3583496,0
1744314900,gold-class-deploy-133-746d6cd499-s459l_default,gold-controller-133,1.000000,0,average,1744311317,189,2,3583123,false,0.999946,-0.194697,189,2,3583123,0
1744314900,gold-class-deploy-134-56c7659486-gz59j_default,gold-controller-134,1.000000,0,average,1744311317,390,2,3582948,false,0.999890,-0.395139,390,2,3582948,0
1744314900,gold-class-deploy-137-ddcc7fdc9-grlm8_default,gold-controller-137,1.000000,0,average,1744311317,838,4,3582523,false,0.999765,-0.848117,838,4,3582523,0
1744314900,gold-class-deploy-138-dcd58fc46-5xdcw_default,gold-controller-138,1.000000,0,average,1744311318,189,2,3582198,false,0.999946,-0.194853,189,2,3582198,0
1744314900,gold-class-deploy-141-57dbb99c94-hwc6t_default,gold-controller-141,1.000000,0,average,1744311319,40,3,3581371,false,0.999988,-0.047696,40,3,3581371,0
1744314900,gold-class-deploy-144-744886cf69-8w8x7_default,gold-controller-144,1.000000,0,average,1744311319,539,2,3580898,false,0.999849,-0.544721,539,2,3580898,0
1744314900,gold-class-deploy-145-7dc655f8f4-gm5h6_default,gold-controller-145,1.000000,0,average,1744311319,938,4,3580521,false,0.999736,-0.948637,938,4,3580521,0
1744314900,gold-class-deploy-148-695b84db9-l7lw8_default,gold-controller-148,1.000000,0,average,1744311320,440,2,3580073,false,0.999876,-0.445084,440,2,3580073,0
1744314900,gold-class-deploy-149-7cd7d57bcd-wzndr_default,gold-controller-149,1.000000,0,average,1744311320,539,3,3579997,false,0.999848,-0.546632,539,3,3579997,0
1744314900,gold-class-deploy-150-7b7dd76fb-lbn47_default,gold-controller-150,1.000000,0,average,1744311320,888,5,3579671,false,0.999750,-0.898914,888,5,3579671,0
1744314900,gold-class-deploy-155-774f9c8759-n848z_default,gold-controller-155,1.000000,0,average,1744311321,938,4,3578647,false,0.999736,-0.948172,938,4,3578647,0
1744314900,gold-class-deploy-156-6fb66fc75d-zp555_default,gold-controller-156,1.000000,0,average,1744311322,138,2,3578474,false,0.999960,-0.144258,138,2,3578474,0
1744314900,gold-class-deploy-157-6cc56fb769-n5kjt_default,gold-controller-157,1.000000,0,average,1744311322,291,2,3578346,false,0.999918,-0.296522,291,2,3578346,0
1744314900,gold-class-deploy-16-66fc66dd5-6k5nz_default,gold-controller-16,1.000000,0,average,1744311291,438,4,3609222,false,0.999877,-0.447329,438,4,3609222,0
1744314900,gold-class-deploy-160-54db7dc8c9-phsrd_default,gold-controller-160,1.000000,0,average,1744311322,936,4,3577774,false,0.999737,-0.946081,936,4,3577774,0
1744314900,gold-class-deploy-161-5c867c4d48-6lzhg_default,gold-controller-161,1.000000,0,average,1744311323,386,4,3577347,false,0.999891,-0.396018,386,4,3577347,0
1744314900,gold-class-deploy-162-965c6f4c7-pjm46_default,gold-controller-162,1.000000,0,average,1744311323,536,5,3577220,false,0.999848,-0.548388,536,5,3577220,0
1744314900,gold-class-deploy-164-56b69cbfc9-bdxgd_default,gold-controller-164,1.000000,0,average,1744311323,836,4,3577149,false,0.999765,-0.846222,836,4,3577149,0
1744314901,gold-class-deploy-166-6c56c88bbf-td6m5_default,gold-controller-166,1.000000,0,average,1744311324,485,6,3576698,false,0.999862,-0.498503,485,6,3576698,0
1744314901,gold-class-deploy-167-5775bdcf94-pqp6c_default,gold-controller-167,1.000000,0,average,1744311324,639,2,3576648,false,0.999821,-0.644813,639,2,3576648,0
1744314901,gold-class-deploy-169-68875796b4-km22l_default,gold-controller-169,1.000000,0,average,1744311324,988,4,3576322,false,0.999722,-0.998108,988,4,3576322,0
1744314901,gold-class-deploy-17-67b99c46f6-btzf9_default,gold-controller-17,1.000000,0,average,1744311291,587,4,3609748,false,0.999836,-0.596416,587,4,3609748,0
1744314901,gold-class-deploy-171-dc69fd59c-kv9rw_default,gold-controller-171,1.000000,0,average,1744311325,439,2,3575923,false,0.999876,-0.444323,439,2,3575923,0
1744314901,gold-class-deploy-173-6484c8775-mstk4_default,gold-controller-173,1.000000,0,average,1744311325,788,4,3575597,false,0.999778,-0.797511,788,4,3575597,0
1744314901,gold-class-deploy-177-68977c6bc5-rcjqg_default,gold-controller-177,1.000000,0,average,1744311326,738,5,3574671,false,0.999792,-0.748488,738,5,3574671,0
1744314901,gold-class-deploy-178-7dcf7bfdc8-2tzq5_default,gold-controller-178,1.000000,0,average,1744311326,989,2,3574448,false,0.999722,-0.995254,989,2,3574448,0
1744314901,gold-class-deploy-18-69d97f54cf-72rm5_default,gold-controller-18,1.000000,0,average,1744311291,889,3,3609573,false,0.999753,-0.895678,889,3,3609573,0
1744314901,gold-class-deploy-180-7d5d46cb49-lvdtd_default,gold-controller-180,1.000000,0,average,1744311327,239,2,3574272,false,0.999932,-0.244870,239,2,3574272,0
1744314901,gold-class-deploy-19-9659785c4-k6vvp_default,gold-controller-19,1.000000,0,average,1744311291,988,5,3609546,false,0.999725,-0.999028,988,5,3609546,0
1744314901,gold-class-deploy-20-b67cd95c8-jdhbg_default,gold-controller-20,1.000000,0,average,1744311292,340,5,3609219,false,0.999904,-0.351719,340,5,3609219,0
1744314901,gold-class-deploy-21-7bcd7cc8c9-cfmhh_default,gold-controller-21,1.000000,0,average,1744311292,838,4,3608746,false,0.999766,-0.848580,838,4,3608746,0
1744314901,gold-class-deploy-23-d74984d7c-2fwnj_default,gold-controller-23,1.000000,0,average,1744311293,240,5,3608370,false,0.999932,-0.250582,240,5,3608370,0
1744314901,gold-class-deploy-25-86d8b6b59-zprgx_default,gold-controller-25,1.000000,0,average,1744311293,487,5,3608148,false,0.999864,-0.497600,487,5,3608148,0
1744314901,gold-class-deploy-26-85d56879dd-l6lm8_default,gold-controller-26,1.000000,0,average,1744311293,738,2,3607924,false,0.999795,-0.743861,738,2,3607924,0
1744314901,gold-class-deploy-27-895577f57-ffvl2_default,gold-controller-27,1.000000,0,average,1744311294,137,6,3607571,false,0.999960,-0.150580,137,6,3607571,0
1744314901,gold-class-deploy-28-6bb64f9fd-nwxnm_default,gold-controller-28,1.000000,0,average,1744311294,289,4,3607445,false,0.999919,-0.298493,289,4,3607445,0
1744314901,gold-class-deploy-29-677bc9654c-lqbl6_default,gold-controller-29,1.000000,0,average,1744311294,337,4,3607421,false,0.999905,-0.346967,337,4,3607421,0
1744314901,gold-class-deploy-30-bccd77449-4f6dl_default,gold-controller-30,1.000000,0,average,1744311294,641,5,3607341,false,0.999821,-0.653056,641,5,3607341,0
1744314902,gold-class-deploy-31-746b569664-9k4kz_default,gold-controller-31,1.000000,0,average,1744311294,737,5,3607446,false,0.999794,-0.748179,737,5,3607446,0
1744314902,gold-class-deploy-32-7665d5f459-6cjgj_default,gold-controller-32,1.000000,0,average,1744311295,189,5,3607096,false,0.999946,-0.199850,189,5,3607096,0
1744314902,gold-class-deploy-34-5fbb8d94fc-5fvz4_default,gold-controller-34,1.000000,0,average,1744311295,489,5,3606820,false,0.999863,-0.499657,489,5,3606820,0
1744314902,gold-class-deploy-37-c455f7646-f2lq8_default,gold-controller-37,1.000000,0,average,1744311296,190,3,3606146,false,0.999946,-0.196207,190,3,3606146,0
1744314902,gold-class-deploy-39-76f74ff58d-d45bk_default,gold-controller-39,1.000000,0,average,1744311296,488,5,3605871,false,0.999863,-0.498526,488,5,3605871,0
1744314902,gold-class-deploy-4-9d74457bb-h57z8_default,gold-controller-4,1.000000,0,average,1744311289,463,7,3612917,false,0.999870,-0.478253,463,7,3612917,0
1744314902,gold-class-deploy-40-69c4d758bd-w5wcb_default,gold-controller-40,1.000000,0,average,1744311296,688,2,3605722,false,0.999808,-0.693938,688,2,3605722,0
1744314902,gold-class-deploy-42-7b9d6b88fd-pbvdw_default,gold-controller-42,1.000000,0,average,1744311297,437,5,3604996,false,0.999877,-0.447144,437,5,3604996,0
1744314902,gold-class-deploy-44-6787dbc45b-f8qpw_default,gold-controller-44,1.000000,0,average,1744311297,688,5,3604770,false,0.999808,-0.698609,688,5,3604770,0
1744314902,gold-class-deploy-45-55784d9b8f-qrtr4_default,gold-controller-45,1.000000,0,average,1744311298,40,2,3604472,false,0.999988,-0.045980,40,2,3604472,0
1744314902,gold-class-deploy-47-68f98b9995-lfcdx_default,gold-controller-47,1.000000,0,average,1744311298,439,3,3604096,false,0.999877,-0.446603,439,3,3604096,0
1744314902,gold-class-deploy-48-5b68f895dd-cxbzm_default,gold-controller-48,1.000000,0,average,1744311298,588,6,3603970,false,0.999835,-0.601862,588,6,3603970,0
1744314902,gold-class-deploy-49-c9955c9b9-vq9nl_default,gold-controller-49,1.000000,0,average,1744311298,689,3,3603897,false,0.999808,-0.695633,689,3,3603897,0
1744314902,gold-class-deploy-5-84f47c7989-rctk8_default,gold-controller-5,1.000000,0,average,1744311289,554,7,3613054,false,0.999845,-0.569253,554,7,3613054,0
1744314902,gold-class-deploy-51-7f44957d58-ldwmv_default,gold-controller-51,1.000000,0,average,1744311299,89,3,3603547,false,0.999974,-0.096210,89,3,3603547,0
1744314902,gold-class-deploy-54-7bc678bc55-cgz6f_default,gold-controller-54,1.000000,0,average,1744311299,839,2,3602823,false,0.999766,-0.844557,839,2,3602823,0
1744314902,gold-class-deploy-6-6cb759d8d-nqm5f_default,gold-controller-6,1.000000,0,average,1744311289,642,4,3613068,false,0.999821,-0.652003,642,4,3613068,0
1744314902,gold-class-deploy-60-69766f7b86-p5848_default,gold-controller-60,1.000000,0,average,1744311301,239,5,3601494,false,0.999932,-0.251345,239,5,3601494,0
1744314902,gold-class-deploy-61-5b4ffb9795-jg4hv_default,gold-controller-61,1.000000,0,average,1744311301,538,6,3601219,false,0.999849,-0.552299,538,6,3601219,0
1744314902,gold-class-deploy-62-75fb75b8d8-v6rjc_default,gold-controller-62,1.000000,0,average,1744311301,737,5,3601247,false,0.999794,-0.747249,737,5,3601247,0
1744314903,gold-class-deploy-64-7976cb5698-fqn2v_default,gold-controller-64,1.000000,0,average,1744311301,990,2,3601196,false,0.999724,-0.996821,990,2,3601196,0
1744314903,gold-class-deploy-65-5bbff45f99-z9bdb_default,gold-controller-65,1.000000,0,average,1744311302,386,4,3600899,false,0.999891,-0.396154,386,4,3600899,0
1744314903,gold-class-deploy-69-f9c54699f-ctcrw_default,gold-controller-69,1.000000,0,average,1744311303,190,2,3600123,false,0.999946,-0.195668,190,2,3600123,0
1744314903,gold-class-deploy-7-54d8f5d97f-2dwhz_default,gold-controller-7,1.000000,0,average,1744311289,789,5,3613544,false,0.999780,-0.799430,789,5,3613544,0
1744314903,gold-class-deploy-71-dddbb5476-wl6dc_default,gold-controller-71,1.000000,0,average,1744311303,636,5,3599721,false,0.999822,-0.647661,636,5,3599721,0
1744314903,gold-class-deploy-74-5556bbddd9-2xb8q_default,gold-controller-74,1.000000,0,average,1744311304,289,4,3599095,false,0.999918,-0.299139,289,4,3599095,0
1744314903,gold-class-deploy-75-77fd46fd48-nmppb_default,gold-controller-75,1.000000,0,average,1744311304,491,2,3598921,false,0.999863,-0.496975,491,2,3598921,0
1744314903,gold-class-deploy-76-6698bbf5ff-hw7xh_default,gold-controller-76,1.000000,0,average,1744311304,538,4,3598896,false,0.999849,-0.548187,538,4,3598896,0
1744314903,gold-class-deploy-77-67b6f79db6-wt6lz_default,gold-controller-77,1.000000,0,average,1744311304,688,5,3598770,false,0.999807,-0.699924,688,5,3598770,0
1744314903,gold-class-deploy-78-7f79ffc9cc-nrjr6_default,gold-controller-78,1.000000,0,average,1744311305,88,2,3598422,false,0.999974,-0.094877,88,2,3598422,0
1744314903,gold-class-deploy-79-54f7fcd88d-59kx9_default,gold-controller-79,1.000000,0,average,1744311305,289,5,3598245,false,0.999918,-0.300393,289,5,3598245,0
1744314903,gold-class-deploy-80-79b84b6ff6-dtmm4_default,gold-controller-80,1.000000,0,average,1744311305,489,2,3598073,false,0.999863,-0.494984,489,2,3598073,0
1744314903,gold-class-deploy-85-5f8df8987c-lsrpg_default,gold-controller-85,1.000000,0,average,1744311306,487,5,3597097,false,0.999863,-0.498550,487,5,3597097,0
1744314903,gold-class-deploy-86-6c45f47846-l755k_default,gold-controller-86,1.000000,0,average,1744311307,37,5,3596571,false,0.999988,-0.048474,37,5,3596571,0
1744314903,gold-class-deploy-88-7c9644bcf6-sz757_default,gold-controller-88,1.000000,0,average,1744311307,290,4,3596343,false,0.999918,-0.300212,290,4,3596343,0
1744314903,gold-class-deploy-89-755b9cc65c-tn7mh_default,gold-controller-89,1.000000,0,average,1744311307,339,4,3596318,false,0.999904,-0.349256,339,4,3596318,0
1744314903,gold-class-deploy-9-d4b6748b5-7hfrc_default,gold-controller-9,1.000000,0,average,1744311290,87,6,3613619,false,0.999974,-0.100233,87,6,3613619,0
1744314903,gold-class-deploy-92-79d6b8fd65-8sd79_default,gold-controller-92,1.000000,0,average,1744311308,237,4,3595497,false,0.999933,-0.246735,237,4,3595497,0
1744314903,gold-class-deploy-94-76d4df44ff-tbptp_default,gold-controller-94,1.000000,0,average,1744311308,436,4,3595323,false,0.999877,-0.446190,436,4,3595323,0
1744314903,gold-class-deploy-96-6f5b668b8f-qt6v7_default,gold-controller-96,1.000000,0,average,1744311309,138,4,3594696,false,0.999960,-0.148176,138,4,3594696,0
1744314903,gold-class-deploy-97-f8f4b9896-b4gvs_default,gold-controller-97,1.000000,0,average,1744311309,287,5,3594572,false,0.999919,-0.297776,287,5,3594572,0
1744314903,gold-class-deploy-98-6d96fb87bc-cqv2h_default,gold-controller-98,1.000000,0,average,1744311309,338,5,3594546,false,0.999904,-0.348953,338,5,3594546,0
1744314903,gold-class-deploy-99-6946db949d-flgjp_default,gold-controller-99,1.000000,0,average,1744311309,438,2,3594473,false,0.999877,-0.443910,438,2,3594473,0
