1744375897,bronze-class-deploy-200-5b967944d6-fn4nb_default,bronze-controller-200,0.500000,0,average,1744375895,667,2,1607,false,0.705600,0.465613,667,2,1607,0
1744375897,bronze-class-deploy-197-54d6865955-whr7q_default,bronze-controller-197,0.500000,0,average,1744375895,18,4,2356,false,0.990276,1.161819,18,4,2356,0
1744375899,bronze-class-deploy-198-54d6654c94-5zgd8_default,bronze-controller-198,0.500000,0,average,1744375895,217,2,3858,false,0.945963,1.816309,217,2,3858,0
1744375899,bronze-class-deploy-194-5756c5ddf4-vg5dm_default,bronze-controller-194,0.500000,0,average,1744375894,417,2,4808,false,0.919607,2.191580,417,2,4808,0
1744375899,bronze-class-deploy-193-59b54c78ff-l9lb5_default,bronze-controller-193,0.500000,0,average,1744375894,15,4,5409,false,0.996337,2.690202,15,4,5409,0
1744375901,bronze-class-deploy-190-849f9c476b-c8mfv_default,bronze-controller-190,0.500000,0,average,1744375893,565,4,8108,false,0.934236,3.764025,565,4,8108,0
1744375901,bronze-class-deploy-188-7d9975bfd7-fd6xf_default,bronze-controller-188,0.500000,0,average,1744375893,115,4,8755,false,0.986398,4.312651,115,4,8755,0
1744375901,bronze-class-deploy-183-764ffb7bfd-gtmpq_default,bronze-controller-183,0.500000,0,average,1744375892,67,2,9857,false,0.992888,4.890505,67,2,9857,0
1744375903,bronze-class-deploy-185-7755fc7d68-tvrrj_default,bronze-controller-185,0.500000,0,average,1744375892,614,4,10407,false,0.943831,4.889026,614,4,10407,0
1744375903,bronze-class-deploy-181-7b66d4f856-2xhmb_default,bronze-controller-181,0.500000,0,average,1744375891,915,7,11209,false,0.923951,5.136004,915,7,11209,0
1744375903,bronze-class-deploy-180-f7695464c-pwc9q_default,bronze-controller-180,0.500000,0,average,1744375891,215,4,12007,false,0.981942,5.888447,215,4,12007,0
1744375903,bronze-class-deploy-179-6669cf4567-zgd78_default,bronze-controller-179,0.500000,0,average,1744375891,115,5,12707,false,0.990584,6.288302,115,5,12707,0
1744375904,bronze-class-deploy-176-7bf55c8bcd-mdnwz_default,bronze-controller-176,0.500000,0,average,1744375890,467,4,13960,false,0.967245,6.738851,467,4,13960,0
1744375904,bronze-class-deploy-178-58f8fd9d9b-vkl8s_default,bronze-controller-178,0.500000,0,average,1744375890,817,4,13755,false,0.943586,6.461769,817,4,13755,0
1744375905,bronze-class-deploy-175-798f7c8fd7-b476r_default,bronze-controller-175,0.500000,0,average,1744375890,267,2,15156,false,0.982502,7.440479,267,2,15156,0
1744375907,bronze-class-deploy-174-595c94b464-brc7r_default,bronze-controller-174,0.500000,0,average,1744375889,967,4,17104,false,0.946225,8.062173,967,4,17104,0
1744375907,bronze-class-deploy-170-68b674db44-x458x_default,bronze-controller-170,0.500000,0,average,1744375889,265,7,18159,false,0.985219,8.935962,265,7,18159,0
1744375909,bronze-class-deploy-172-7f7f74d5db-28bjh_default,bronze-controller-172,0.500000,0,average,1744375889,665,4,19456,false,0.966697,9.388721,665,4,19456,0
1744375909,bronze-class-deploy-167-657f55785b-kvjs2_default,bronze-controller-167,0.500000,0,average,1744375888,567,4,20655,false,0.973057,10.037079,567,4,20655,0
1744375909,bronze-class-deploy-168-5b98dc56d5-mpr2s_default,bronze-controller-168,0.500000,0,average,1744375888,718,3,21004,false,0.966749,10.137260,718,3,21004,0
1744379451,bronze-class-deploy-1-bcc6465f5-zvj8t_default,bronze-controller-1,0.500000,0,average,1744375853,171,7,3598275,false,0.999950,1799.041487,171,7,3598275,0
1744379451,bronze-class-deploy-10-544ff9d8b5-5j4hl_default,bronze-controller-10,0.500000,0,average,1744375854,268,5,3597186,false,0.999924,1798.450652,268,5,3597186,0
1744379451,bronze-class-deploy-101-75dd58d8-r4ckv_default,bronze-controller-101,0.500000,0,average,1744375874,365,5,3577096,false,0.999896,1788.357237,365,5,3577096,0
1744379451,bronze-class-deploy-102-7c9b6b4f9c-wm92f_default,bronze-controller-102,0.500000,0,average,1744375874,514,6,3576951,false,0.999854,1788.209372,514,6,3576951,0
1744379451,bronze-class-deploy-106-7fbcdf48c7-j9twb_default,bronze-controller-106,0.500000,0,average,1744375875,417,7,3576052,false,0.999881,1787.806573,417,7,3576052,0
1744379451,bronze-class-deploy-107-698ddc775d-nkdpw_default,bronze-controller-107,0.500000,0,average,1744375875,466,4,3576013,false,0.999868,1787.766292,466,4,3576013,0
1744379451,bronze-class-deploy-108-567476c4c5-8qlqw_default,bronze-controller-108,0.500000,0,average,1744375875,616,4,3575871,false,0.999826,1787.620365,616,4,3575871,0
1744379451,bronze-class-deploy-109-7fcb97d896-bfzr5_default,bronze-controller-109,0.500000,0,average,1744375875,818,3,3575900,false,0.999770,1787.536174,818,3,3575900,0
1744379451,bronze-class-deploy-114-6c96557646-5vstw_default,bronze-controller-114,0.500000,0,average,1744375876,868,5,3575073,false,0.999756,1787.095178,868,5,3575073,0
1744379460,bronze-class-deploy-115-54f49dbdb9-8zqwg_default,bronze-controller-115,0.500000,0,average,1744375877,118,3,3583225,false,0.999966,1791.548118,118,3,3583225,0
1744379460,bronze-class-deploy-117-6cd9c784cf-b6hpc_default,bronze-controller-117,0.500000,0,average,1744375877,618,4,3583323,false,0.999826,1791.345009,618,4,3583323,0
1744379461,bronze-class-deploy-118-5df75cc698-m7dsk_default,bronze-controller-118,0.500000,0,average,1744375877,817,4,3583446,false,0.999771,1791.307004,817,4,3583446,0
1744379461,bronze-class-deploy-119-7f5698955c-qx4lz_default,bronze-controller-119,0.500000,0,average,1744375878,18,2,3583500,false,0.999994,1791.737428,18,2,3583500,0
1744379462,bronze-class-deploy-12-58bdf8c7c9-q4k8b_default,bronze-controller-12,0.500000,0,average,1744375854,566,4,3607624,false,0.999842,1803.521244,566,4,3607624,0
1744379462,bronze-class-deploy-120-7448644d7c-zdsxj_default,bronze-controller-120,0.500000,0,average,1744375878,266,5,3584124,false,0.999924,1791.921047,266,5,3584124,0
1744379463,bronze-class-deploy-122-68bc999755-ss2cm_default,bronze-controller-122,0.500000,0,average,1744375878,867,9,3584418,false,0.999755,1791.761925,867,9,3584418,0
1744379463,bronze-class-deploy-125-7954b7fc58-cjnqn_default,bronze-controller-125,0.500000,0,average,1744375879,319,3,3584198,false,0.999910,1791.934625,319,3,3584198,0
1744379464,bronze-class-deploy-126-6b779f9447-sb4gs_default,bronze-controller-126,0.500000,0,average,1744375879,667,7,3584496,false,0.999812,1791.903828,667,7,3584496,0
1744379464,bronze-class-deploy-128-6f68c4ffb9-6c7qj_default,bronze-controller-128,0.500000,0,average,1744375880,18,2,3584375,false,0.999994,1792.174376,18,2,3584375,0
1744379464,bronze-class-deploy-13-698b8c4fc8-6qnnc_default,bronze-controller-13,0.500000,0,average,1744375855,16,6,3609923,false,0.999994,1804.944328,16,6,3609923,0
1744379465,bronze-class-deploy-130-8f5c74f44-7d6vv_default,bronze-controller-130,0.500000,0,average,1744375880,366,4,3584700,false,0.999897,1792.160347,366,4,3584700,0
1744379465,bronze-class-deploy-132-698487d44b-tgz9s_default,bronze-controller-132,0.500000,0,average,1744375880,916,5,3584172,false,0.999743,1791.620251,916,5,3584172,0
1744379465,bronze-class-deploy-133-5b4c694d9c-2vn7j_default,bronze-controller-133,0.500000,0,average,1744375881,117,5,3583998,false,0.999966,1791.932538,117,5,3583998,0
1744379465,bronze-class-deploy-134-d4dfffb4-9tq9c_default,bronze-controller-134,0.500000,0,average,1744375881,319,3,3583822,false,0.999910,1791.745730,319,3,3583822,0
1744379465,bronze-class-deploy-135-78b9695495-lb2bj_default,bronze-controller-135,0.500000,0,average,1744375881,519,5,3583646,false,0.999854,1791.556127,519,5,3583646,0
1744379465,bronze-class-deploy-139-8665f4d9d7-fvx4z_default,bronze-controller-139,0.500000,0,average,1744375882,319,3,3582873,false,0.999910,1791.271923,319,3,3582873,0
1744379465,bronze-class-deploy-14-7858b5645-tf5r2_default,bronze-controller-14,0.500000,0,average,1744375855,115,5,3610125,false,0.999967,1804.997086,115,5,3610125,0
1744379465,bronze-class-deploy-140-677b77d775-2m74d_default,bronze-controller-140,0.500000,0,average,1744375882,418,2,3582852,false,0.999882,1791.212542,418,2,3582852,0
1744379465,bronze-class-deploy-141-64d9d9ffb4-9d6jv_default,bronze-controller-141,0.500000,0,average,1744375883,168,9,3582117,false,0.999950,1790.960618,168,9,3582117,0
1744379465,bronze-class-deploy-142-856fd4bb69-v7zgx_default,bronze-controller-142,0.500000,0,average,1744375883,219,5,3582097,false,0.999937,1790.931012,219,5,3582097,0
1744379465,bronze-class-deploy-144-6f4dbc6bc5-45dgh_default,bronze-controller-144,0.500000,0,average,1744375883,465,4,3581876,false,0.999869,1790.698413,465,4,3581876,0
1744379465,bronze-class-deploy-147-f445bcdf4-m72zs_default,bronze-controller-147,0.500000,0,average,1744375884,218,2,3581151,false,0.999938,1790.462032,218,2,3581151,0
1744379465,bronze-class-deploy-148-859dcd8799-kkv2m_default,bronze-controller-148,0.500000,0,average,1744375884,418,5,3580972,false,0.999882,1790.268858,418,5,3580972,0
1744379465,bronze-class-deploy-149-5cb5d69884-tdg2w_default,bronze-controller-149,0.500000,0,average,1744375884,618,5,3580798,false,0.999826,1790.082336,618,5,3580798,0
1744379465,bronze-class-deploy-15-68fd6757b-x5x66_default,bronze-controller-15,0.500000,0,average,1744375855,267,2,3610201,false,0.999925,1804.963063,267,2,3610201,0
1744379465,bronze-class-deploy-150-858fb97c58-vwvbg_default,bronze-controller-150,0.500000,0,average,1744375885,19,5,3580471,false,0.999993,1790.218268,19,5,3580471,0
1744379465,bronze-class-deploy-151-7674655d8f-q5c77_default,bronze-controller-151,0.500000,0,average,1744375885,118,3,3580399,false,0.999966,1790.135855,118,3,3580399,0
1744379465,bronze-class-deploy-152-66f4d7f6fb-fhj8m_default,bronze-controller-152,0.500000,0,average,1744375885,268,2,3580275,false,0.999924,1789.999124,268,2,3580275,0
1744379465,bronze-class-deploy-154-5cc94ccb74-s5tb2_default,bronze-controller-154,0.500000,0,average,1744375885,568,5,3580147,false,0.999840,1789.781997,568,5,3580147,0
1744379465,bronze-class-deploy-156-6db8cbb96-g7pml_default,bronze-controller-156,0.500000,0,average,1744375886,116,5,3579825,false,0.999966,1789.847281,116,5,3579825,0
1744379466,bronze-class-deploy-157-96fb4b5cf-ft7r2_default,bronze-controller-157,0.500000,0,average,1744375886,315,4,3579749,false,0.999910,1789.709991,315,4,3579749,0
1744379466,bronze-class-deploy-159-768bc8bb9c-mlh9d_default,bronze-controller-159,0.500000,0,average,1744375886,816,5,3579274,false,0.999770,1789.220685,816,5,3579274,0
1744379466,bronze-class-deploy-16-6d879f594c-sk2rd_default,bronze-controller-16,0.500000,0,average,1744375855,568,2,3610549,false,0.999842,1804.986634,568,2,3610549,0
1744379466,bronze-class-deploy-160-86d4fbd85-tbzqg_default,bronze-controller-160,0.500000,0,average,1744375887,18,6,3579118,false,0.999993,1789.539663,18,6,3579118,0
1744379466,bronze-class-deploy-162-7b769cc59-9lw7r_default,bronze-controller-162,0.500000,0,average,1744375887,667,6,3578499,false,0.999812,1788.906337,667,6,3578499,0
1744379466,bronze-class-deploy-163-fcd6457fb-r7rj5_default,bronze-controller-163,0.500000,0,average,1744375887,716,4,3578474,false,0.999799,1788.872356,716,4,3578474,0
1744379466,bronze-class-deploy-164-855bdfd78f-zr7tk_default,bronze-controller-164,0.500000,0,average,1744375887,870,3,3578373,false,0.999756,1788.746836,870,3,3578373,0
1744379466,bronze-class-deploy-165-56594d879d-zfq8t_default,bronze-controller-165,0.500000,0,average,1744375887,967,3,3578301,false,0.999729,1788.662570,967,3,3578301,0
1744379466,bronze-class-deploy-167-657f55785b-6x4qb_default,bronze-controller-167,0.500000,0,average,1744375910,3556296,0,0,false,0.005774,-3536.211996,3556863,4,20658,0
1744379466,bronze-class-deploy-168-5b98dc56d5-cz67r_default,bronze-controller-168,0.500000,0,average,1744375910,3556321,0,0,false,0.005871,-3536.039178,3557039,3,21006,0
1744379466,bronze-class-deploy-17-68d75d7db-7vvsk_default,bronze-controller-17,0.500000,0,average,1744375855,668,2,3610674,false,0.999814,1804.998764,668,2,3610674,0
1744379466,bronze-class-deploy-170-68b674db44-nll9h_default,bronze-controller-170,0.500000,0,average,1744375909,3557371,0,0,false,0.005079,-3539.486089,3557636,7,18161,0
1744379466,bronze-class-deploy-172-7f7f74d5db-9t8dp_default,bronze-controller-172,0.500000,0,average,1744375910,3556396,0,0,false,0.005440,-3537.610986,3557062,4,19457,0
1744379466,bronze-class-deploy-174-595c94b464-49f58_default,bronze-controller-174,0.500000,0,average,1744375908,3558418,0,0,false,0.004783,-3542.284602,3559386,4,17107,0
1744379466,bronze-class-deploy-175-798f7c8fd7-mbwmc_default,bronze-controller-175,0.500000,0,average,1744375906,3560470,0,0,false,0.004240,-3545.581849,3560738,2,15160,0
1744379466,bronze-class-deploy-176-7bf55c8bcd-ssgcm_default,bronze-controller-176,0.500000,0,average,1744375905,3561495,0,0,false,0.003905,-3548.008258,3561963,4,13962,0
1744379466,bronze-class-deploy-178-58f8fd9d9b-tplcb_default,bronze-controller-178,0.500000,0,average,1744375905,3561520,0,0,false,0.003847,-3548.587380,3562338,4,13758,0
1744379466,bronze-class-deploy-179-6669cf4567-mvpq8_default,bronze-controller-179,0.500000,0,average,1744375904,3562545,0,0,false,0.003555,-3549.959928,3562661,5,12709,0
1744379466,bronze-class-deploy-18-8554695b7c-67fmc_default,bronze-controller-18,0.500000,0,average,1744375856,21,3,3610695,false,0.999993,1805.332632,21,3,3610695,0
1744379466,bronze-class-deploy-180-f7695464c-fc4th_default,bronze-controller-180,0.500000,0,average,1744375903,3563945,0,0,false,0.003358,-3552.159598,3564161,4,12009,0
1744379467,bronze-class-deploy-181-7b66d4f856-gjrnb_default,bronze-controller-181,0.500000,0,average,1744375903,3564070,0,0,false,0.003135,-3553.785617,3564985,7,11211,0
1744379467,bronze-class-deploy-183-764ffb7bfd-8pwmv_default,bronze-controller-183,0.500000,0,average,1744375902,3565096,0,0,false,0.002758,-3555.308030,3565164,2,9860,0
1744379467,bronze-class-deploy-185-7755fc7d68-tfp9d_default,bronze-controller-185,0.500000,0,average,1744375903,3564120,0,0,false,0.002912,-3554.332170,3564735,4,10410,0
1744379467,bronze-class-deploy-188-7d9975bfd7-x5kkj_default,bronze-controller-188,0.500000,0,average,1744375902,3565146,0,0,false,0.002451,-3556.510568,3565262,4,8758,0
1744379467,bronze-class-deploy-19-6884d49cb8-bpfdd_default,bronze-controller-19,0.500000,0,average,1744375856,168,3,3610997,false,0.999952,1805.409036,168,3,3610997,0
1744379467,bronze-class-deploy-190-849f9c476b-dtvh7_default,bronze-controller-190,0.500000,0,average,1744375902,3565197,0,0,false,0.002271,-3557.653822,3565763,4,8116,0
1744379467,bronze-class-deploy-193-59b54c78ff-cs4nf_default,bronze-controller-193,0.500000,0,average,1744375899,3568245,0,0,false,0.001514,-3562.856783,3568261,4,5411,0
1744379467,bronze-class-deploy-194-5756c5ddf4-qs8dm_default,bronze-controller-194,0.500000,0,average,1744375899,3568270,0,0,false,0.001346,-3563.882083,3568688,2,4810,0
1744379467,bronze-class-deploy-197-54d6865955-ltxsp_default,bronze-controller-197,0.500000,0,average,1744375897,3570295,0,0,false,0.000660,-3567.961953,3570314,4,2359,0
1744379467,bronze-class-deploy-198-54d6654c94-z72l7_default,bronze-controller-198,0.500000,0,average,1744375899,3568321,0,0,false,0.001081,-3564.682411,3568538,2,3860,0
1744379467,bronze-class-deploy-2-6b75d47b6-rkzxm_default,bronze-controller-2,0.500000,0,average,1744375853,265,5,3614075,false,0.999925,1806.897189,265,5,3614075,0
1744379467,bronze-class-deploy-20-6f4ff875d4-6cxqb_default,bronze-controller-20,0.500000,0,average,1744375856,418,6,3610946,false,0.999882,1805.253809,418,6,3610946,0
1744379467,bronze-class-deploy-200-5b967944d6-txcld_default,bronze-controller-200,0.500000,0,average,1744375897,3570394,0,0,false,0.000451,-3569.455388,3571062,2,1610,0
1744379467,bronze-class-deploy-201-698756687c-nw5zp_default,bronze-controller-201,0.500000,0,average,1744375896,3571421,0,0,false,0.000000,-3573.821819,3571421,0,0,0
1744379467,bronze-class-deploy-202-545b74cf84-rwdp9_default,bronze-controller-202,0.500000,0,average,1744375896,3571471,0,0,false,0.000000,-3573.871952,3571471,0,0,0
1744379467,bronze-class-deploy-203-7d4b886cd7-vd57k_default,bronze-controller-203,0.500000,0,average,1744375896,3571496,0,0,false,0.000000,-3573.896547,3571496,0,0,0
1744379467,bronze-class-deploy-204-57447dc6b6-g6wsp_default,bronze-controller-204,0.500000,0,average,1744375896,3571520,0,0,false,0.000000,-3573.920525,3571520,0,0,0
1744379467,bronze-class-deploy-205-5c9d48864f-rk4jx_default,bronze-controller-205,0.500000,0,average,1744375896,3571545,0,0,false,0.000000,-3573.945082,3571545,0,0,0
1744379467,bronze-class-deploy-208-7df78778d6-n82kh_default,bronze-controller-208,0.500000,0,average,1744375897,3570719,0,0,false,0.000000,-3573.119219,3570719,0,0,0
1744379467,bronze-class-deploy-209-75f66bfbcc-27n6m_default,bronze-controller-209,0.500000,0,average,1744375897,3570944,0,0,false,0.000000,-3573.344050,3570944,0,0,0
1744379468,bronze-class-deploy-210-998865cf-b4dnh_default,bronze-controller-210,0.500000,0,average,1744375898,3570069,0,0,false,0.000000,-3572.469967,3570069,0,0,0
1744379468,bronze-class-deploy-211-74c6464f44-99fc2_default,bronze-controller-211,0.500000,0,average,1744375898,3570096,0,0,false,0.000000,-3572.496013,3570096,0,0,0
1744379468,bronze-class-deploy-212-d7bf54649-tk5j8_default,bronze-controller-212,0.500000,0,average,1744375898,3570121,0,0,false,0.000000,-3572.521204,3570121,0,0,0
1744379468,bronze-class-deploy-213-777fcdb75d-9jdw6_default,bronze-controller-213,0.500000,0,average,1744375898,3570145,0,0,false,0.000000,-3572.545482,3570145,0,0,0
1744379468,bronze-class-deploy-217-b85c7b558-8s6kk_default,bronze-controller-217,0.500000,0,average,1744375899,3569171,0,0,false,0.000000,-3571.571750,3569171,0,0,0
1744379468,bronze-class-deploy-218-6bcd7fc9b7-qphfw_default,bronze-controller-218,0.500000,0,average,1744375900,3568194,0,0,false,0.000000,-3570.594530,3568194,0,0,0
1744379468,bronze-class-deploy-219-5c66b7d568-s5h7n_default,bronze-controller-219,0.500000,0,average,1744375900,3568244,0,0,false,0.000000,-3570.644390,3568244,0,0,0
1744379468,bronze-class-deploy-22-597585bbb-jdzsl_default,bronze-controller-22,0.500000,0,average,1744375857,118,5,3611144,false,0.999966,1805.505070,118,5,3611144,0
1744379468,bronze-class-deploy-220-7ddfbbfdd-q5lmx_default,bronze-controller-220,0.500000,0,average,1744375900,3568295,0,0,false,0.000000,-3570.695929,3568295,0,0,0
1744379468,bronze-class-deploy-221-58bd9f4c75-hthkb_default,bronze-controller-221,0.500000,0,average,1744375900,3568320,0,0,false,0.000000,-3570.720994,3568320,0,0,0
1744379468,bronze-class-deploy-222-5c479cfc98-s2h5g_default,bronze-controller-222,0.500000,0,average,1744375900,3568345,0,0,false,0.000000,-3570.745260,3568345,0,0,0
1744379468,bronze-class-deploy-223-64c9895445-5t7gs_default,bronze-controller-223,0.500000,0,average,1744375901,3567370,0,0,false,0.000000,-3569.770337,3567370,0,0,0
1744379468,bronze-class-deploy-224-67f77fdf7b-n2thw_default,bronze-controller-224,0.500000,0,average,1744375901,3567396,0,0,false,0.000000,-3569.796362,3567396,0,0,0
1744379468,bronze-class-deploy-228-5fcb4f8fd4-2p9dg_default,bronze-controller-228,0.500000,0,average,1744375902,3566420,0,0,false,0.000000,-3568.820598,3566420,0,0,0
1744379468,bronze-class-deploy-229-6c6df7cdf5-8rzwj_default,bronze-controller-229,0.500000,0,average,1744375902,3566469,0,0,false,0.000000,-3568.869722,3566469,0,0,0
1744379468,bronze-class-deploy-23-789ddc74ff-4vbwh_default,bronze-controller-23,0.500000,0,average,1744375857,218,2,3611274,false,0.999939,1805.523374,218,2,3611274,0
1744379468,bronze-class-deploy-233-cfbf8bf7b-h2d2m_default,bronze-controller-233,0.500000,0,average,1744375903,3565521,0,0,false,0.000000,-3567.921608,3565521,0,0,0
1744379468,bronze-class-deploy-235-86855ddf8-zn5jh_default,bronze-controller-235,0.500000,0,average,1744375904,3564546,0,0,false,0.000000,-3566.946270,3564546,0,0,0
1744379468,bronze-class-deploy-238-b956c4fc7-ksxt8_default,bronze-controller-238,0.500000,0,average,1744375905,3563718,0,0,false,0.000000,-3566.118620,3563718,0,0,0
1744379468,bronze-class-deploy-240-6c9bbfd64b-nb6nr_default,bronze-controller-240,0.500000,0,average,1744375905,3563946,0,0,false,0.000000,-3566.346280,3563946,0,0,0
1744379469,bronze-class-deploy-241-7d85b5457c-8dp5m_default,bronze-controller-241,0.500000,0,average,1744375906,3563071,0,0,false,0.000000,-3565.471166,3563071,0,0,0
1744379469,bronze-class-deploy-242-775bdcf44d-g94zs_default,bronze-controller-242,0.500000,0,average,1744375906,3563095,0,0,false,0.000000,-3565.495848,3563095,0,0,0
1744379469,bronze-class-deploy-243-7c66d48759-7fc7v_default,bronze-controller-243,0.500000,0,average,1744375906,3563121,0,0,false,0.000000,-3565.521080,3563121,0,0,0
1744379469,bronze-class-deploy-244-586c489998-zp4v4_default,bronze-controller-244,0.500000,0,average,1744375906,3563145,0,0,false,0.000000,-3565.545751,3563145,0,0,0
1744379469,bronze-class-deploy-246-6d4c957c8d-t9th5_default,bronze-controller-246,0.500000,0,average,1744375907,3562170,0,0,false,0.000000,-3564.570945,3562170,0,0,0
1744379469,bronze-class-deploy-248-88577556b-tq592_default,bronze-controller-248,0.500000,0,average,1744375907,3562194,0,0,false,0.000000,-3564.594007,3562194,0,0,0
1744379469,bronze-class-deploy-249-577758d8f-8nggj_default,bronze-controller-249,0.500000,0,average,1744375907,3562243,0,0,false,0.000000,-3564.643674,3562243,0,0,0
1744379469,bronze-class-deploy-250-66577bd899-r8cnm_default,bronze-controller-250,0.500000,0,average,1744375907,3562269,0,0,false,0.000000,-3564.669007,3562269,0,0,0
1744379469,bronze-class-deploy-251-85c48878fb-vvc88_default,bronze-controller-251,0.500000,0,average,1744375908,3561296,0,0,false,0.000000,-3563.696396,3561296,0,0,0
1744379469,bronze-class-deploy-252-7658d9f645-5m8wj_default,bronze-controller-252,0.500000,0,average,1744375908,3561321,0,0,false,0.000000,-3563.721430,3561321,0,0,0
1744379469,bronze-class-deploy-253-6f9b799798-hzspk_default,bronze-controller-253,0.500000,0,average,1744375908,3561345,0,0,false,0.000000,-3563.745852,3561345,0,0,0
1744379469,bronze-class-deploy-254-77689b46bc-prc6g_default,bronze-controller-254,0.500000,0,average,1744375909,3560371,0,0,false,0.000000,-3562.771338,3560371,0,0,0
1744379469,bronze-class-deploy-257-858867dbf8-s5486_default,bronze-controller-257,0.500000,0,average,1744375909,3560394,0,0,false,0.000000,-3562.794305,3560394,0,0,0
1744379469,bronze-class-deploy-3-78f44d87df-hbgn4_default,bronze-controller-3,0.500000,0,average,1744375853,353,5,3616060,false,0.999901,1807.845476,353,5,3616060,0
1744379469,bronze-class-deploy-30-7b44f7f779-f6dmz_default,bronze-controller-30,0.500000,0,average,1744375858,719,2,3610746,false,0.999800,1805.009463,719,2,3610746,0
1744379469,bronze-class-deploy-32-5b98fc599c-bjhzn_default,bronze-controller-32,0.500000,0,average,1744375859,168,5,3610323,false,0.999952,1805.069922,168,5,3610323,0
1744379469,bronze-class-deploy-33-6974966ff6-dss7b_default,bronze-controller-33,0.500000,0,average,1744375859,268,3,3610249,false,0.999925,1804.985444,268,3,3610249,0
1744379469,bronze-class-deploy-34-785c9767b7-568nk_default,bronze-controller-34,0.500000,0,average,1744375859,366,5,3610176,false,0.999897,1804.897219,366,5,3610176,0
1744379469,bronze-class-deploy-35-76cc9664cd-6fcgq_default,bronze-controller-35,0.500000,0,average,1744375859,716,5,3609999,false,0.999800,1804.632812,716,5,3609999,0
1744379469,bronze-class-deploy-36-78bb99cfcc-c8hsl_default,bronze-controller-36,0.500000,0,average,1744375859,768,5,3610171,false,0.999786,1804.693174,768,5,3610171,0
1744379470,bronze-class-deploy-40-7cc5759c9d-r56pn_default,bronze-controller-40,0.500000,0,average,1744375860,766,4,3609299,false,0.999786,1804.259875,766,4,3609299,0
1744379470,bronze-class-deploy-41-556dfb4967-shkpt_default,bronze-controller-41,0.500000,0,average,1744375861,316,5,3608774,false,0.999911,1804.221018,316,5,3608774,0
1744379470,bronze-class-deploy-42-54bd89c684-k4kps_default,bronze-controller-42,0.500000,0,average,1744375861,468,4,3608648,false,0.999869,1804.083148,468,4,3608648,0
1744379470,bronze-class-deploy-43-6fc7b66697-lp7vb_default,bronze-controller-43,0.500000,0,average,1744375861,517,2,3608624,false,0.999856,1804.049257,517,2,3608624,0
1744379470,bronze-class-deploy-49-bc7b4669f-xq5df_default,bronze-controller-49,0.500000,0,average,1744375862,916,4,3607249,false,0.999745,1803.159396,916,4,3607249,0
1744379470,bronze-class-deploy-51-667995bb5b-jq72z_default,bronze-controller-51,0.500000,0,average,1744375863,266,4,3606924,false,0.999925,1803.322344,266,4,3606924,0
1744379470,bronze-class-deploy-52-677d77c7c5-9w5pq_default,bronze-controller-52,0.500000,0,average,1744375863,318,2,3606925,false,0.999911,1803.299422,318,2,3606925,0
1744379470,bronze-class-deploy-54-84875b8bb5-mq5p8_default,bronze-controller-54,0.500000,0,average,1744375864,17,5,3606248,false,0.999994,1803.107553,17,5,3606248,0
1744379470,bronze-class-deploy-57-6fbfb676f8-t98zn_default,bronze-controller-57,0.500000,0,average,1744375864,416,5,3605873,false,0.999883,1802.720896,416,5,3605873,0
1744379470,bronze-class-deploy-59-84457f5cb4-rfv2s_default,bronze-controller-59,0.500000,0,average,1744375865,69,5,3605246,false,0.999979,1802.581127,69,5,3605246,0
1744379470,bronze-class-deploy-60-544986585b-bs84m_default,bronze-controller-60,0.500000,0,average,1744375865,266,4,3605074,false,0.999925,1802.396715,266,4,3605074,0
1744379470,bronze-class-deploy-61-76d4c56677-s8ck8_default,bronze-controller-61,0.500000,0,average,1744375865,569,5,3604797,false,0.999841,1802.106406,569,5,3604797,0
1744379470,bronze-class-deploy-62-58fb57d586-5b9lq_default,bronze-controller-62,0.500000,0,average,1744375865,720,2,3604673,false,0.999799,1801.972255,720,2,3604673,0
1744379470,bronze-class-deploy-63-6df84b9bf9-ztmm5_default,bronze-controller-63,0.500000,0,average,1744375865,915,5,3604500,false,0.999745,1801.784549,915,5,3604500,0
1744379470,bronze-class-deploy-66-695885558b-5cntm_default,bronze-controller-66,0.500000,0,average,1744375866,565,4,3603900,false,0.999842,1801.660009,565,4,3603900,0
1744379470,bronze-class-deploy-68-6cbf9997f6-n2fhh_default,bronze-controller-68,0.500000,0,average,1744375867,16,5,3603474,false,0.999994,1801.720902,16,5,3603474,0
1744379470,bronze-class-deploy-69-6b84c67485-lw929_default,bronze-controller-69,0.500000,0,average,1744375867,216,5,3603299,false,0.999939,1801.533984,216,5,3603299,0
1744379470,bronze-class-deploy-70-7d7979d959-xkc7g_default,bronze-controller-70,0.500000,0,average,1744375867,367,3,3603175,false,0.999897,1801.398844,367,3,3603175,0
1744379470,bronze-class-deploy-72-56f4f6c645-t9lrc_default,bronze-controller-72,0.500000,0,average,1744375867,820,3,3602896,false,0.999771,1801.033123,820,3,3602896,0
1744379470,bronze-class-deploy-74-747f4b47d7-5bvl4_default,bronze-controller-74,0.500000,0,average,1744375868,166,4,3602775,false,0.999952,1801.297105,166,4,3602775,0
1744379471,bronze-class-deploy-75-86d9b78dbb-bg9pt_default,bronze-controller-75,0.500000,0,average,1744375868,366,5,3602699,false,0.999897,1801.158947,366,5,3602699,0
1744379471,bronze-class-deploy-77-84dcf6b7d8-48c5g_default,bronze-controller-77,0.500000,0,average,1744375868,915,6,3602175,false,0.999744,1800.620236,915,6,3602175,0
1744379471,bronze-class-deploy-78-85795745c5-24vhf_default,bronze-controller-78,0.500000,0,average,1744375869,15,4,3602101,false,0.999995,1801.036310,15,4,3602101,0
1744379471,bronze-class-deploy-79-54474c84b-77qbp_default,bronze-controller-79,0.500000,0,average,1744375869,265,4,3601875,false,0.999925,1800.797764,265,4,3601875,0
1744379471,bronze-class-deploy-8-5c766bb6d-dkxjs_default,bronze-controller-8,0.500000,0,average,1744375853,916,5,3617249,false,0.999745,1808.158167,916,5,3617249,0
1744379471,bronze-class-deploy-80-66497775f8-gjrg7_default,bronze-controller-80,0.500000,0,average,1744375869,467,3,3601724,false,0.999869,1800.623593,467,3,3601724,0
1744379471,bronze-class-deploy-81-58f7c75f9f-9hn7g_default,bronze-controller-81,0.500000,0,average,1744375870,66,7,3601173,false,0.999980,1800.542819,66,7,3601173,0
1744379471,bronze-class-deploy-82-7fd66d46b4-xk4c6_default,bronze-controller-82,0.500000,0,average,1744375870,117,7,3601146,false,0.999965,1800.503876,117,7,3601146,0
1744379471,bronze-class-deploy-83-85cf5fbf6f-r5x9c_default,bronze-controller-83,0.500000,0,average,1744375870,166,5,3601124,false,0.999952,1800.471493,166,5,3601124,0
1744379471,bronze-class-deploy-84-5dddbc6794-jpwh6_default,bronze-controller-84,0.500000,0,average,1744375870,318,5,3600996,false,0.999910,1800.331557,318,5,3600996,0
1744379471,bronze-class-deploy-88-976fbdc4b-xqhn7_default,bronze-controller-88,0.500000,0,average,1744375871,367,3,3599974,false,0.999897,1799.798544,367,3,3599974,0
1744379471,bronze-class-deploy-91-6f798797d4-76xdd_default,bronze-controller-91,0.500000,0,average,1744375871,915,4,3599450,false,0.999744,1799.259674,915,4,3599450,0
1744379471,bronze-class-deploy-92-647887c5f5-459qk_default,bronze-controller-92,0.500000,0,average,1744375872,116,4,3599274,false,0.999966,1799.571710,116,4,3599274,0
1744379471,bronze-class-deploy-93-79799fdbb6-t7hqs_default,bronze-controller-93,0.500000,0,average,1744375872,367,4,3599049,false,0.999897,1799.333683,367,4,3599049,0
1744379471,bronze-class-deploy-95-59b46ccd76-zshgp_default,bronze-controller-95,0.500000,0,average,1744375872,767,2,3598698,false,0.999786,1798.961652,767,2,3598698,0
1744379471,bronze-class-deploy-96-669df4f9b7-xclnf_default,bronze-controller-96,0.500000,0,average,1744375872,819,4,3598670,false,0.999771,1798.918308,819,4,3598670,0
1744379471,bronze-class-deploy-97-8c77c5dbb-mj6h5_default,bronze-controller-97,0.500000,0,average,1744375873,219,3,3598298,false,0.999938,1799.035084,219,3,3598298,0
1744379471,bronze-class-deploy-98-9d6884c77-66zlc_default,bronze-controller-98,0.500000,0,average,1744375873,466,4,3598073,false,0.999869,1798.796201,466,4,3598073,0
1744379471,bronze-class-deploy-99-7ffbf874d8-jdkwt_default,bronze-controller-99,0.500000,0,average,1744375873,666,5,3598049,false,0.999813,1798.683641,666,5,3598049,0
1744379471,gold-class-deploy-100-9cfc4dc45-t2b5h_default,gold-controller-100,1.000000,0,average,1744375873,718,4,3598222,false,0.999799,-0.728471,718,4,3598222,0
1744379472,gold-class-deploy-103-75794bd66d-8zgt4_default,gold-controller-103,1.000000,0,average,1744375874,565,4,3597501,false,0.999842,-0.574376,565,4,3597501,0
1744379472,gold-class-deploy-104-74d5bc549-s7k8d_default,gold-controller-104,1.000000,0,average,1744375874,715,4,3597377,false,0.999800,-0.725585,715,4,3597377,0
1744379472,gold-class-deploy-105-75779685bb-6cs42_default,gold-controller-105,1.000000,0,average,1744375874,918,2,3597199,false,0.999744,-0.924436,918,2,3597199,0
1744379472,gold-class-deploy-11-75fbc88878-gx9f9_default,gold-controller-11,1.000000,0,average,1744375854,371,4,3617769,false,0.999896,-0.381353,371,4,3617769,0
1744379472,gold-class-deploy-110-64c874dbd-j8f42_default,gold-controller-110,1.000000,0,average,1744375876,116,4,3596050,false,0.999966,-0.124933,116,4,3596050,0
1744379472,gold-class-deploy-111-b94c886c-q8fl9_default,gold-controller-111,1.000000,0,average,1744375876,319,2,3595873,false,0.999910,-0.325242,319,2,3595873,0
1744379472,gold-class-deploy-112-85d9cdcbb6-92pkg_default,gold-controller-112,1.000000,0,average,1744375876,567,5,3595673,false,0.999841,-0.578562,567,5,3595673,0
1744379472,gold-class-deploy-113-69657587fc-w2rpz_default,gold-controller-113,1.000000,0,average,1744375876,716,5,3595549,false,0.999799,-0.727116,716,5,3595549,0
1744379472,gold-class-deploy-116-97c48f49d-g6x48_default,gold-controller-116,1.000000,0,average,1744375877,467,4,3594823,false,0.999869,-0.477073,467,4,3594823,0
1744379472,gold-class-deploy-121-9896bb668-qc967_default,gold-controller-121,1.000000,0,average,1744375878,767,5,3593547,false,0.999785,-0.778983,767,5,3593547,0
1744379472,gold-class-deploy-123-7df45ddcf4-l7h5h_default,gold-controller-123,1.000000,0,average,1744375879,16,4,3593325,false,0.999994,-0.025362,16,4,3593325,0
1744379472,gold-class-deploy-124-7dbfdf8cb7-v7prq_default,gold-controller-124,1.000000,0,average,1744375879,166,8,3593195,false,0.999951,-0.183953,166,8,3593195,0
1744379472,gold-class-deploy-127-6cccf89bc8-49mgm_default,gold-controller-127,1.000000,0,average,1744375879,816,5,3592574,false,0.999771,-0.827723,816,5,3592574,0
1744379472,gold-class-deploy-129-6bbc59c96d-fkqnp_default,gold-controller-129,1.000000,0,average,1744375880,115,4,3592300,false,0.999967,-0.124507,115,4,3592300,0
1744379472,gold-class-deploy-131-7dbd6cbdfc-x5cnd_default,gold-controller-131,1.000000,0,average,1744375880,717,2,3591751,false,0.999799,-0.723156,717,2,3591751,0
1744379472,gold-class-deploy-136-77c784d548-bzqnj_default,gold-controller-136,1.000000,0,average,1744375881,669,4,3590821,false,0.999812,-0.679033,669,4,3590821,0
1744379472,gold-class-deploy-137-ddcc7fdc9-xxfkh_default,gold-controller-137,1.000000,0,average,1744375881,866,4,3590646,false,0.999757,-0.876619,866,4,3590646,0
1744379472,gold-class-deploy-138-dcd58fc46-jwpmv_default,gold-controller-138,1.000000,0,average,1744375882,119,4,3590419,false,0.999965,-0.129077,119,4,3590419,0
1744379472,gold-class-deploy-143-8656db4684-mft5j_default,gold-controller-143,1.000000,0,average,1744375883,318,4,3589399,false,0.999910,-0.327102,318,4,3589399,0
1744379472,gold-class-deploy-145-7dc655f8f4-kdnlt_default,gold-controller-145,1.000000,0,average,1744375883,866,7,3589072,false,0.999757,-0.880969,866,7,3589072,0
1744379473,gold-class-deploy-146-67d5c58f47-n6vw9_default,gold-controller-146,1.000000,0,average,1744375884,70,3,3588994,false,0.999979,-0.077105,70,3,3588994,0
1744379473,gold-class-deploy-153-594db74fb5-pjgzp_default,gold-controller-153,1.000000,0,average,1744375885,366,4,3587722,false,0.999897,-0.375836,366,4,3587722,0
1744379473,gold-class-deploy-155-774f9c8759-9fj2x_default,gold-controller-155,1.000000,0,average,1744375885,967,4,3587147,false,0.999729,-0.976702,967,4,3587147,0
1744379473,gold-class-deploy-158-ddd969956-7kglt_default,gold-controller-158,1.000000,0,average,1744375886,416,5,3586722,false,0.999882,-0.427296,416,5,3586722,0
1744379473,gold-class-deploy-161-5c867c4d48-wrhdm_default,gold-controller-161,1.000000,0,average,1744375887,467,6,3585694,false,0.999868,-0.480936,467,6,3585694,0
1744379473,gold-class-deploy-166-6c56c88bbf-88q7v_default,gold-controller-166,1.000000,0,average,1744375888,366,4,3584824,false,0.999896,-0.376212,366,4,3584824,0
1744379473,gold-class-deploy-169-68875796b4-l6bnj_default,gold-controller-169,1.000000,0,average,1744375888,917,2,3584324,false,0.999743,-0.923686,917,2,3584324,0
1744379473,gold-class-deploy-171-dc69fd59c-7lqjm_default,gold-controller-171,1.000000,0,average,1744375889,466,4,3583799,false,0.999869,-0.475928,466,4,3583799,0
1744379473,gold-class-deploy-173-6484c8775-x4jpn_default,gold-controller-173,1.000000,0,average,1744375889,718,2,3583575,false,0.999799,-0.723947,718,2,3583575,0
1744379473,gold-class-deploy-177-68977c6bc5-724js_default,gold-controller-177,1.000000,0,average,1744375890,668,4,3582648,false,0.999812,-0.677401,668,4,3582648,0
1744379473,gold-class-deploy-182-5856b46947-j2wbk_default,gold-controller-182,1.000000,0,average,1744375891,965,7,3581374,false,0.999729,-0.979591,965,7,3581374,0
1744379473,gold-class-deploy-184-6586cc48c7-722nc_default,gold-controller-184,1.000000,0,average,1744375892,218,4,3581147,false,0.999938,-0.227987,218,4,3581147,0
1744379473,gold-class-deploy-186-68fdc67fcf-8pkrr_default,gold-controller-186,1.000000,0,average,1744375892,816,5,3580573,false,0.999770,-0.827438,816,5,3580573,0
1744379473,gold-class-deploy-187-dc5c697cb-rq7nr_default,gold-controller-187,1.000000,0,average,1744375892,915,4,3580500,false,0.999743,-0.925615,915,4,3580500,0
1744379473,gold-class-deploy-189-78cb5f5f4b-tjfwf_default,gold-controller-189,1.000000,0,average,1744375893,365,4,3580101,false,0.999897,-0.375087,365,4,3580101,0
1744379473,gold-class-deploy-191-6ccb68d447-295n9_default,gold-controller-191,1.000000,0,average,1744375893,766,4,3579725,false,0.999785,-0.775673,766,4,3579725,0
1744379473,gold-class-deploy-192-76f456ff9d-c6567_default,gold-controller-192,1.000000,0,average,1744375893,818,2,3579700,false,0.999771,-0.823261,818,2,3579700,0
1744379473,gold-class-deploy-195-545957547f-5g5gk_default,gold-controller-195,1.000000,0,average,1744375894,518,4,3579022,false,0.999854,-0.527789,518,4,3579022,0
1744379473,gold-class-deploy-196-76456d9ff8-dkrr7_default,gold-controller-196,1.000000,0,average,1744375894,815,4,3578901,false,0.999771,-0.824596,815,4,3578901,0
1744379473,gold-class-deploy-199-5f7966f8ff-hg6kj_default,gold-controller-199,1.000000,0,average,1744375895,416,5,3578523,false,0.999882,-0.427381,416,5,3578523,0
1744379474,gold-class-deploy-206-784d7c787d-b6shq_default,gold-controller-206,1.000000,0,average,1744375897,1724,5,3575338,false,0.999516,-1.735120,1724,5,3575338,0
1744379474,gold-class-deploy-207-d9cd6b4df-s9gn8_default,gold-controller-207,1.000000,0,average,1744375897,1724,7,3575364,false,0.999516,-1.740647,1724,7,3575364,0
1744379474,gold-class-deploy-21-7bcd7cc8c9-mzlzx_default,gold-controller-21,1.000000,0,average,1744375856,966,5,3617148,false,0.999731,-0.976833,966,5,3617148,0
1744379474,gold-class-deploy-214-5b59c56d5-wn6wh_default,gold-controller-214,1.000000,0,average,1744375899,1726,8,3573411,false,0.999515,-1.742816,1726,8,3573411,0
1744379474,gold-class-deploy-215-6d6b4456fd-8v8xx_default,gold-controller-215,1.000000,0,average,1744375899,1726,5,3573439,false,0.999516,-1.736591,1726,5,3573439,0
1744379474,gold-class-deploy-216-5d7bd8b87f-pkxpv_default,gold-controller-216,1.000000,0,average,1744375899,1726,8,3573460,false,0.999515,-1.743189,1726,8,3573460,0
1744379474,gold-class-deploy-225-dcd8869df-d8rsz_default,gold-controller-225,1.000000,0,average,1744375901,1727,5,3571514,false,0.999515,-1.737311,1727,5,3571514,0
1744379474,gold-class-deploy-226-86b8bd65b4-9k49r_default,gold-controller-226,1.000000,0,average,1744375901,2727,5,3570536,false,0.999235,-2.739794,2727,5,3570536,0
1744379474,gold-class-deploy-227-789d975475-2th8l_default,gold-controller-227,1.000000,0,average,1744375901,2727,4,3570563,false,0.999235,-2.737527,2727,4,3570563,0
1744379474,gold-class-deploy-230-86b895549f-hnwl9_default,gold-controller-230,1.000000,0,average,1744375903,1728,2,3569588,false,0.999515,-1.734689,1728,2,3569588,0
1744379474,gold-class-deploy-231-6fc8b88756-655q6_default,gold-controller-231,1.000000,0,average,1744375903,1729,7,3569611,false,0.999514,-1.744322,1729,7,3569611,0
1744379474,gold-class-deploy-232-78cb7b947c-r4xnr_default,gold-controller-232,1.000000,0,average,1744375903,1729,7,3569634,false,0.999514,-1.744124,1729,7,3569634,0
1744379474,gold-class-deploy-234-78ccf5b88c-fgwxw_default,gold-controller-234,1.000000,0,average,1744375903,2729,3,3568662,false,0.999235,-2.736680,2729,3,3568662,0
1744379474,gold-class-deploy-236-5cfdddd97c-p8rgt_default,gold-controller-236,1.000000,0,average,1744375904,1729,6,3568684,false,0.999514,-1.742713,1729,6,3568684,0
1744379474,gold-class-deploy-237-d9777f7bb-942fz_default,gold-controller-237,1.000000,0,average,1744375904,1730,6,3568735,false,0.999514,-1.742588,1730,6,3568735,0
1744379474,gold-class-deploy-239-5d66f8844-wbbzn_default,gold-controller-239,1.000000,0,average,1744375905,1730,5,3567759,false,0.999514,-1.741558,1730,5,3567759,0
1744379474,gold-class-deploy-24-56889c897d-g5hsx_default,gold-controller-24,1.000000,0,average,1744375857,418,4,3617098,false,0.999883,-0.428104,418,4,3617098,0
1744379474,gold-class-deploy-245-7799b54c87-5bbzq_default,gold-controller-245,1.000000,0,average,1744375907,1732,7,3565805,false,0.999512,-1.747624,1732,7,3565805,0
1744379474,gold-class-deploy-247-7b49c64745-sfgw2_default,gold-controller-247,1.000000,0,average,1744375907,1732,3,3565985,false,0.999513,-1.739734,1732,3,3565985,0
1744379474,gold-class-deploy-25-86d8b6b59-fdhqv_default,gold-controller-25,1.000000,0,average,1744375857,569,3,3617374,false,0.999842,-0.575713,569,3,3617374,0
1744379475,gold-class-deploy-255-85cdfd467d-gl2mp_default,gold-controller-255,1.000000,0,average,1744375909,1734,6,3564330,false,0.999512,-1.747964,1734,6,3564330,0
1744379475,gold-class-deploy-256-5fc9cb9c75-lxvjn_default,gold-controller-256,1.000000,0,average,1744375909,1734,6,3564355,false,0.999512,-1.747870,1734,6,3564355,0
1744379475,gold-class-deploy-258-7b7447ccb5-69q8m_default,gold-controller-258,1.000000,0,average,1744375909,1734,3,3564383,false,0.999513,-1.741129,1734,3,3564383,0
1744379475,gold-class-deploy-26-85d56879dd-p9pwr_default,gold-controller-26,1.000000,0,average,1744375857,865,5,3617273,false,0.999759,-0.875820,865,5,3617273,0
1744379475,gold-class-deploy-27-895577f57-5gqxf_default,gold-controller-27,1.000000,0,average,1744375858,66,4,3617098,false,0.999980,-0.075945,66,4,3617098,0
1744379475,gold-class-deploy-28-6bb64f9fd-c42jj_default,gold-controller-28,1.000000,0,average,1744375858,268,2,3616922,false,0.999925,-0.274024,268,2,3616922,0
1744379475,gold-class-deploy-29-677bc9654c-clgpr_default,gold-controller-29,1.000000,0,average,1744375858,466,4,3616775,false,0.999870,-0.475792,466,4,3616775,0
1744379475,gold-class-deploy-31-746b569664-zrkrr_default,gold-controller-31,1.000000,0,average,1744375858,815,5,3616450,false,0.999773,-0.825999,815,5,3616450,0
1744379475,gold-class-deploy-37-c455f7646-ft4zp_default,gold-controller-37,1.000000,0,average,1744375860,168,2,3615124,false,0.999953,-0.174080,168,2,3615124,0
1744379475,gold-class-deploy-38-86cdc955df-vfc4h_default,gold-controller-38,1.000000,0,average,1744375860,218,3,3615098,false,0.999939,-0.225862,218,3,3615098,0
1744379475,gold-class-deploy-39-76f74ff58d-kxbpx_default,gold-controller-39,1.000000,0,average,1744375860,318,2,3615024,false,0.999911,-0.324388,318,2,3615024,0
1744379475,gold-class-deploy-4-9d74457bb-9m84t_default,gold-controller-4,1.000000,0,average,1744375853,442,6,3621922,false,0.999876,-0.454756,442,6,3621922,0
1744379475,gold-class-deploy-44-6787dbc45b-ls78q_default,gold-controller-44,1.000000,0,average,1744375861,768,2,3613624,false,0.999787,-0.773990,768,2,3613624,0
1744379475,gold-class-deploy-45-55784d9b8f-q8xqh_default,gold-controller-45,1.000000,0,average,1744375862,117,2,3613301,false,0.999967,-0.122883,117,2,3613301,0
1744379475,gold-class-deploy-46-7dbdd7ff5d-lhr4v_default,gold-controller-46,1.000000,0,average,1744375862,267,5,3613198,false,0.999925,-0.277988,267,5,3613198,0
1744379475,gold-class-deploy-47-68f98b9995-dfccw_default,gold-controller-47,1.000000,0,average,1744375862,368,5,3613123,false,0.999896,-0.379364,368,5,3613123,0
1744379475,gold-class-deploy-48-5b68f895dd-49qfw_default,gold-controller-48,1.000000,0,average,1744375862,618,5,3612896,false,0.999827,-0.630165,618,5,3612896,0
1744379475,gold-class-deploy-5-84f47c7989-gz5lk_default,gold-controller-5,1.000000,0,average,1744375853,535,5,3622004,false,0.999851,-0.546569,535,5,3622004,0
1744379475,gold-class-deploy-50-689c47986c-ptj44_default,gold-controller-50,1.000000,0,average,1744375863,67,7,3612644,false,0.999979,-0.081575,67,7,3612644,0
1744379475,gold-class-deploy-53-f4d597c44-9ff26_default,gold-controller-53,1.000000,0,average,1744375863,568,3,3612372,false,0.999842,-0.574705,568,3,3612372,0
1744379476,gold-class-deploy-55-777d687dbb-lvz4s_default,gold-controller-55,1.000000,0,average,1744375864,165,4,3611898,false,0.999953,-0.174972,165,4,3611898,0
1744379476,gold-class-deploy-56-6f94856969-v86h9_default,gold-controller-56,1.000000,0,average,1744375864,218,4,3611870,false,0.999938,-0.228749,218,4,3611870,0
1744379476,gold-class-deploy-58-5b8df9585f-dsk4f_default,gold-controller-58,1.000000,0,average,1744375864,567,5,3611548,false,0.999841,-0.578508,567,5,3611548,0
1744379476,gold-class-deploy-6-6cb759d8d-l9kvb_default,gold-controller-6,1.000000,0,average,1744375853,622,5,3622520,false,0.999827,-0.632744,622,5,3622520,0
1744379476,gold-class-deploy-64-7976cb5698-5tkl4_default,gold-controller-64,1.000000,0,average,1744375866,116,4,3610051,false,0.999967,-0.125246,116,4,3610051,0
1744379476,gold-class-deploy-65-5bbff45f99-2bgpc_default,gold-controller-65,1.000000,0,average,1744375866,165,5,3610026,false,0.999953,-0.175681,165,5,3610026,0
1744379476,gold-class-deploy-67-8f7945c85-mpzsc_default,gold-controller-67,1.000000,0,average,1744375866,815,4,3609400,false,0.999773,-0.824435,815,4,3609400,0
1744379476,gold-class-deploy-7-54d8f5d97f-c6rqr_default,gold-controller-7,1.000000,0,average,1744375853,819,4,3622422,false,0.999773,-0.828878,819,4,3622422,0
1744379476,gold-class-deploy-71-dddbb5476-jp5hj_default,gold-controller-71,1.000000,0,average,1744375867,466,6,3608797,false,0.999869,-0.478937,466,6,3608797,0
1744379476,gold-class-deploy-73-85fd778dd6-r895k_default,gold-controller-73,1.000000,0,average,1744375867,967,5,3608323,false,0.999731,-0.977597,967,5,3608323,0
1744379476,gold-class-deploy-76-6698bbf5ff-rft77_default,gold-controller-76,1.000000,0,average,1744375868,619,2,3607698,false,0.999827,-0.625495,619,2,3607698,0
1744379476,gold-class-deploy-85-5f8df8987c-qb5sh_default,gold-controller-85,1.000000,0,average,1744375870,616,7,3605722,false,0.999827,-0.630880,616,7,3605722,0
1744379476,gold-class-deploy-86-6c45f47846-w7nhh_default,gold-controller-86,1.000000,0,average,1744375870,965,7,3605397,false,0.999730,-0.980413,965,7,3605397,0
1744379476,gold-class-deploy-87-568b65645f-9bk8l_default,gold-controller-87,1.000000,0,average,1744375871,165,5,3605225,false,0.999952,-0.177155,165,5,3605225,0
1744379476,gold-class-deploy-89-755b9cc65c-25h2n_default,gold-controller-89,1.000000,0,average,1744375871,616,5,3604800,false,0.999828,-0.626701,616,5,3604800,0
1744379476,gold-class-deploy-9-d4b6748b5-s8rtj_default,gold-controller-9,1.000000,0,average,1744375854,119,3,3622320,false,0.999966,-0.127052,119,3,3622320,0
1744379476,gold-class-deploy-90-b7744fdf9-kh7lx_default,gold-controller-90,1.000000,0,average,1744375871,818,2,3604648,false,0.999772,-0.823249,818,2,3604648,0
1744379476,gold-class-deploy-94-76d4df44ff-m596k_default,gold-controller-94,1.000000,0,average,1744375872,569,2,3603923,false,0.999841,-0.574911,569,2,3603923,0
