1744380406,bronze-class-deploy-199-675b99df5c-j2svj_default,bronze-controller-199,0.500000,0,average,1744380405,518,4,913,false,0.635845,0.190432,518,4,913,0
1744380406,bronze-class-deploy-200-5b967944d6-h27fk_default,bronze-controller-200,0.500000,0,average,1744380405,667,4,806,false,0.545406,0.062737,667,4,806,0
1744380406,bronze-class-deploy-194-5756c5ddf4-vhrxn_default,bronze-controller-194,0.500000,0,average,1744380404,417,2,2256,false,0.842829,0.914803,417,2,2256,0
1744380407,bronze-class-deploy-193-59b54c78ff-8967l_default,bronze-controller-193,0.500000,0,average,1744380404,315,4,2858,false,0.899202,1.264370,315,4,2858,0
1744380407,bronze-class-deploy-195-76fc67dfc-64vsg_default,bronze-controller-195,0.500000,0,average,1744380404,816,4,2858,false,0.776803,1.013757,816,4,2858,0
1744380407,bronze-class-deploy-192-6b68b8bd48-7t6rw_default,bronze-controller-192,0.500000,0,average,1744380404,115,4,3712,false,0.968611,1.791570,115,4,3712,0
1744380408,bronze-class-deploy-190-849f9c476b-k7lgz_default,bronze-controller-190,0.500000,0,average,1744380403,567,2,5158,false,0.900480,2.291673,567,2,5158,0
1744380409,bronze-class-deploy-188-7d9975bfd7-jflws_default,bronze-controller-188,0.500000,0,average,1744380403,318,2,5758,false,0.947236,2.716004,318,2,5758,0
1744380409,bronze-class-deploy-189-65cd6bcffb-kgn7w_default,bronze-controller-189,0.500000,0,average,1744380403,417,2,6157,false,0.936124,2.865681,417,2,6157,0
1744380410,bronze-class-deploy-191-6c556fc55c-k2pdz_default,bronze-controller-191,0.500000,0,average,1744380403,969,2,6104,false,0.862655,2.563484,969,2,6104,0
1744380410,bronze-class-deploy-182-6795c8f489-7djg9_default,bronze-controller-182,0.500000,0,average,1744380402,65,6,8057,false,0.991142,3.986299,65,6,8057,0
1744380410,bronze-class-deploy-181-7b66d4f856-987bn_default,bronze-controller-181,0.500000,0,average,1744380402,14,5,8658,false,0.997787,4.314545,14,5,8658,0
1744383960,bronze-class-deploy-1-bcc6465f5-grqwk_default,bronze-controller-1,0.500000,0,average,1744380363,372,6,3596690,false,0.999895,1798.149266,372,6,3596690,0
1744383960,bronze-class-deploy-10-544ff9d8b5-w64hw_default,bronze-controller-10,0.500000,0,average,1744380364,415,7,3595654,false,0.999882,1797.607641,415,7,3595654,0
1744383960,bronze-class-deploy-100-7f7458f48c-plrls_default,bronze-controller-100,0.500000,0,average,1744380383,868,3,3576212,false,0.999756,1787.667498,868,3,3576212,0
1744383960,bronze-class-deploy-101-75dd58d8-7s2c8_default,bronze-controller-101,0.500000,0,average,1744380384,516,7,3575567,false,0.999854,1787.514641,516,7,3575567,0
1744383960,bronze-class-deploy-103-5856d4fbc8-f7kt7_default,bronze-controller-103,0.500000,0,average,1744380384,666,4,3575429,false,0.999812,1787.374168,666,4,3575429,0
1744383960,bronze-class-deploy-106-7fbcdf48c7-znv2g_default,bronze-controller-106,0.500000,0,average,1744380385,465,5,3574640,false,0.999868,1787.079989,465,5,3574640,0
1744383960,bronze-class-deploy-108-567476c4c5-46xds_default,bronze-controller-108,0.500000,0,average,1744380385,768,5,3574342,false,0.999784,1786.779668,768,5,3574342,0
1744383960,bronze-class-deploy-110-5846f6fcc8-dqxml_default,bronze-controller-110,0.500000,0,average,1744380386,318,3,3573839,false,0.999910,1786.755956,318,3,3573839,0
1744383960,bronze-class-deploy-112-5c6fc7c8bd-s6kvp_default,bronze-controller-112,0.500000,0,average,1744380386,566,5,3574189,false,0.999840,1786.803521,566,5,3574189,0
1744383965,bronze-class-deploy-113-5b4d8c8f75-p6wlh_default,bronze-controller-113,0.500000,0,average,1744380386,919,5,3578960,false,0.999741,1789.011621,919,5,3578960,0
1744383967,bronze-class-deploy-114-6c96557646-wgsfw_default,bronze-controller-114,0.500000,0,average,1744380387,165,5,3580690,false,0.999952,1790.254713,165,5,3580690,0
1744383969,bronze-class-deploy-115-54f49dbdb9-kmzrk_default,bronze-controller-115,0.500000,0,average,1744380387,315,4,3581841,false,0.999911,1790.756070,315,4,3581841,0
1744383969,bronze-class-deploy-119-7f5698955c-zz8xg_default,bronze-controller-119,0.500000,0,average,1744380388,265,5,3581714,false,0.999924,1790.716666,265,5,3581714,0
1744383970,bronze-class-deploy-12-58bdf8c7c9-ms8q8_default,bronze-controller-12,0.500000,0,average,1744380364,818,4,3605688,false,0.999772,1802.428038,818,4,3605688,0
1744383970,bronze-class-deploy-120-7448644d7c-hhp7w_default,bronze-controller-120,0.500000,0,average,1744380388,316,4,3582563,false,0.999910,1791.116173,316,4,3582563,0
1744383971,bronze-class-deploy-121-ddcd6479d-65m55_default,bronze-controller-121,0.500000,0,average,1744380388,918,6,3582184,false,0.999742,1790.623776,918,6,3582184,0
1744383971,bronze-class-deploy-122-68bc999755-nd96m_default,bronze-controller-122,0.500000,0,average,1744380389,15,4,3582138,false,0.999994,1791.054089,15,4,3582138,0
1744383971,bronze-class-deploy-124-5b87668845-t6t99_default,bronze-controller-124,0.500000,0,average,1744380389,266,5,3581911,false,0.999924,1790.814151,266,5,3581911,0
1744383971,bronze-class-deploy-127-59d8469656-n9ghr_default,bronze-controller-127,0.500000,0,average,1744380390,18,3,3581187,false,0.999994,1790.579683,18,3,3581187,0
1744383971,bronze-class-deploy-128-6f68c4ffb9-qwp75_default,bronze-controller-128,0.500000,0,average,1744380390,68,2,3581439,false,0.999980,1790.681674,68,2,3581439,0
1744383971,bronze-class-deploy-129-f55c6cd6-rftvq_default,bronze-controller-129,0.500000,0,average,1744380390,218,4,3581410,false,0.999938,1790.589059,218,4,3581410,0
1744383971,bronze-class-deploy-13-698b8c4fc8-t6tlj_default,bronze-controller-13,0.500000,0,average,1744380364,966,4,3606762,false,0.999731,1802.890556,966,4,3606762,0
1744383971,bronze-class-deploy-130-8f5c74f44-6j799_default,bronze-controller-130,0.500000,0,average,1744380390,517,6,3581236,false,0.999854,1790.350543,517,6,3581236,0
1744383971,bronze-class-deploy-131-5ccf4ddff5-8d2bw_default,bronze-controller-131,0.500000,0,average,1744380390,867,4,3580913,false,0.999757,1790.015984,867,4,3580913,0
1744383971,bronze-class-deploy-132-698487d44b-5lfs2_default,bronze-controller-132,0.500000,0,average,1744380391,68,4,3580737,false,0.999980,1790.327309,68,4,3580737,0
1744383971,bronze-class-deploy-134-d4dfffb4-h86fv_default,bronze-controller-134,0.500000,0,average,1744380391,467,4,3580363,false,0.999868,1789.940170,467,4,3580363,0
1744383971,bronze-class-deploy-137-b7bf7fc77-tj8nj_default,bronze-controller-137,0.500000,0,average,1744380392,115,5,3579739,false,0.999966,1789.803316,115,5,3579739,0
1744383971,bronze-class-deploy-138-745bb57cc6-9886j_default,bronze-controller-138,0.500000,0,average,1744380392,268,3,3579613,false,0.999924,1789.667151,268,3,3579613,0
1744383971,bronze-class-deploy-14-7858b5645-k5gwd_default,bronze-controller-14,0.500000,0,average,1744380365,215,4,3606690,false,0.999939,1803.230631,215,4,3606690,0
1744383971,bronze-class-deploy-141-64d9d9ffb4-8xvjg_default,bronze-controller-141,0.500000,0,average,1744380393,314,6,3578613,false,0.999910,1789.138847,314,6,3578613,0
1744383971,bronze-class-deploy-142-856fd4bb69-dxq5n_default,bronze-controller-142,0.500000,0,average,1744380393,369,4,3578586,false,0.999895,1789.101229,369,4,3578586,0
1744383971,bronze-class-deploy-144-6f4dbc6bc5-98jgf_default,bronze-controller-144,0.500000,0,average,1744380393,565,4,3578415,false,0.999841,1788.918130,565,4,3578415,0
1744383972,bronze-class-deploy-146-66559dcc5c-n7lwc_default,bronze-controller-146,0.500000,0,average,1744380394,216,5,3577812,false,0.999938,1788.789915,216,5,3577812,0
1744383972,bronze-class-deploy-149-5cb5d69884-9lbds_default,bronze-controller-149,0.500000,0,average,1744380394,717,4,3577338,false,0.999798,1788.303473,717,4,3577338,0
1744383972,bronze-class-deploy-15-68fd6757b-88xtj_default,bronze-controller-15,0.500000,0,average,1744380365,415,4,3606665,false,0.999884,1803.118110,415,4,3606665,0
1744383972,bronze-class-deploy-150-858fb97c58-55hxs_default,bronze-controller-150,0.500000,0,average,1744380395,68,4,3577035,false,0.999980,1788.476393,68,4,3577035,0
1744383972,bronze-class-deploy-151-7674655d8f-2tcmp_default,bronze-controller-151,0.500000,0,average,1744380395,217,2,3576938,false,0.999939,1788.356649,217,2,3576938,0
1744383972,bronze-class-deploy-152-66f4d7f6fb-qh4rg_default,bronze-controller-152,0.500000,0,average,1744380395,317,4,3576861,false,0.999910,1788.265416,317,4,3576861,0
1744383972,bronze-class-deploy-154-5cc94ccb74-45mmg_default,bronze-controller-154,0.500000,0,average,1744380395,819,6,3576381,false,0.999769,1787.770993,819,6,3576381,0
1744383972,bronze-class-deploy-156-6db8cbb96-r4w92_default,bronze-controller-156,0.500000,0,average,1744380396,218,2,3576290,false,0.999938,1788.032440,218,2,3576290,0
1744383972,bronze-class-deploy-159-768bc8bb9c-7ms89_default,bronze-controller-159,0.500000,0,average,1744380396,915,4,3575716,false,0.999743,1787.393482,915,4,3575716,0
1744383972,bronze-class-deploy-16-6d879f594c-xlk2s_default,bronze-controller-16,0.500000,0,average,1744380365,666,4,3607065,false,0.999814,1803.192094,666,4,3607065,0
1744383972,bronze-class-deploy-161-6db7dccd6b-c6pf6_default,bronze-controller-161,0.500000,0,average,1744380397,466,5,3575288,false,0.999868,1787.403055,466,5,3575288,0
1744383972,bronze-class-deploy-164-855bdfd78f-96rcx_default,bronze-controller-164,0.500000,0,average,1744380397,967,2,3574815,false,0.999729,1786.920137,967,2,3574815,0
1744383972,bronze-class-deploy-165-56594d879d-rbxqb_default,bronze-controller-165,0.500000,0,average,1744380398,17,2,3574788,false,0.999994,1787.381479,17,2,3574788,0
1744383972,bronze-class-deploy-168-5b98dc56d5-7x924_default,bronze-controller-168,0.500000,0,average,1744380398,967,2,3573862,false,0.999729,1786.443295,967,2,3573862,0
1744383972,bronze-class-deploy-169-595d4cfd5d-vjnzt_default,bronze-controller-169,0.500000,0,average,1744380399,165,4,3573690,false,0.999952,1786.755306,165,4,3573690,0
1744383972,bronze-class-deploy-17-68d75d7db-gvlkx_default,bronze-controller-17,0.500000,0,average,1744380365,815,4,3607065,false,0.999773,1803.117950,815,4,3607065,0
1744383972,bronze-class-deploy-171-599cc5bd7-bsxcv_default,bronze-controller-171,0.500000,0,average,1744380399,665,4,3573240,false,0.999812,1786.280407,665,4,3573240,0
1744383972,bronze-class-deploy-172-7f7f74d5db-hdt6h_default,bronze-controller-172,0.500000,0,average,1744380399,767,4,3573162,false,0.999784,1786.190517,767,4,3573162,0
1744383972,bronze-class-deploy-173-6d77d9d6f-t7j6c_default,bronze-controller-173,0.500000,0,average,1744380399,917,4,3573038,false,0.999742,1786.052740,917,4,3573038,0
1744383972,bronze-class-deploy-174-595c94b464-pbhq6_default,bronze-controller-174,0.500000,0,average,1744380400,169,2,3572813,false,0.999952,1786.317800,169,2,3572813,0
1744383973,bronze-class-deploy-175-798f7c8fd7-w4clq_default,bronze-controller-175,0.500000,0,average,1744380400,517,3,3572514,false,0.999854,1785.993797,517,3,3572514,0
1744383973,bronze-class-deploy-176-7bf55c8bcd-94hkd_default,bronze-controller-176,0.500000,0,average,1744380400,567,4,3572489,false,0.999840,1785.953576,567,4,3572489,0
1744383973,bronze-class-deploy-179-6669cf4567-4kpxj_default,bronze-controller-179,0.500000,0,average,1744380401,317,4,3571762,false,0.999910,1785.715006,317,4,3571762,0
1744383973,bronze-class-deploy-18-8554695b7c-5gjk9_default,bronze-controller-18,0.500000,0,average,1744380366,68,3,3607038,false,0.999980,1803.480359,68,3,3607038,0
1744383973,bronze-class-deploy-180-f7695464c-x597j_default,bronze-controller-180,0.500000,0,average,1744380401,365,4,3571790,false,0.999896,1785.705581,365,4,3571790,0
1744383973,bronze-class-deploy-181-7b66d4f856-5bqm4_default,bronze-controller-181,0.500000,0,average,1744380411,3562183,0,0,false,0.002425,-3553.544549,3562197,5,8660,0
1744383973,bronze-class-deploy-182-6795c8f489-t2gc2_default,bronze-controller-182,0.500000,0,average,1744380411,3562208,0,0,false,0.002258,-3554.223246,3562274,6,8060,0
1744383973,bronze-class-deploy-183-764ffb7bfd-rx7hq_default,bronze-controller-183,0.500000,0,average,1744380402,215,6,3571286,false,0.999938,1785.525290,215,6,3571286,0
1744383973,bronze-class-deploy-184-67b4cc49dc-t9bkw_default,bronze-controller-184,0.500000,0,average,1744380402,367,4,3571261,false,0.999896,1785.439961,367,4,3571261,0
1744383973,bronze-class-deploy-188-7d9975bfd7-8lwc9_default,bronze-controller-188,0.500000,0,average,1744380409,3564733,0,0,false,0.001613,-3559.295457,3565051,2,5760,0
1744383973,bronze-class-deploy-189-65cd6bcffb-bfxdl_default,bronze-controller-189,0.500000,0,average,1744380410,3563760,0,0,false,0.001726,-3558.020645,3564177,2,6161,0
1744383973,bronze-class-deploy-19-6884d49cb8-9tw4v_default,bronze-controller-19,0.500000,0,average,1744380366,218,3,3607563,false,0.999938,1803.667709,218,3,3607563,0
1744383973,bronze-class-deploy-190-849f9c476b-v5gvz_default,bronze-controller-190,0.500000,0,average,1744380409,3564810,0,0,false,0.001445,-3560.220990,3565377,2,5160,0
1744383973,bronze-class-deploy-191-6c556fc55c-hh4xr_default,bronze-controller-191,0.500000,0,average,1744380411,3562835,0,0,false,0.001711,-3557.701984,3563804,2,6106,0
1744383973,bronze-class-deploy-192-6b68b8bd48-2hjtr_default,bronze-controller-192,0.500000,0,average,1744380408,3565860,0,0,false,0.001040,-3562.268769,3565976,4,3714,0
1744383973,bronze-class-deploy-193-59b54c78ff-zxqd6_default,bronze-controller-193,0.500000,0,average,1744380407,3566884,0,0,false,0.000802,-3564.345840,3567200,4,2861,0
1744383973,bronze-class-deploy-194-5756c5ddf4-6hgf5_default,bronze-controller-194,0.500000,0,average,1744380406,3567908,0,0,false,0.000633,-3566.070804,3568326,2,2259,0
1744383973,bronze-class-deploy-195-76fc67dfc-rxnvw_default,bronze-controller-195,0.500000,0,average,1744380408,3565933,0,0,false,0.000802,-3563.895527,3566750,4,2861,0
1744383973,bronze-class-deploy-199-675b99df5c-9z2px_default,bronze-controller-199,0.500000,0,average,1744380406,3567960,0,0,false,0.000256,-3567.570916,3568478,4,914,0
1744383973,bronze-class-deploy-2-6b75d47b6-tbwr5_default,bronze-controller-2,0.500000,0,average,1744380363,463,7,3610513,false,0.999869,1805.013184,463,7,3610513,0
1744383974,bronze-class-deploy-20-6f4ff875d4-mxzhg_default,bronze-controller-20,0.500000,0,average,1744380366,567,4,3607462,false,0.999841,1803.439856,567,4,3607462,0
1744383974,bronze-class-deploy-200-5b967944d6-wv2lf_default,bronze-controller-200,0.500000,0,average,1744380406,3568060,0,0,false,0.000226,-3567.926290,3568728,4,808,0
1744383974,bronze-class-deploy-204-57447dc6b6-5rphh_default,bronze-controller-204,0.500000,0,average,1744380406,3568085,0,0,false,0.000000,-3570.485400,3568085,0,0,0
1744383974,bronze-class-deploy-206-56548cb668-fgjr6_default,bronze-controller-206,0.500000,0,average,1744380407,3567108,0,0,false,0.000000,-3569.508126,3567108,0,0,0
1744383974,bronze-class-deploy-209-75f66bfbcc-wx994_default,bronze-controller-209,0.500000,0,average,1744380408,3566158,0,0,false,0.000000,-3568.558278,3566158,0,0,0
1744383974,bronze-class-deploy-211-74c6464f44-4wvbn_default,bronze-controller-211,0.500000,0,average,1744380408,3566183,0,0,false,0.000000,-3568.583044,3566183,0,0,0
1744383974,bronze-class-deploy-213-777fcdb75d-qf2cm_default,bronze-controller-213,0.500000,0,average,1744380409,3565209,0,0,false,0.000000,-3567.609548,3565209,0,0,0
1744383974,bronze-class-deploy-217-b85c7b558-7mh9p_default,bronze-controller-217,0.500000,0,average,1744380410,3564509,0,0,false,0.000000,-3566.909930,3564509,0,0,0
1744383974,bronze-class-deploy-22-597585bbb-6w97l_default,bronze-controller-22,0.500000,0,average,1744380367,167,5,3607463,false,0.999952,1803.640298,167,5,3607463,0
1744383974,bronze-class-deploy-23-789ddc74ff-8b9fb_default,bronze-controller-23,0.500000,0,average,1744380367,415,6,3607313,false,0.999883,1803.438480,415,6,3607313,0
1744383974,bronze-class-deploy-3-78f44d87df-qrs2c_default,bronze-controller-3,0.500000,0,average,1744380363,554,6,3611200,false,0.999845,1805.313129,554,6,3611200,0
1744383974,bronze-class-deploy-30-7b44f7f779-8xtvh_default,bronze-controller-30,0.500000,0,average,1744380368,815,4,3605964,false,0.999772,1802.566835,815,4,3605964,0
1744383974,bronze-class-deploy-32-5b98fc599c-bfxf7_default,bronze-controller-32,0.500000,0,average,1744380369,367,2,3605440,false,0.999897,1802.532078,367,2,3605440,0
1744383974,bronze-class-deploy-33-6974966ff6-5mckq_default,bronze-controller-33,0.500000,0,average,1744380369,423,3,3605409,false,0.999882,1802.488200,423,3,3605409,0
1744383974,bronze-class-deploy-34-785c9767b7-mpj94_default,bronze-controller-34,0.500000,0,average,1744380369,717,3,3605139,false,0.999800,1802.206038,717,3,3605139,0
1744383974,bronze-class-deploy-35-76cc9664cd-4gbt7_default,bronze-controller-35,0.500000,0,average,1744380369,817,2,3605065,false,0.999772,1802.119363,817,2,3605065,0
1744383974,bronze-class-deploy-36-78bb99cfcc-mt5hj_default,bronze-controller-36,0.500000,0,average,1744380369,868,3,3605038,false,0.999758,1802.080222,868,3,3605038,0
1744383974,bronze-class-deploy-40-7cc5759c9d-rrfl7_default,bronze-controller-40,0.500000,0,average,1744380370,767,2,3604165,false,0.999786,1801.694702,767,2,3604165,0
1744383974,bronze-class-deploy-41-556dfb4967-wq6sq_default,bronze-controller-41,0.500000,0,average,1744380371,366,4,3603589,false,0.999897,1801.603949,366,4,3603589,0
1744383974,bronze-class-deploy-47-6df4856485-6w4rr_default,bronze-controller-47,0.500000,0,average,1744380372,617,5,3602362,false,0.999827,1800.864716,617,5,3602362,0
1744383975,bronze-class-deploy-49-bc7b4669f-vbz67_default,bronze-controller-49,0.500000,0,average,1744380372,969,5,3602060,false,0.999729,1800.537418,969,5,3602060,0
1744383975,bronze-class-deploy-50-f4d77c77c-pklv6_default,bronze-controller-50,0.500000,0,average,1744380373,16,5,3602039,false,0.999994,1801.003311,16,5,3602039,0
1744383975,bronze-class-deploy-52-677d77c7c5-5vw8n_default,bronze-controller-52,0.500000,0,average,1744380373,617,4,3601463,false,0.999827,1800.415534,617,4,3601463,0
1744383975,bronze-class-deploy-55-5597c74d7b-lx5t8_default,bronze-controller-55,0.500000,0,average,1744380374,217,2,3600890,false,0.999939,1800.332566,217,2,3600890,0
1744383975,bronze-class-deploy-59-84457f5cb4-wsp58_default,bronze-controller-59,0.500000,0,average,1744380375,67,5,3600086,false,0.999980,1800.001949,67,5,3600086,0
1744383975,bronze-class-deploy-61-76d4c56677-dpgj4_default,bronze-controller-61,0.500000,0,average,1744380375,815,5,3599364,false,0.999772,1799.266513,815,5,3599364,0
1744383975,bronze-class-deploy-62-58fb57d586-d7g2c_default,bronze-controller-62,0.500000,0,average,1744380375,866,5,3599338,false,0.999758,1799.228374,866,5,3599338,0
1744383975,bronze-class-deploy-63-6df84b9bf9-b7hkr_default,bronze-controller-63,0.500000,0,average,1744380375,967,5,3599537,false,0.999730,1799.277135,967,5,3599537,0
1744383975,bronze-class-deploy-65-7fd8674bcc-4vpck_default,bronze-controller-65,0.500000,0,average,1744380376,417,4,3599213,false,0.999883,1799.391574,417,4,3599213,0
1744383975,bronze-class-deploy-67-77b5696f67-8xlvx_default,bronze-controller-67,0.500000,0,average,1744380376,867,4,3598863,false,0.999758,1798.991455,867,4,3598863,0
1744383975,bronze-class-deploy-68-6cbf9997f6-r7dxw_default,bronze-controller-68,0.500000,0,average,1744380376,917,2,3598839,false,0.999744,1798.956791,917,2,3598839,0
1744383975,bronze-class-deploy-73-b48b7c46d-t5hp5_default,bronze-controller-73,0.500000,0,average,1744380378,118,5,3597662,false,0.999966,1798.764184,118,5,3597662,0
1744383975,bronze-class-deploy-76-559fbf787c-cjhvj_default,bronze-controller-76,0.500000,0,average,1744380378,766,5,3597038,false,0.999785,1798.127505,766,5,3597038,0
1744383975,bronze-class-deploy-77-84dcf6b7d8-4g6xl_default,bronze-controller-77,0.500000,0,average,1744380378,968,4,3596862,false,0.999730,1797.940081,968,4,3596862,0
1744383975,bronze-class-deploy-78-85795745c5-4tmgn_default,bronze-controller-78,0.500000,0,average,1744380379,65,4,3596788,false,0.999981,1798.354605,65,4,3596788,0
1744383975,bronze-class-deploy-8-5c766bb6d-r889m_default,bronze-controller-8,0.500000,0,average,1744380364,168,6,3611708,false,0.999951,1805.759898,168,6,3611708,0
1744383975,bronze-class-deploy-80-66497775f8-ft4qf_default,bronze-controller-80,0.500000,0,average,1744380379,617,4,3596285,false,0.999827,1797.826917,617,4,3596285,0
1744383975,bronze-class-deploy-82-7fd66d46b4-vz4xx_default,bronze-controller-82,0.500000,0,average,1744380380,319,6,3595609,false,0.999909,1797.635929,319,6,3595609,0
1744383975,bronze-class-deploy-83-85cf5fbf6f-q54dl_default,bronze-controller-83,0.500000,0,average,1744380380,368,2,3595586,false,0.999897,1797.604535,368,2,3595586,0
1744383975,bronze-class-deploy-87-85d9fff5c7-z58rm_default,bronze-controller-87,0.500000,0,average,1744380381,216,7,3594762,false,0.999938,1797.261917,216,7,3594762,0
1744383976,bronze-class-deploy-88-976fbdc4b-2664m_default,bronze-controller-88,0.500000,0,average,1744380381,368,4,3594664,false,0.999896,1797.141385,368,4,3594664,0
1744383976,bronze-class-deploy-89-6dd84bcf5f-n6cc8_default,bronze-controller-89,0.500000,0,average,1744380381,616,5,3594438,false,0.999827,1796.902863,616,5,3594438,0
1744383976,bronze-class-deploy-90-5f5c6857b9-rqhsx_default,bronze-controller-90,0.500000,0,average,1744380381,964,6,3594114,false,0.999730,1796.565712,964,6,3594114,0
1744383976,bronze-class-deploy-95-59b46ccd76-xvtwq_default,bronze-controller-95,0.500000,0,average,1744380382,919,5,3593184,false,0.999743,1796.124351,919,5,3593184,0
1744383976,bronze-class-deploy-96-669df4f9b7-xl72h_default,bronze-controller-96,0.500000,0,average,1744380383,115,4,3593040,false,0.999967,1796.455630,115,4,3593040,0
1744383976,bronze-class-deploy-98-9d6884c77-2k6mx_default,bronze-controller-98,0.500000,0,average,1744380383,467,2,3592715,false,0.999869,1796.120182,467,2,3592715,0
1744383976,bronze-class-deploy-99-7ffbf874d8-2l4sh_default,bronze-controller-99,0.500000,0,average,1744380383,718,4,3592486,false,0.999799,1795.876531,718,4,3592486,0
1744383976,gold-class-deploy-102-5bff54c44c-s22dp_default,gold-controller-102,1.000000,0,average,1744380384,565,7,3591938,false,0.999841,-0.579465,565,7,3591938,0
1744383976,gold-class-deploy-104-74d5bc549-gh5cw_default,gold-controller-104,1.000000,0,average,1744380384,915,5,3591714,false,0.999744,-0.926943,915,5,3591714,0
1744383976,gold-class-deploy-105-75779685bb-l8vhf_default,gold-controller-105,1.000000,0,average,1744380385,315,5,3591414,false,0.999911,-0.325893,315,5,3591414,0
1744383976,gold-class-deploy-107-7749fb8dd-b7fgh_default,gold-controller-107,1.000000,0,average,1744380385,566,5,3591188,false,0.999841,-0.576170,566,5,3591188,0
1744383976,gold-class-deploy-109-6f6d9854bb-nhvkl_default,gold-controller-109,1.000000,0,average,1744380386,168,2,3590614,false,0.999952,-0.173529,168,2,3590614,0
1744383976,gold-class-deploy-11-75fbc88878-9prk8_default,gold-controller-11,1.000000,0,average,1744380364,566,5,3612239,false,0.999842,-0.576284,566,5,3612239,0
1744383976,gold-class-deploy-111-b94c886c-6gsbt_default,gold-controller-111,1.000000,0,average,1744380386,416,5,3590412,false,0.999883,-0.427324,416,5,3590412,0
1744383976,gold-class-deploy-116-97c48f49d-khgzc_default,gold-controller-116,1.000000,0,average,1744380387,417,2,3589440,false,0.999883,-0.422619,417,2,3589440,0
1744383976,gold-class-deploy-117-589f4697c-qz9f9_default,gold-controller-117,1.000000,0,average,1744380387,818,4,3589062,false,0.999771,-0.827151,818,4,3589062,0
1744383976,gold-class-deploy-118-78d4c89848-mjsmh_default,gold-controller-118,1.000000,0,average,1744380387,917,4,3588988,false,0.999743,-0.926489,917,4,3588988,0
1744383976,gold-class-deploy-123-7df45ddcf4-66glb_default,gold-controller-123,1.000000,0,average,1744380389,167,2,3587765,false,0.999953,-0.172845,167,2,3587765,0
1744383976,gold-class-deploy-125-7d98df66b4-l9kp8_default,gold-controller-125,1.000000,0,average,1744380389,567,5,3587390,false,0.999841,-0.577346,567,5,3587390,0
1744383976,gold-class-deploy-126-64b78db789-hhl7q_default,gold-controller-126,1.000000,0,average,1744380389,817,3,3587164,false,0.999771,-0.823797,817,3,3587164,0
1744383977,gold-class-deploy-133-746d6cd499-b5jkz_default,gold-controller-133,1.000000,0,average,1744380391,265,5,3585764,false,0.999924,-0.276246,265,5,3585764,0
1744383977,gold-class-deploy-135-58868c4649-zjwcr_default,gold-controller-135,1.000000,0,average,1744380391,668,4,3585388,false,0.999812,-0.678303,668,4,3585388,0
1744383977,gold-class-deploy-136-77c784d548-zrqhx_default,gold-controller-136,1.000000,0,average,1744380391,869,3,3585212,false,0.999757,-0.875972,869,3,3585212,0
1744383977,gold-class-deploy-139-5b865b485-b9btr_default,gold-controller-139,1.000000,0,average,1744380392,369,5,3584736,false,0.999895,-0.380744,369,5,3584736,0
1744383977,gold-class-deploy-140-78bc4585c-h6djv_default,gold-controller-140,1.000000,0,average,1744380392,567,4,3584586,false,0.999840,-0.577789,567,4,3584586,0
1744383977,gold-class-deploy-143-8656db4684-qk5fk_default,gold-controller-143,1.000000,0,average,1744380393,419,4,3583759,false,0.999882,-0.428525,419,4,3583759,0
1744383977,gold-class-deploy-145-7dc655f8f4-zj6lj_default,gold-controller-145,1.000000,0,average,1744380393,865,4,3583339,false,0.999757,-0.875092,865,4,3583339,0
1744383977,gold-class-deploy-147-65b7c9b9c6-gr7sh_default,gold-controller-147,1.000000,0,average,1744380394,314,4,3583190,false,0.999911,-0.323798,314,4,3583190,0
1744383977,gold-class-deploy-148-695b84db9-vp56j_default,gold-controller-148,1.000000,0,average,1744380394,367,4,3583262,false,0.999896,-0.377221,367,4,3583262,0
1744383977,gold-class-deploy-153-594db74fb5-9q5jt_default,gold-controller-153,1.000000,0,average,1744380395,667,3,3582064,false,0.999813,-0.673368,667,3,3582064,0
1744383977,gold-class-deploy-155-774f9c8759-96kgj_default,gold-controller-155,1.000000,0,average,1744380396,67,2,3581690,false,0.999980,-0.073182,67,2,3581690,0
1744383977,gold-class-deploy-157-6cc56fb769-vspj6_default,gold-controller-157,1.000000,0,average,1744380396,414,4,3581365,false,0.999883,-0.423984,414,4,3581365,0
1744383977,gold-class-deploy-158-ddd969956-9q5lb_default,gold-controller-158,1.000000,0,average,1744380396,617,2,3581190,false,0.999827,-0.622365,617,2,3581190,0
1744383977,gold-class-deploy-160-54db7dc8c9-zpr56_default,gold-controller-160,1.000000,0,average,1744380397,67,2,3580765,false,0.999981,-0.072298,67,2,3580765,0
1744383977,gold-class-deploy-162-965c6f4c7-xk2vp_default,gold-controller-162,1.000000,0,average,1744380397,715,7,3580137,false,0.999798,-0.729100,715,7,3580137,0
1744383977,gold-class-deploy-163-5d5c958bc8-khb9w_default,gold-controller-163,1.000000,0,average,1744380397,814,4,3580065,false,0.999771,-0.824608,814,4,3580065,0
1744383977,gold-class-deploy-166-6c56c88bbf-xxxx4_default,gold-controller-166,1.000000,0,average,1744380398,616,4,3579289,false,0.999826,-0.626000,616,4,3579289,0
1744383977,gold-class-deploy-167-5775bdcf94-bb9lm_default,gold-controller-167,1.000000,0,average,1744380398,767,4,3579161,false,0.999784,-0.777147,767,4,3579161,0
1744383977,gold-class-deploy-170-7964d56566-2gp69_default,gold-controller-170,1.000000,0,average,1744380399,417,5,3578536,false,0.999882,-0.427260,417,5,3578536,0
1744383977,gold-class-deploy-177-68977c6bc5-mswql_default,gold-controller-177,1.000000,0,average,1744380400,918,2,3577065,false,0.999743,-0.923568,918,2,3577065,0
1744383978,gold-class-deploy-178-7dcf7bfdc8-jbgnj_default,gold-controller-178,1.000000,0,average,1744380400,965,4,3577064,false,0.999729,-0.975648,965,4,3577064,0
1744383978,gold-class-deploy-185-84f479f6cd-vhn46_default,gold-controller-185,1.000000,0,average,1744380402,565,4,3575490,false,0.999841,-0.574260,565,4,3575490,0
1744383978,gold-class-deploy-186-68fdc67fcf-zpmtm_default,gold-controller-186,1.000000,0,average,1744380402,917,2,3575166,false,0.999743,-0.923729,917,2,3575166,0
1744383978,gold-class-deploy-187-dc5c697cb-sr8rh_default,gold-controller-187,1.000000,0,average,1744380403,164,5,3574941,false,0.999953,-0.174488,164,5,3574941,0
1744383978,gold-class-deploy-196-76456d9ff8-h7bzq_default,gold-controller-196,1.000000,0,average,1744380405,65,5,3573089,false,0.999980,-0.076163,65,5,3573089,0
1744383978,gold-class-deploy-197-b5d58757c-qftw9_default,gold-controller-197,1.000000,0,average,1744380405,118,2,3573065,false,0.999966,-0.124268,118,2,3573065,0
1744383978,gold-class-deploy-198-6f4d5667dd-xf7dk_default,gold-controller-198,1.000000,0,average,1744380405,467,4,3572738,false,0.999868,-0.477261,467,4,3572738,0
1744383978,gold-class-deploy-201-84564667c9-5r2mb_default,gold-controller-201,1.000000,0,average,1744380406,1911,5,3570593,false,0.999463,-1.923221,1911,5,3570593,0
1744383978,gold-class-deploy-202-56f8cd56c8-gb8kg_default,gold-controller-202,1.000000,0,average,1744380406,1911,5,3570718,false,0.999463,-1.923301,1911,5,3570718,0
1744383978,gold-class-deploy-203-8657798b6f-cmzlq_default,gold-controller-203,1.000000,0,average,1744380406,1911,5,3570819,false,0.999463,-1.923147,1911,5,3570819,0
1744383978,gold-class-deploy-205-664f658c59-dnnwg_default,gold-controller-205,1.000000,0,average,1744380407,1911,6,3569842,false,0.999463,-1.925115,1911,6,3569842,0
1744383978,gold-class-deploy-207-d9cd6b4df-wg7jw_default,gold-controller-207,1.000000,0,average,1744380407,1911,6,3569867,false,0.999463,-1.924368,1911,6,3569867,0
1744383978,gold-class-deploy-208-777dcb54b4-h5v8h_default,gold-controller-208,1.000000,0,average,1744380407,1911,6,3569892,false,0.999463,-1.925163,1911,6,3569892,0
1744383978,gold-class-deploy-21-7bcd7cc8c9-68cql_default,gold-controller-21,1.000000,0,average,1744380367,19,6,3611809,false,0.999993,-0.032614,19,6,3611809,0
1744383978,gold-class-deploy-210-544d688d9-655xc_default,gold-controller-210,1.000000,0,average,1744380408,1912,9,3568938,false,0.999462,-1.931700,1912,9,3568938,0
1744383978,gold-class-deploy-212-5f84cbd6d7-7xtbk_default,gold-controller-212,1.000000,0,average,1744380409,1913,5,3567967,false,0.999463,-1.923588,1913,5,3567967,0
1744383978,gold-class-deploy-214-5b59c56d5-gs76j_default,gold-controller-214,1.000000,0,average,1744380409,1913,5,3567992,false,0.999463,-1.923542,1913,5,3567992,0
1744383978,gold-class-deploy-215-6d6b4456fd-52v8t_default,gold-controller-215,1.000000,0,average,1744380410,1913,5,3567016,false,0.999462,-1.925489,1913,5,3567016,0
1744383978,gold-class-deploy-216-5d7bd8b87f-f57lx_default,gold-controller-216,1.000000,0,average,1744380410,1913,5,3567040,false,0.999462,-1.925493,1913,5,3567040,0
1744383978,gold-class-deploy-218-74445cdc8f-hxdbw_default,gold-controller-218,1.000000,0,average,1744380410,1913,5,3567065,false,0.999462,-1.925215,1913,5,3567065,0
1744383979,gold-class-deploy-24-56889c897d-r57gp_default,gold-controller-24,1.000000,0,average,1744380367,565,4,3611464,false,0.999842,-0.574284,565,4,3611464,0
1744383979,gold-class-deploy-25-86d8b6b59-krcr4_default,gold-controller-25,1.000000,0,average,1744380367,666,4,3611389,false,0.999814,-0.675613,666,4,3611389,0
1744383979,gold-class-deploy-26-85d56879dd-85zg4_default,gold-controller-26,1.000000,0,average,1744380368,16,4,3611064,false,0.999994,-0.025697,16,4,3611064,0
1744383979,gold-class-deploy-27-895577f57-l2r6d_default,gold-controller-27,1.000000,0,average,1744380368,315,5,3610790,false,0.999911,-0.325098,315,5,3610790,0
1744383979,gold-class-deploy-28-6bb64f9fd-hh89n_default,gold-controller-28,1.000000,0,average,1744380368,467,3,3610689,false,0.999870,-0.474074,467,3,3610689,0
1744383979,gold-class-deploy-29-677bc9654c-zqjc6_default,gold-controller-29,1.000000,0,average,1744380368,518,2,3610664,false,0.999856,-0.523923,518,2,3610664,0
1744383979,gold-class-deploy-31-746b569664-9r7rw_default,gold-controller-31,1.000000,0,average,1744380368,968,4,3610238,false,0.999730,-0.978245,968,4,3610238,0
1744383979,gold-class-deploy-37-c455f7646-djddk_default,gold-controller-37,1.000000,0,average,1744380370,319,3,3609188,false,0.999911,-0.325272,319,3,3609188,0
1744383979,gold-class-deploy-38-86cdc955df-fvhzr_default,gold-controller-38,1.000000,0,average,1744380370,616,4,3609014,false,0.999828,-0.625474,616,4,3609014,0
1744383979,gold-class-deploy-39-76f74ff58d-tdsrk_default,gold-controller-39,1.000000,0,average,1744380370,716,4,3609013,false,0.999800,-0.726129,716,4,3609013,0
1744383979,gold-class-deploy-4-9d74457bb-f7vhw_default,gold-controller-4,1.000000,0,average,1744380363,643,5,3616111,false,0.999821,-0.653838,643,5,3616111,0
1744383979,gold-class-deploy-42-7b9d6b88fd-5l8zf_default,gold-controller-42,1.000000,0,average,1744380371,515,4,3608265,false,0.999856,-0.524423,515,4,3608265,0
1744383979,gold-class-deploy-43-5749cd797f-ss9q2_default,gold-controller-43,1.000000,0,average,1744380371,718,2,3608088,false,0.999800,-0.724261,718,2,3608088,0
1744383979,gold-class-deploy-44-6787dbc45b-pln4r_default,gold-controller-44,1.000000,0,average,1744380371,867,2,3607964,false,0.999759,-0.873425,867,2,3607964,0
1744383979,gold-class-deploy-45-55784d9b8f-w6464_default,gold-controller-45,1.000000,0,average,1744380372,66,5,3607788,false,0.999980,-0.077401,66,5,3607788,0
1744383979,gold-class-deploy-46-7dbdd7ff5d-krkwp_default,gold-controller-46,1.000000,0,average,1744380372,365,4,3607515,false,0.999897,-0.374908,365,4,3607515,0
1744383979,gold-class-deploy-48-5b68f895dd-jhsxt_default,gold-controller-48,1.000000,0,average,1744380372,766,5,3607138,false,0.999786,-0.777861,766,5,3607138,0
1744383979,gold-class-deploy-5-84f47c7989-sl4dd_default,gold-controller-5,1.000000,0,average,1744380363,737,5,3616192,false,0.999795,-0.748510,737,5,3616192,0
1744383979,gold-class-deploy-51-7f44957d58-4m69m_default,gold-controller-51,1.000000,0,average,1744380373,416,5,3606537,false,0.999883,-0.426954,416,5,3606537,0
1744383979,gold-class-deploy-53-f4d597c44-vzr5j_default,gold-controller-53,1.000000,0,average,1744380373,815,5,3606163,false,0.999773,-0.825516,815,5,3606163,0
1744383980,gold-class-deploy-54-7bc678bc55-6d824_default,gold-controller-54,1.000000,0,average,1744380373,866,4,3606162,false,0.999758,-0.876073,866,4,3606162,0
1744383980,gold-class-deploy-56-6f94856969-pxmg2_default,gold-controller-56,1.000000,0,average,1744380374,467,4,3605588,false,0.999869,-0.476564,467,4,3605588,0
1744383980,gold-class-deploy-57-6b7b458d84-dphjg_default,gold-controller-57,1.000000,0,average,1744380374,669,5,3605411,false,0.999813,-0.680446,669,5,3605411,0
1744383980,gold-class-deploy-58-5b8df9585f-8jlk8_default,gold-controller-58,1.000000,0,average,1744380374,868,4,3605238,false,0.999758,-0.877569,868,4,3605238,0
1744383980,gold-class-deploy-6-6cb759d8d-pgc2j_default,gold-controller-6,1.000000,0,average,1744380363,829,4,3616325,false,0.999769,-0.839237,829,4,3616325,0
1744383980,gold-class-deploy-60-69766f7b86-dwh97_default,gold-controller-60,1.000000,0,average,1744380375,119,3,3605062,false,0.999966,-0.126007,119,3,3605062,0
1744383980,gold-class-deploy-64-7976cb5698-5zsdk_default,gold-controller-64,1.000000,0,average,1744380376,68,5,3604137,false,0.999980,-0.078469,68,5,3604137,0
1744383980,gold-class-deploy-66-868bc4f596-grg2x_default,gold-controller-66,1.000000,0,average,1744380376,766,5,3603737,false,0.999786,-0.776409,766,5,3603737,0
1744383980,gold-class-deploy-69-f9c54699f-jpxgr_default,gold-controller-69,1.000000,0,average,1744380377,268,3,3603363,false,0.999925,-0.275152,268,3,3603363,0
1744383980,gold-class-deploy-7-54d8f5d97f-rtb7w_default,gold-controller-7,1.000000,0,average,1744380363,968,4,3616737,false,0.999731,-0.977909,968,4,3616737,0
1744383980,gold-class-deploy-70-76b8594b69-rgp8p_default,gold-controller-70,1.000000,0,average,1744380377,619,5,3603110,false,0.999827,-0.630393,619,5,3603110,0
1744383980,gold-class-deploy-71-dddbb5476-nxqjd_default,gold-controller-71,1.000000,0,average,1744380377,718,4,3603037,false,0.999799,-0.728409,718,4,3603037,0
1744383980,gold-class-deploy-72-7d7ddb65c5-mv2hv_default,gold-controller-72,1.000000,0,average,1744380377,866,5,3602915,false,0.999758,-0.877764,866,5,3602915,0
1744383980,gold-class-deploy-74-5556bbddd9-m6985_default,gold-controller-74,1.000000,0,average,1744380378,266,4,3602539,false,0.999925,-0.275358,266,4,3602539,0
1744383980,gold-class-deploy-75-77fd46fd48-k5dsg_default,gold-controller-75,1.000000,0,average,1744380378,617,3,3602212,false,0.999828,-0.623477,617,3,3602212,0
1744383980,gold-class-deploy-79-54f7fcd88d-dr4hw_default,gold-controller-79,1.000000,0,average,1744380379,417,2,3601438,false,0.999883,-0.423174,417,2,3601438,0
1744383980,gold-class-deploy-81-84ff5cb85-v4c2s_default,gold-controller-81,1.000000,0,average,1744380380,216,6,3600659,false,0.999938,-0.230303,216,6,3600659,0
1744383980,gold-class-deploy-84-987b76656-7cptt_default,gold-controller-84,1.000000,0,average,1744380380,519,3,3600388,false,0.999855,-0.526770,519,3,3600388,0
1744383980,gold-class-deploy-85-5f8df8987c-fz69z_default,gold-controller-85,1.000000,0,average,1744380380,718,3,3600214,false,0.999800,-0.724639,718,3,3600214,0
1744383980,gold-class-deploy-86-6c45f47846-6525z_default,gold-controller-86,1.000000,0,average,1744380381,117,6,3599836,false,0.999966,-0.130130,117,6,3599836,0
1744383980,gold-class-deploy-9-d4b6748b5-7skdx_default,gold-controller-9,1.000000,0,average,1744380364,267,4,3616712,false,0.999925,-0.277415,267,4,3616712,0
1744383981,gold-class-deploy-91-665f9fc8d6-c9mx2_default,gold-controller-91,1.000000,0,average,1744380382,67,5,3598937,false,0.999980,-0.077780,67,5,3598937,0
1744383981,gold-class-deploy-92-79d6b8fd65-bdrlx_default,gold-controller-92,1.000000,0,average,1744380382,215,5,3598814,false,0.999939,-0.226723,215,5,3598814,0
1744383981,gold-class-deploy-93-759b76968d-4lxc8_default,gold-controller-93,1.000000,0,average,1744380382,466,4,3598589,false,0.999869,-0.476430,466,4,3598589,0
1744383981,gold-class-deploy-94-76d4df44ff-hwzvh_default,gold-controller-94,1.000000,0,average,1744380382,816,6,3598263,false,0.999771,-0.828963,816,6,3598263,0
1744383981,gold-class-deploy-97-f8f4b9896-nxf7t_default,gold-controller-97,1.000000,0,average,1744380383,268,4,3597836,false,0.999924,-0.278874,268,4,3597836,0
