1744395421,bronze-class-deploy-1-bcc6465f5-gz2ts_default,bronze-controller-1,0.500000,0,average,1744391822,998,7,3598333,false,0.999720,1798.655590,998,7,3598333,0
1744395421,bronze-class-deploy-100-7f7458f48c-6vj7h_default,bronze-controller-100,0.500000,0,average,1744391843,444,5,3577899,false,0.999874,1788.719556,444,5,3577899,0
1744395421,bronze-class-deploy-101-75dd58d8-xqfs6_default,bronze-controller-101,0.500000,0,average,1744391844,143,5,3577206,false,0.999958,1788.522959,143,5,3577206,0
1744395421,bronze-class-deploy-102-7c9b6b4f9c-txrrq_default,bronze-controller-102,0.500000,0,average,1744391844,193,5,3577161,false,0.999944,1788.476248,193,5,3577161,0
1744395421,bronze-class-deploy-103-5856d4fbc8-qv5zn_default,bronze-controller-103,0.500000,0,average,1744391844,394,2,3576974,false,0.999889,1788.286119,394,2,3576974,0
1744395421,bronze-class-deploy-104-66bfb57fdc-vtlcv_default,bronze-controller-104,0.500000,0,average,1744391844,590,4,3576776,false,0.999834,1788.086360,590,4,3576776,0
1744395421,bronze-class-deploy-106-7fbcdf48c7-5jglh_default,bronze-controller-106,0.500000,0,average,1744391845,89,4,3576287,false,0.999974,1788.091840,89,4,3576287,0
1744395421,bronze-class-deploy-109-7fcb97d896-fhvtc_default,bronze-controller-109,0.500000,0,average,1744391845,743,4,3576107,false,0.999791,1787.674551,743,4,3576107,0
1744395421,bronze-class-deploy-11-6c8f7f8488-nmzw9_default,bronze-controller-11,0.500000,0,average,1744391824,146,5,3597804,false,0.999958,1798.820744,146,5,3597804,0
1744395425,bronze-class-deploy-110-5846f6fcc8-q648k_default,bronze-controller-110,0.500000,0,average,1744391845,892,4,3579432,false,0.999749,1789.262699,892,4,3579432,0
1744395430,bronze-class-deploy-113-5b4d8c8f75-mnbs9_default,bronze-controller-113,0.500000,0,average,1744391846,543,6,3583731,false,0.999847,1791.584597,543,6,3583731,0
1744395430,bronze-class-deploy-114-6c96557646-pmj28_default,bronze-controller-114,0.500000,0,average,1744391846,740,5,3583559,false,0.999792,1791.400753,740,5,3583559,0
1744395430,bronze-class-deploy-116-7f54bbc996-pncfw_default,bronze-controller-116,0.500000,0,average,1744391847,140,4,3583186,false,0.999960,1791.515973,140,4,3583186,0
1744395430,bronze-class-deploy-118-5df75cc698-q2nmd_default,bronze-controller-118,0.500000,0,average,1744391847,539,4,3582834,false,0.999848,1791.140164,539,4,3582834,0
1744395430,bronze-class-deploy-12-58bdf8c7c9-5g9sd_default,bronze-controller-12,0.500000,0,average,1744391824,393,7,3606002,false,0.999889,1802.792365,393,7,3606002,0
1744395430,bronze-class-deploy-122-68bc999755-klhc5_default,bronze-controller-122,0.500000,0,average,1744391848,642,4,3581783,false,0.999819,1790.563862,642,4,3581783,0
1744395430,bronze-class-deploy-124-5b87668845-6sqxl_default,bronze-controller-124,0.500000,0,average,1744391848,942,2,3581689,false,0.999736,1790.369824,942,2,3581689,0
1744395430,bronze-class-deploy-127-59d8469656-6fhtj_default,bronze-controller-127,0.500000,0,average,1744391849,591,4,3581259,false,0.999834,1790.327857,591,4,3581259,0
1744395430,bronze-class-deploy-129-f55c6cd6-8d4t7_default,bronze-controller-129,0.500000,0,average,1744391849,942,2,3581010,false,0.999736,1790.029944,942,2,3581010,0
1744395430,bronze-class-deploy-13-698b8c4fc8-p6cnc_default,bronze-controller-13,0.500000,0,average,1744391824,545,3,3606431,false,0.999848,1802.938174,545,3,3606431,0
1744395431,bronze-class-deploy-132-698487d44b-zx7r8_default,bronze-controller-132,0.500000,0,average,1744391850,745,4,3580255,false,0.999790,1789.747888,745,4,3580255,0
1744395431,bronze-class-deploy-133-5b4c694d9c-nvtrp_default,bronze-controller-133,0.500000,0,average,1744391850,891,4,3580133,false,0.999750,1789.614045,891,4,3580133,0
1744395431,bronze-class-deploy-136-6bfd54cd94-tx6n6_default,bronze-controller-136,0.500000,0,average,1744391851,393,4,3579656,false,0.999889,1789.624704,393,4,3579656,0
1744395431,bronze-class-deploy-137-b7bf7fc77-c2xb6_default,bronze-controller-137,0.500000,0,average,1744391851,742,2,3579338,false,0.999792,1789.294034,742,2,3579338,0
1744395431,bronze-class-deploy-139-8665f4d9d7-vjtw9_default,bronze-controller-139,0.500000,0,average,1744391852,142,2,3578958,false,0.999959,1789.403799,142,2,3578958,0
1744395431,bronze-class-deploy-140-677b77d775-5vmxj_default,bronze-controller-140,0.500000,0,average,1744391852,190,4,3578958,false,0.999945,1789.376903,190,4,3578958,0
1744395431,bronze-class-deploy-141-64d9d9ffb4-mkglv_default,bronze-controller-141,0.500000,0,average,1744391852,841,6,3578330,false,0.999763,1788.735087,841,6,3578330,0
1744395431,bronze-class-deploy-142-856fd4bb69-hg95h_default,bronze-controller-142,0.500000,0,average,1744391852,944,4,3578254,false,0.999735,1788.647189,944,4,3578254,0
1744395431,bronze-class-deploy-143-59d5fd7c54-gqphk_default,bronze-controller-143,0.500000,0,average,1744391853,44,2,3578182,false,0.999987,1789.065050,44,2,3578182,0
1744395431,bronze-class-deploy-144-6f4dbc6bc5-d52fw_default,bronze-controller-144,0.500000,0,average,1744391853,242,4,3578007,false,0.999931,1788.874955,242,4,3578007,0
1744395431,bronze-class-deploy-150-858fb97c58-7j6rn_default,bronze-controller-150,0.500000,0,average,1744391854,639,4,3576637,false,0.999820,1787.991784,639,4,3576637,0
1744395431,bronze-class-deploy-151-7674655d8f-jlwl8_default,bronze-controller-151,0.500000,0,average,1744391854,842,4,3576459,false,0.999763,1787.801383,842,4,3576459,0
1744395431,bronze-class-deploy-152-66f4d7f6fb-jh7mx_default,bronze-controller-152,0.500000,0,average,1744391855,40,4,3576286,false,0.999987,1788.115402,40,4,3576286,0
1744395431,bronze-class-deploy-153-6557d655ff-mt2r7_default,bronze-controller-153,0.500000,0,average,1744391855,93,2,3576285,false,0.999973,1788.091959,93,2,3576285,0
1744395431,bronze-class-deploy-154-5cc94ccb74-wgf55_default,bronze-controller-154,0.500000,0,average,1744391855,392,4,3576008,false,0.999889,1787.801297,392,4,3576008,0
1744395431,bronze-class-deploy-155-76ff5d94bf-5mw5x_default,bronze-controller-155,0.500000,0,average,1744391855,693,6,3575730,false,0.999804,1787.507899,693,6,3575730,0
1744395431,bronze-class-deploy-156-6db8cbb96-pcfk7_default,bronze-controller-156,0.500000,0,average,1744391855,893,2,3575734,false,0.999749,1787.416309,893,2,3575734,0
1744395431,bronze-class-deploy-157-96fb4b5cf-s7hn5_default,bronze-controller-157,0.500000,0,average,1744391856,93,2,3575759,false,0.999973,1787.828795,93,2,3575759,0
1744395431,bronze-class-deploy-161-6db7dccd6b-gzgvr_default,bronze-controller-161,0.500000,0,average,1744391857,242,6,3574706,false,0.999930,1787.222578,242,6,3574706,0
1744395431,bronze-class-deploy-162-7b769cc59-jsgsh_default,bronze-controller-162,0.500000,0,average,1744391857,344,5,3574630,false,0.999902,1787.135072,344,5,3574630,0
1744395432,bronze-class-deploy-166-7995d4c9f-sspkn_default,bronze-controller-166,0.500000,0,average,1744391858,143,7,3573855,false,0.999958,1786.845244,143,7,3573855,0
1744395432,bronze-class-deploy-168-5b98dc56d5-7k2lr_default,bronze-controller-168,0.500000,0,average,1744391858,542,5,3573482,false,0.999847,1786.462277,542,5,3573482,0
1744395432,bronze-class-deploy-171-599cc5bd7-h5z7x_default,bronze-controller-171,0.500000,0,average,1744391859,89,4,3572961,false,0.999974,1786.429397,89,4,3572961,0
1744395432,bronze-class-deploy-173-6d77d9d6f-s8n4p_default,bronze-controller-173,0.500000,0,average,1744391859,542,4,3572533,false,0.999847,1785.988803,542,4,3572533,0
1744395432,bronze-class-deploy-175-798f7c8fd7-c6csh_default,bronze-controller-175,0.500000,0,average,1744391860,94,5,3572009,false,0.999972,1785.949778,94,5,3572009,0
1744395432,bronze-class-deploy-179-6669cf4567-z9hlc_default,bronze-controller-179,0.500000,0,average,1744391860,844,4,3571306,false,0.999762,1785.224073,844,4,3571306,0
1744395432,bronze-class-deploy-2-6b75d47b6-l479d_default,bronze-controller-2,0.500000,0,average,1744391823,87,7,3609086,false,0.999974,1804.488321,87,7,3609086,0
1744395432,bronze-class-deploy-20-6f4ff875d4-lb476_default,bronze-controller-20,0.500000,0,average,1744391826,145,4,3606054,false,0.999958,1802.947430,145,4,3606054,0
1744395432,bronze-class-deploy-30-7b44f7f779-k8mqv_default,bronze-controller-30,0.500000,0,average,1744391828,393,2,3603835,false,0.999890,1801.717851,393,2,3603835,0
1744395432,bronze-class-deploy-32-5b98fc599c-lcmrv_default,bronze-controller-32,0.500000,0,average,1744391828,945,5,3603303,false,0.999736,1801.171156,945,5,3603303,0
1744395432,bronze-class-deploy-33-6974966ff6-tktgv_default,bronze-controller-33,0.500000,0,average,1744391829,43,2,3603233,false,0.999987,1801.590607,43,2,3603233,0
1744395432,bronze-class-deploy-35-76cc9664cd-cbbr2_default,bronze-controller-35,0.500000,0,average,1744391829,344,3,3602956,false,0.999904,1801.301435,344,3,3602956,0
1744395432,bronze-class-deploy-38-78cfff8b4c-rx62r_default,bronze-controller-38,0.500000,0,average,1744391830,92,3,3602232,false,0.999973,1801.065380,92,3,3602232,0
1744395432,bronze-class-deploy-42-54bd89c684-rc8kx_default,bronze-controller-42,0.500000,0,average,1744391831,144,5,3601229,false,0.999958,1800.534984,144,5,3601229,0
1744395432,bronze-class-deploy-46-795866b848-7sdhn_default,bronze-controller-46,0.500000,0,average,1744391831,944,4,3600455,false,0.999736,1799.748088,944,4,3600455,0
1744395432,bronze-class-deploy-49-bc7b4669f-g2tnq_default,bronze-controller-49,0.500000,0,average,1744391832,442,2,3599986,false,0.999876,1799.767811,442,2,3599986,0
1744395432,bronze-class-deploy-50-f4d77c77c-wz6qp_default,bronze-controller-50,0.500000,0,average,1744391832,790,5,3599835,false,0.999779,1799.514681,790,5,3599835,0
1744395432,bronze-class-deploy-55-5597c74d7b-x44zj_default,bronze-controller-55,0.500000,0,average,1744391833,942,6,3598906,false,0.999736,1798.972753,942,6,3598906,0
1744395432,bronze-class-deploy-59-84457f5cb4-stbsz_default,bronze-controller-59,0.500000,0,average,1744391834,543,4,3598405,false,0.999848,1798.923753,543,4,3598405,0
1744395432,bronze-class-deploy-61-76d4c56677-ptz98_default,bronze-controller-61,0.500000,0,average,1744391835,346,7,3597624,false,0.999901,1798.627299,346,7,3597624,0
1744395433,bronze-class-deploy-62-58fb57d586-vh7cc_default,bronze-controller-62,0.500000,0,average,1744391835,540,4,3597460,false,0.999848,1798.452622,540,4,3597460,0
1744395433,bronze-class-deploy-66-695885558b-447gj_default,bronze-controller-66,0.500000,0,average,1744391836,392,4,3596633,false,0.999890,1798.113540,392,4,3596633,0
1744395433,bronze-class-deploy-67-77b5696f67-hv2lw_default,bronze-controller-67,0.500000,0,average,1744391836,540,4,3596511,false,0.999849,1797.978303,540,4,3596511,0
1744395433,bronze-class-deploy-68-6cbf9997f6-l7ldw_default,bronze-controller-68,0.500000,0,average,1744391836,642,2,3596435,false,0.999821,1797.892610,642,2,3596435,0
1744395433,bronze-class-deploy-69-6b84c67485-mbkwr_default,bronze-controller-69,0.500000,0,average,1744391836,990,5,3596109,false,0.999723,1797.551494,990,5,3596109,0
1744395433,bronze-class-deploy-7-7ffffcf49-cgmls_default,bronze-controller-7,0.500000,0,average,1744391823,594,5,3609556,false,0.999834,1804.471988,594,5,3609556,0
1744395433,bronze-class-deploy-74-747f4b47d7-p8n8c_default,bronze-controller-74,0.500000,0,average,1744391838,40,4,3595134,false,0.999987,1797.539678,40,4,3595134,0
1744395433,bronze-class-deploy-75-86d9b78dbb-hrq92_default,bronze-controller-75,0.500000,0,average,1744391838,293,3,3594908,false,0.999918,1797.302866,293,3,3594908,0
1744395433,bronze-class-deploy-77-84dcf6b7d8-8sj5n_default,bronze-controller-77,0.500000,0,average,1744391838,492,2,3594737,false,0.999862,1797.117895,492,2,3594737,0
1744395433,bronze-class-deploy-78-85795745c5-prddr_default,bronze-controller-78,0.500000,0,average,1744391838,942,4,3594308,false,0.999737,1796.676084,942,4,3594308,0
1744395433,bronze-class-deploy-79-54474c84b-gr9f2_default,bronze-controller-79,0.500000,0,average,1744391839,192,2,3594085,false,0.999946,1796.942350,192,2,3594085,0
1744395433,bronze-class-deploy-80-66497775f8-vmdrl_default,bronze-controller-80,0.500000,0,average,1744391839,244,5,3594056,false,0.999931,1796.898371,244,5,3594056,0
1744395433,bronze-class-deploy-84-5dddbc6794-7hrrn_default,bronze-controller-84,0.500000,0,average,1744391840,190,4,3593133,false,0.999946,1796.464083,190,4,3593133,0
1744395433,bronze-class-deploy-86-85bdfcbf64-mc7p7_default,bronze-controller-86,0.500000,0,average,1744391840,843,6,3592528,false,0.999763,1795.833060,843,6,3592528,0
1744395433,bronze-class-deploy-88-976fbdc4b-fddwz_default,bronze-controller-88,0.500000,0,average,1744391841,93,2,3592309,false,0.999973,1796.103727,93,2,3592309,0
1744395433,bronze-class-deploy-9-75b7b9d4c5-ggwsv_default,bronze-controller-9,0.500000,0,average,1744391823,896,5,3609531,false,0.999750,1804.309462,896,5,3609531,0
1744395433,bronze-class-deploy-90-5f5c6857b9-w6z8d_default,bronze-controller-90,0.500000,0,average,1744391841,390,5,3592234,false,0.999890,1795.914208,390,5,3592234,0
1744395433,bronze-class-deploy-91-6f798797d4-v7xgp_default,bronze-controller-91,0.500000,0,average,1744391841,842,4,3592008,false,0.999764,1795.575961,842,4,3592008,0
1744395433,bronze-class-deploy-96-669df4f9b7-v6xdn_default,bronze-controller-96,0.500000,0,average,1744391842,891,5,3591058,false,0.999750,1795.075559,891,5,3591058,0
1744395433,bronze-class-deploy-99-7ffbf874d8-q7flt_default,bronze-controller-99,0.500000,0,average,1744391843,340,5,3590635,false,0.999904,1795.139950,340,5,3590635,0
1744395434,gold-class-deploy-10-f7899dcbc-92z96_default,gold-controller-10,1.000000,0,average,1744391824,46,5,3609954,false,0.999986,-0.057089,46,5,3609954,0
1744395434,gold-class-deploy-105-75779685bb-4bdbs_default,gold-controller-105,1.000000,0,average,1744391844,893,4,3589132,false,0.999750,-0.903309,893,4,3589132,0
1744395434,gold-class-deploy-107-7749fb8dd-8vk5s_default,gold-controller-107,1.000000,0,average,1744391845,194,3,3588858,false,0.999945,-0.200459,194,3,3588858,0
1744395434,gold-class-deploy-108-6cb8869f85-f2g6q_default,gold-controller-108,1.000000,0,average,1744391845,393,4,3588683,false,0.999889,-0.403190,393,4,3588683,0
1744395434,gold-class-deploy-111-b94c886c-w64ct_default,gold-controller-111,1.000000,0,average,1744391846,91,4,3588009,false,0.999973,-0.101100,91,4,3588009,0
1744395434,gold-class-deploy-112-85d9cdcbb6-j9n8k_default,gold-controller-112,1.000000,0,average,1744391846,291,4,3587859,false,0.999917,-0.301647,291,4,3587859,0
1744395434,gold-class-deploy-115-59f8989987-zvjlt_default,gold-controller-115,1.000000,0,average,1744391846,945,2,3587231,false,0.999736,-0.950952,945,2,3587231,0
1744395434,gold-class-deploy-117-589f4697c-nz6kp_default,gold-controller-117,1.000000,0,average,1744391847,291,2,3586911,false,0.999918,-0.297372,291,2,3586911,0
1744395434,gold-class-deploy-119-5fbcc6799-2pcfb_default,gold-controller-119,1.000000,0,average,1744391847,692,2,3586535,false,0.999806,-0.697642,692,2,3586535,0
1744395434,gold-class-deploy-120-7c89b7ff6c-zfwdf_default,gold-controller-120,1.000000,0,average,1744391847,943,4,3586307,false,0.999736,-0.953415,943,4,3586307,0
1744395434,gold-class-deploy-121-9896bb668-bs5l8_default,gold-controller-121,1.000000,0,average,1744391848,491,5,3585783,false,0.999861,-0.501909,491,5,3585783,0
1744395434,gold-class-deploy-123-7df45ddcf4-dbmp8_default,gold-controller-123,1.000000,0,average,1744391848,793,2,3585509,false,0.999778,-0.799127,793,2,3585509,0
1744395434,gold-class-deploy-125-7d98df66b4-klbhb_default,gold-controller-125,1.000000,0,average,1744391849,142,4,3585181,false,0.999959,-0.151610,142,4,3585181,0
1744395434,gold-class-deploy-126-64b78db789-fcd7v_default,gold-controller-126,1.000000,0,average,1744391849,391,5,3584981,false,0.999889,-0.402007,391,5,3584981,0
1744395434,gold-class-deploy-128-77d77d9bcf-644gl_default,gold-controller-128,1.000000,0,average,1744391849,742,2,3584658,false,0.999792,-0.747749,742,2,3584658,0
1744395434,gold-class-deploy-130-69997dc68b-cxtps_default,gold-controller-130,1.000000,0,average,1744391850,140,4,3584284,false,0.999960,-0.150095,140,4,3584284,0
1744395434,gold-class-deploy-131-7dbd6cbdfc-nshp6_default,gold-controller-131,1.000000,0,average,1744391850,391,2,3584236,false,0.999890,-0.397398,391,2,3584236,0
1744395434,gold-class-deploy-134-56c7659486-pfdsd_default,gold-controller-134,1.000000,0,average,1744391851,141,2,3583709,false,0.999960,-0.147574,141,2,3583709,0
1744395434,gold-class-deploy-135-58868c4649-htmd8_default,gold-controller-135,1.000000,0,average,1744391851,293,4,3583655,false,0.999917,-0.302517,293,4,3583655,0
1744395434,gold-class-deploy-138-dcd58fc46-456xb_default,gold-controller-138,1.000000,0,average,1744391851,792,2,3583185,false,0.999778,-0.797130,792,2,3583185,0
1744395435,gold-class-deploy-14-785f7fd49f-k247r_default,gold-controller-14,1.000000,0,average,1744391824,792,4,3610208,false,0.999779,-0.802079,792,4,3610208,0
1744395435,gold-class-deploy-145-7dc655f8f4-rztmh_default,gold-controller-145,1.000000,0,average,1744391853,644,4,3581381,false,0.999819,-0.654537,644,4,3581381,0
1744395435,gold-class-deploy-146-67d5c58f47-zkvwx_default,gold-controller-146,1.000000,0,average,1744391853,891,7,3581156,false,0.999749,-0.906434,891,7,3581156,0
1744395435,gold-class-deploy-147-65b7c9b9c6-jdgrl_default,gold-controller-147,1.000000,0,average,1744391854,42,3,3581034,false,0.999987,-0.049542,42,3,3581034,0
1744395435,gold-class-deploy-148-695b84db9-fnfqh_default,gold-controller-148,1.000000,0,average,1744391854,192,4,3580908,false,0.999945,-0.201968,192,4,3580908,0
1744395435,gold-class-deploy-149-7cd7d57bcd-wwcw4_default,gold-controller-149,1.000000,0,average,1744391854,290,4,3580861,false,0.999918,-0.299877,290,4,3580861,0
1744395435,gold-class-deploy-15-ff5b9db66-52jdl_default,gold-controller-15,1.000000,0,average,1744391825,42,6,3610131,false,0.999986,-0.056027,42,6,3610131,0
1744395435,gold-class-deploy-158-ddd969956-ndnz7_default,gold-controller-158,1.000000,0,average,1744391856,290,4,3578910,false,0.999918,-0.300088,290,4,3578910,0
1744395435,gold-class-deploy-159-6d8f8d57c9-4vrzb_default,gold-controller-159,1.000000,0,average,1744391856,492,4,3578733,false,0.999861,-0.501710,492,4,3578733,0
1744395435,gold-class-deploy-16-66fc66dd5-h2spm_default,gold-controller-16,1.000000,0,average,1744391825,242,2,3610011,false,0.999932,-0.247341,242,2,3610011,0
1744395435,gold-class-deploy-160-54db7dc8c9-l2vrf_default,gold-controller-160,1.000000,0,average,1744391856,642,2,3578635,false,0.999820,-0.647633,642,2,3578635,0
1744395435,gold-class-deploy-163-5d5c958bc8-tw8wc_default,gold-controller-163,1.000000,0,average,1744391857,392,4,3577909,false,0.999889,-0.400850,392,4,3577909,0
1744395435,gold-class-deploy-164-56b69cbfc9-mtmvv_default,gold-controller-164,1.000000,0,average,1744391857,542,2,3577785,false,0.999848,-0.547712,542,2,3577785,0
1744395435,gold-class-deploy-165-8768ddd44-zm72k_default,gold-controller-165,1.000000,0,average,1744391857,792,4,3577582,false,0.999777,-0.802327,792,4,3577582,0
1744395435,gold-class-deploy-167-5775bdcf94-kml74_default,gold-controller-167,1.000000,0,average,1744391858,344,2,3577059,false,0.999903,-0.349397,344,2,3577059,0
1744395435,gold-class-deploy-169-68875796b4-jzs64_default,gold-controller-169,1.000000,0,average,1744391858,742,2,3576683,false,0.999792,-0.748140,742,2,3576683,0
1744395435,gold-class-deploy-17-67b99c46f6-ncll8_default,gold-controller-17,1.000000,0,average,1744391825,391,4,3610231,false,0.999890,-0.401434,391,4,3610231,0
1744395435,gold-class-deploy-170-7964d56566-hrrm5_default,gold-controller-170,1.000000,0,average,1744391858,939,4,3576909,false,0.999736,-0.948956,939,4,3576909,0
1744395435,gold-class-deploy-172-58f79b8b8-6pngq_default,gold-controller-172,1.000000,0,average,1744391859,293,2,3576660,false,0.999917,-0.298599,293,2,3576660,0
1744395435,gold-class-deploy-174-5f5df76d66-lw5z2_default,gold-controller-174,1.000000,0,average,1744391859,694,4,3576279,false,0.999804,-0.704379,694,4,3576279,0
1744395436,gold-class-deploy-176-759d4f5c9b-8qbd8_default,gold-controller-176,1.000000,0,average,1744391860,192,2,3575808,false,0.999945,-0.197806,192,2,3575808,0
1744395436,gold-class-deploy-177-68977c6bc5-fhmpw_default,gold-controller-177,1.000000,0,average,1744391860,391,4,3575631,false,0.999889,-0.401378,391,4,3575631,0
1744395436,gold-class-deploy-178-7dcf7bfdc8-nmjdx_default,gold-controller-178,1.000000,0,average,1744391860,592,4,3575456,false,0.999833,-0.601820,592,4,3575456,0
1744395436,gold-class-deploy-18-69d97f54cf-vzczq_default,gold-controller-18,1.000000,0,average,1744391825,695,4,3610381,false,0.999806,-0.705227,695,4,3610381,0
1744395436,gold-class-deploy-180-7d5d46cb49-s8dsz_default,gold-controller-180,1.000000,0,average,1744391861,42,4,3575058,false,0.999987,-0.052295,42,4,3575058,0
1744395436,gold-class-deploy-19-9659785c4-gnmrb_default,gold-controller-19,1.000000,0,average,1744391825,843,5,3610307,false,0.999765,-0.853225,843,5,3610307,0
1744395436,gold-class-deploy-21-7bcd7cc8c9-5x75g_default,gold-controller-21,1.000000,0,average,1744391826,643,7,3609530,false,0.999820,-0.657538,643,7,3609530,0
1744395436,gold-class-deploy-22-86cc849f6-swsfp_default,gold-controller-22,1.000000,0,average,1744391826,843,7,3609355,false,0.999764,-0.858463,843,7,3609355,0
1744395436,gold-class-deploy-23-d74984d7c-fz5lm_default,gold-controller-23,1.000000,0,average,1744391827,44,5,3609181,false,0.999986,-0.054503,44,5,3609181,0
1744395436,gold-class-deploy-24-56889c897d-tnxzm_default,gold-controller-24,1.000000,0,average,1744391827,94,4,3609157,false,0.999973,-0.102812,94,4,3609157,0
1744395436,gold-class-deploy-25-86d8b6b59-zpjsw_default,gold-controller-25,1.000000,0,average,1744391827,243,5,3609031,false,0.999931,-0.255204,243,5,3609031,0
1744395436,gold-class-deploy-26-85d56879dd-hz9d4_default,gold-controller-26,1.000000,0,average,1744391827,544,5,3608756,false,0.999848,-0.555367,544,5,3608756,0
1744395436,gold-class-deploy-27-895577f57-rf2fk_default,gold-controller-27,1.000000,0,average,1744391827,943,5,3608381,false,0.999737,-0.954369,943,5,3608381,0
1744395436,gold-class-deploy-28-6bb64f9fd-xxg96_default,gold-controller-28,1.000000,0,average,1744391828,42,4,3608333,false,0.999987,-0.052427,42,4,3608333,0
1744395436,gold-class-deploy-29-677bc9654c-lbb4t_default,gold-controller-29,1.000000,0,average,1744391828,189,4,3608212,false,0.999946,-0.199589,189,4,3608212,0
1744395436,gold-class-deploy-3-844cb96499-dnqkl_default,gold-controller-3,1.000000,0,average,1744391823,177,7,3613247,false,0.999949,-0.192860,177,7,3613247,0
1744395436,gold-class-deploy-31-746b569664-jf5bs_default,gold-controller-31,1.000000,0,average,1744391828,593,5,3608031,false,0.999834,-0.604054,593,5,3608031,0
1744395436,gold-class-deploy-34-5fbb8d94fc-2fkvz_default,gold-controller-34,1.000000,0,average,1744391829,243,3,3607609,false,0.999932,-0.249930,243,3,3607609,0
1744395436,gold-class-deploy-36-77b999fdc9-q8m6b_default,gold-controller-36,1.000000,0,average,1744391829,493,3,3607459,false,0.999862,-0.500478,493,3,3607459,0
1744395436,gold-class-deploy-37-c455f7646-vb5wq_default,gold-controller-37,1.000000,0,average,1744391829,893,3,3607084,false,0.999751,-0.900130,893,3,3607084,0
1744395437,gold-class-deploy-39-76f74ff58d-nj9pc_default,gold-controller-39,1.000000,0,average,1744391830,144,3,3606858,false,0.999959,-0.150952,144,3,3606858,0
1744395437,gold-class-deploy-4-9d74457bb-lhtj6_default,gold-controller-4,1.000000,0,average,1744391823,269,5,3613756,false,0.999924,-0.280427,269,5,3613756,0
1744395437,gold-class-deploy-40-69c4d758bd-kms6n_default,gold-controller-40,1.000000,0,average,1744391830,392,4,3606658,false,0.999890,-0.402423,392,4,3606658,0
1744395437,gold-class-deploy-41-77db5887c-q8s59_default,gold-controller-41,1.000000,0,average,1744391831,41,6,3606032,false,0.999986,-0.055713,41,6,3606032,0
1744395437,gold-class-deploy-43-5749cd797f-jnh8v_default,gold-controller-43,1.000000,0,average,1744391831,293,5,3605807,false,0.999917,-0.304057,293,5,3605807,0
1744395437,gold-class-deploy-44-6787dbc45b-dsm9w_default,gold-controller-44,1.000000,0,average,1744391831,443,3,3605709,false,0.999876,-0.449749,443,3,3605709,0
1744395437,gold-class-deploy-45-55784d9b8f-vk45x_default,gold-controller-45,1.000000,0,average,1744391831,847,5,3605327,false,0.999763,-0.858568,847,5,3605327,0
1744395437,gold-class-deploy-47-68f98b9995-sq2d5_default,gold-controller-47,1.000000,0,average,1744391832,197,5,3605003,false,0.999944,-0.208027,197,5,3605003,0
1744395437,gold-class-deploy-48-5b68f895dd-mjvpx_default,gold-controller-48,1.000000,0,average,1744391832,340,4,3604884,false,0.999904,-0.350280,340,4,3604884,0
1744395437,gold-class-deploy-5-84f47c7989-h4tsq_default,gold-controller-5,1.000000,0,average,1744391823,358,4,3613890,false,0.999899,-0.367982,358,4,3613890,0
1744395437,gold-class-deploy-51-7f44957d58-jhf62_default,gold-controller-51,1.000000,0,average,1744391832,943,5,3604332,false,0.999737,-0.954160,943,5,3604332,0
1744395437,gold-class-deploy-52-76c49db89c-bsq5s_default,gold-controller-52,1.000000,0,average,1744391833,141,4,3604158,false,0.999959,-0.151439,141,4,3604158,0
1744395437,gold-class-deploy-53-f4d597c44-cr66m_default,gold-controller-53,1.000000,0,average,1744391833,494,5,3603829,false,0.999861,-0.506019,494,5,3603829,0
1744395437,gold-class-deploy-54-7bc678bc55-7dm6r_default,gold-controller-54,1.000000,0,average,1744391833,590,6,3603784,false,0.999835,-0.602214,590,6,3603784,0
1744395437,gold-class-deploy-56-6f94856969-4xvb9_default,gold-controller-56,1.000000,0,average,1744391834,42,5,3603358,false,0.999987,-0.052272,42,5,3603358,0
1744395437,gold-class-deploy-57-6b7b458d84-6vzc5_default,gold-controller-57,1.000000,0,average,1744391834,343,5,3603083,false,0.999903,-0.354591,343,5,3603083,0
1744395437,gold-class-deploy-58-5b8df9585f-dwv7x_default,gold-controller-58,1.000000,0,average,1744391834,492,2,3603135,false,0.999862,-0.498555,492,2,3603135,0
1744395437,gold-class-deploy-6-6cb759d8d-vxl75_default,gold-controller-6,1.000000,0,average,1744391823,449,4,3614402,false,0.999875,-0.457690,449,4,3614402,0
1744395437,gold-class-deploy-60-69766f7b86-qjdf6_default,gold-controller-60,1.000000,0,average,1744391834,944,4,3603006,false,0.999736,-0.954637,944,4,3603006,0
1744395437,gold-class-deploy-63-85fbfc4749-m6wcf_default,gold-controller-63,1.000000,0,average,1744391835,640,5,3602334,false,0.999821,-0.651523,640,5,3602334,0
1744395438,gold-class-deploy-64-7976cb5698-kp64t_default,gold-controller-64,1.000000,0,average,1744391835,791,5,3602208,false,0.999779,-0.801675,791,5,3602208,0
1744395438,gold-class-deploy-65-5bbff45f99-cbxn9_default,gold-controller-65,1.000000,0,average,1744391836,190,4,3601834,false,0.999946,-0.200367,190,4,3601834,0
1744395438,gold-class-deploy-70-76b8594b69-zg2tw_default,gold-controller-70,1.000000,0,average,1744391837,193,3,3600857,false,0.999946,-0.199317,193,3,3600857,0
1744395438,gold-class-deploy-71-dddbb5476-kmb2n_default,gold-controller-71,1.000000,0,average,1744391837,392,5,3600681,false,0.999890,-0.402725,392,5,3600681,0
1744395438,gold-class-deploy-72-7d7ddb65c5-mj2c5_default,gold-controller-72,1.000000,0,average,1744391837,443,5,3600654,false,0.999875,-0.454079,443,5,3600654,0
1744395438,gold-class-deploy-73-85fd778dd6-wvgsx_default,gold-controller-73,1.000000,0,average,1744391837,590,5,3600560,false,0.999835,-0.600778,590,5,3600560,0
1744395438,gold-class-deploy-76-6698bbf5ff-m9j77_default,gold-controller-76,1.000000,0,average,1744391838,345,4,3599831,false,0.999903,-0.354407,345,4,3599831,0
1744395438,gold-class-deploy-8-85ddb8bb5d-4kfht_default,gold-controller-8,1.000000,0,average,1744391823,794,6,3614405,false,0.999778,-0.807708,794,6,3614405,0
1744395438,gold-class-deploy-81-84ff5cb85-twj5j_default,gold-controller-81,1.000000,0,average,1744391839,743,5,3598482,false,0.999792,-0.754604,743,5,3598482,0
1744395438,gold-class-deploy-82-6b9b4894f8-kc749_default,gold-controller-82,1.000000,0,average,1744391839,944,4,3598307,false,0.999736,-0.953837,944,4,3598307,0
1744395438,gold-class-deploy-83-77cb6d6667-vrkft_default,gold-controller-83,1.000000,0,average,1744391840,92,5,3598183,false,0.999973,-0.102795,92,5,3598183,0
1744395438,gold-class-deploy-85-5f8df8987c-rp67r_default,gold-controller-85,1.000000,0,average,1744391840,340,5,3597959,false,0.999904,-0.351562,340,5,3597959,0
1744395438,gold-class-deploy-87-568b65645f-9g956_default,gold-controller-87,1.000000,0,average,1744391840,992,2,3597335,false,0.999723,-0.998517,992,2,3597335,0
1744395438,gold-class-deploy-89-755b9cc65c-klpll_default,gold-controller-89,1.000000,0,average,1744391841,243,4,3597132,false,0.999931,-0.253368,243,4,3597132,0
1744395438,gold-class-deploy-92-79d6b8fd65-npwkq_default,gold-controller-92,1.000000,0,average,1744391842,42,4,3596358,false,0.999987,-0.051853,42,4,3596358,0
1744395438,gold-class-deploy-93-759b76968d-h65cz_default,gold-controller-93,1.000000,0,average,1744391842,190,4,3596236,false,0.999946,-0.199748,190,4,3596236,0
1744395438,gold-class-deploy-94-76d4df44ff-g8xgn_default,gold-controller-94,1.000000,0,average,1744391842,289,4,3596211,false,0.999918,-0.299532,289,4,3596211,0
1744395438,gold-class-deploy-95-649d55cd74-gj856_default,gold-controller-95,1.000000,0,average,1744391842,440,4,3596085,false,0.999876,-0.450438,440,4,3596085,0
1744395438,gold-class-deploy-97-f8f4b9896-xpbtl_default,gold-controller-97,1.000000,0,average,1744391843,91,4,3595459,false,0.999973,-0.101401,91,4,3595459,0
1744395438,gold-class-deploy-98-6d96fb87bc-hc79k_default,gold-controller-98,1.000000,0,average,1744391843,193,4,3595382,false,0.999945,-0.203752,193,4,3595382,0
